Archive member included to satisfy reference by file (symbol)

c:/intelfpga_lite/18.1/nios2eds/bin/gnu/h-x86_64-mingw32/bin/../lib/gcc/nios2-elf/5.3.0/../../../../../H-x86_64-mingw32/nios2-elf/lib\libc.a(lib_a-printf.o)
                              obj/default/main.o (printf)
c:/intelfpga_lite/18.1/nios2eds/bin/gnu/h-x86_64-mingw32/bin/../lib/gcc/nios2-elf/5.3.0/../../../../../H-x86_64-mingw32/nios2-elf/lib\libc.a(lib_a-vfprintf.o)
                              c:/intelfpga_lite/18.1/nios2eds/bin/gnu/h-x86_64-mingw32/bin/../lib/gcc/nios2-elf/5.3.0/../../../../../H-x86_64-mingw32/nios2-elf/lib\libc.a(lib_a-printf.o) (___vfprintf_internal_r)
c:/intelfpga_lite/18.1/nios2eds/bin/gnu/h-x86_64-mingw32/bin/../lib/gcc/nios2-elf/5.3.0/../../../../../H-x86_64-mingw32/nios2-elf/lib\libc.a(lib_a-wsetup.o)
                              c:/intelfpga_lite/18.1/nios2eds/bin/gnu/h-x86_64-mingw32/bin/../lib/gcc/nios2-elf/5.3.0/../../../../../H-x86_64-mingw32/nios2-elf/lib\libc.a(lib_a-vfprintf.o) (__swsetup_r)
c:/intelfpga_lite/18.1/nios2eds/bin/gnu/h-x86_64-mingw32/bin/../lib/gcc/nios2-elf/5.3.0/../../../../../H-x86_64-mingw32/nios2-elf/lib\libc.a(lib_a-dtoa.o)
                              c:/intelfpga_lite/18.1/nios2eds/bin/gnu/h-x86_64-mingw32/bin/../lib/gcc/nios2-elf/5.3.0/../../../../../H-x86_64-mingw32/nios2-elf/lib\libc.a(lib_a-vfprintf.o) (_dtoa_r)
c:/intelfpga_lite/18.1/nios2eds/bin/gnu/h-x86_64-mingw32/bin/../lib/gcc/nios2-elf/5.3.0/../../../../../H-x86_64-mingw32/nios2-elf/lib\libc.a(lib_a-fflush.o)
                              c:/intelfpga_lite/18.1/nios2eds/bin/gnu/h-x86_64-mingw32/bin/../lib/gcc/nios2-elf/5.3.0/../../../../../H-x86_64-mingw32/nios2-elf/lib\libc.a(lib_a-vfprintf.o) (_fflush_r)
c:/intelfpga_lite/18.1/nios2eds/bin/gnu/h-x86_64-mingw32/bin/../lib/gcc/nios2-elf/5.3.0/../../../../../H-x86_64-mingw32/nios2-elf/lib\libc.a(lib_a-findfp.o)
                              c:/intelfpga_lite/18.1/nios2eds/bin/gnu/h-x86_64-mingw32/bin/../lib/gcc/nios2-elf/5.3.0/../../../../../H-x86_64-mingw32/nios2-elf/lib\libc.a(lib_a-vfprintf.o) (__sinit)
c:/intelfpga_lite/18.1/nios2eds/bin/gnu/h-x86_64-mingw32/bin/../lib/gcc/nios2-elf/5.3.0/../../../../../H-x86_64-mingw32/nios2-elf/lib\libc.a(lib_a-freer.o)
                              c:/intelfpga_lite/18.1/nios2eds/bin/gnu/h-x86_64-mingw32/bin/../lib/gcc/nios2-elf/5.3.0/../../../../../H-x86_64-mingw32/nios2-elf/lib\libc.a(lib_a-wsetup.o) (_free_r)
c:/intelfpga_lite/18.1/nios2eds/bin/gnu/h-x86_64-mingw32/bin/../lib/gcc/nios2-elf/5.3.0/../../../../../H-x86_64-mingw32/nios2-elf/lib\libc.a(lib_a-fwalk.o)
                              c:/intelfpga_lite/18.1/nios2eds/bin/gnu/h-x86_64-mingw32/bin/../lib/gcc/nios2-elf/5.3.0/../../../../../H-x86_64-mingw32/nios2-elf/lib\libc.a(lib_a-findfp.o) (_fwalk)
c:/intelfpga_lite/18.1/nios2eds/bin/gnu/h-x86_64-mingw32/bin/../lib/gcc/nios2-elf/5.3.0/../../../../../H-x86_64-mingw32/nios2-elf/lib\libc.a(lib_a-impure.o)
                              c:/intelfpga_lite/18.1/nios2eds/bin/gnu/h-x86_64-mingw32/bin/../lib/gcc/nios2-elf/5.3.0/../../../../../H-x86_64-mingw32/nios2-elf/lib\libc.a(lib_a-fflush.o) (_global_impure_ptr)
c:/intelfpga_lite/18.1/nios2eds/bin/gnu/h-x86_64-mingw32/bin/../lib/gcc/nios2-elf/5.3.0/../../../../../H-x86_64-mingw32/nios2-elf/lib\libc.a(lib_a-locale.o)
                              c:/intelfpga_lite/18.1/nios2eds/bin/gnu/h-x86_64-mingw32/bin/../lib/gcc/nios2-elf/5.3.0/../../../../../H-x86_64-mingw32/nios2-elf/lib\libc.a(lib_a-vfprintf.o) (_localeconv_r)
c:/intelfpga_lite/18.1/nios2eds/bin/gnu/h-x86_64-mingw32/bin/../lib/gcc/nios2-elf/5.3.0/../../../../../H-x86_64-mingw32/nios2-elf/lib\libc.a(lib_a-makebuf.o)
                              c:/intelfpga_lite/18.1/nios2eds/bin/gnu/h-x86_64-mingw32/bin/../lib/gcc/nios2-elf/5.3.0/../../../../../H-x86_64-mingw32/nios2-elf/lib\libc.a(lib_a-wsetup.o) (__smakebuf_r)
c:/intelfpga_lite/18.1/nios2eds/bin/gnu/h-x86_64-mingw32/bin/../lib/gcc/nios2-elf/5.3.0/../../../../../H-x86_64-mingw32/nios2-elf/lib\libc.a(lib_a-mallocr.o)
                              c:/intelfpga_lite/18.1/nios2eds/bin/gnu/h-x86_64-mingw32/bin/../lib/gcc/nios2-elf/5.3.0/../../../../../H-x86_64-mingw32/nios2-elf/lib\libc.a(lib_a-findfp.o) (_malloc_r)
c:/intelfpga_lite/18.1/nios2eds/bin/gnu/h-x86_64-mingw32/bin/../lib/gcc/nios2-elf/5.3.0/../../../../../H-x86_64-mingw32/nios2-elf/lib\libc.a(lib_a-memchr.o)
                              c:/intelfpga_lite/18.1/nios2eds/bin/gnu/h-x86_64-mingw32/bin/../lib/gcc/nios2-elf/5.3.0/../../../../../H-x86_64-mingw32/nios2-elf/lib\libc.a(lib_a-vfprintf.o) (memchr)
c:/intelfpga_lite/18.1/nios2eds/bin/gnu/h-x86_64-mingw32/bin/../lib/gcc/nios2-elf/5.3.0/../../../../../H-x86_64-mingw32/nios2-elf/lib\libc.a(lib_a-memcpy.o)
                              c:/intelfpga_lite/18.1/nios2eds/bin/gnu/h-x86_64-mingw32/bin/../lib/gcc/nios2-elf/5.3.0/../../../../../H-x86_64-mingw32/nios2-elf/lib\libc.a(lib_a-dtoa.o) (memcpy)
[...]
Memory Configuration

Name             Origin             Length             Attributes
sdram_controller_0_BEFORE_RESET 0x0000000000000000 0x0000000000040000
reset            0x0000000000040000 0x0000000000000020
sdram_controller_0 0x0000000000040020 0x0000000003fbffe0
*default*        0x0000000000000000 0xffffffffffffffff

Linker script and memory map

LOAD C:/Users/jthom/OneDrive/Root/EPFL/Courses/MA2/RTEmbeddedSystems/CS-476_RTEmbeddedSystems/Final_project/sw/bsp//obj/HAL/src/crt0.o
LOAD obj/default/main.o
LOAD obj/default/nn_weights.o
LOAD obj/default/test_image.o
LOAD c:/intelfpga_lite/18.1/nios2eds/bin/gnu/h-x86_64-mingw32/bin/../lib/gcc/nios2-elf/5.3.0/../../../../../H-x86_64-mingw32/nios2-elf/lib\libstdc++.a
LOAD c:/intelfpga_lite/18.1/nios2eds/bin/gnu/h-x86_64-mingw32/bin/../lib/gcc/nios2-elf/5.3.0/../../../../../H-x86_64-mingw32/nios2-elf/lib\libm.a
LOAD c:/intelfpga_lite/18.1/nios2eds/bin/gnu/h-x86_64-mingw32/bin/../lib/gcc/nios2-elf/5.3.0\libgcc.a
START GROUP
LOAD c:/intelfpga_lite/18.1/nios2eds/bin/gnu/h-x86_64-mingw32/bin/../lib/gcc/nios2-elf/5.3.0/../../../../../H-x86_64-mingw32/nios2-elf/lib\libc.a
LOAD c:/intelfpga_lite/18.1/nios2eds/bin/gnu/h-x86_64-mingw32/bin/../lib/gcc/nios2-elf/5.3.0\libgcc.a
LOAD C:/Users/jthom/OneDrive/Root/EPFL/Courses/MA2/RTEmbeddedSystems/CS-476_RTEmbeddedSystems/Final_project/sw/bsp/\libhal_bsp.a
LOAD c:/intelfpga_lite/18.1/nios2eds/bin/gnu/h-x86_64-mingw32/bin/../lib/gcc/nios2-elf/5.3.0/../../../../../H-x86_64-mingw32/nios2-elf/lib\libm.a
END GROUP
LOAD c:/intelfpga_lite/18.1/nios2eds/bin/gnu/h-x86_64-mingw32/bin/../lib/gcc/nios2-elf/5.3.0\libgcc.a
                0x0000000000000000                __alt_mem_sdram_controller_0 = 0x0

.entry          0x0000000000040000       0x20
 *(.entry)
 .entry         0x0000000000040000       0x20 C:/Users/jthom/OneDrive/Root/EPFL/Courses/MA2/RTEmbeddedSystems/CS-476_RTEmbeddedSystems/Final_project/sw/bsp//obj/HAL/src/crt0.o
                0x0000000000040000                __reset

.exceptions     0x0000000000040020      0x224
                0x0000000000040020                PROVIDE (__ram_exceptions_start, ABSOLUTE (.))
                0x0000000000040020                . = ALIGN (0x20)
 *(.irq)
 *(.exceptions.entry.label)
 .exceptions.entry.label
                0x0000000000040020        0x0 C:/Users/jthom/OneDrive/Root/EPFL/Courses/MA2/RTEmbeddedSystems/CS-476_RTEmbeddedSystems/Final_project/sw/bsp/\libhal_bsp.a(alt_irq_entry.o)
                0x0000000000040020                alt_irq_entry
 .exceptions.entry.label
                0x0000000000040020        0x0 C:/Users/jthom/OneDrive/Root/EPFL/Courses/MA2/RTEmbeddedSystems/CS-476_RTEmbeddedSystems/Final_project/sw/bsp/\libhal_bsp.a(alt_exception_entry.o)
                0x0000000000040020                alt_exception
 *(.exceptions.entry.user)
 *(.exceptions.entry.ecc_fatal)
 *(.exceptions.entry)
 .exceptions.entry
                0x0000000000040020       0x54 C:/Users/jthom/OneDrive/Root/EPFL/Courses/MA2/RTEmbeddedSystems/CS-476_RTEmbeddedSystems/Final_project/sw/bsp/\libhal_bsp.a(alt_exception_entry.o)
 *(.exceptions.irqtest.user)
 *(.exceptions.irqtest)
 .exceptions.irqtest
                0x0000000000040074       0x10 C:/Users/jthom/OneDrive/Root/EPFL/Courses/MA2/RTEmbeddedSystems/CS-476_RTEmbeddedSystems/Final_project/sw/bsp/\libhal_bsp.a(alt_irq_entry.o)
 *(.exceptions.irqhandler.user)
 *(.exceptions.irqhandler)
 .exceptions.irqhandler
                0x0000000000040084        0x4 C:/Users/jthom/OneDrive/Root/EPFL/Courses/MA2/RTEmbeddedSystems/CS-476_RTEmbeddedSystems/Final_project/sw/bsp/\libhal_bsp.a(alt_irq_entry.o)
 *(.exceptions.irqreturn.user)
 *(.exceptions.irqreturn)
 .exceptions.irqreturn
                0x0000000000040088        0x4 C:/Users/jthom/OneDrive/Root/EPFL/Courses/MA2/RTEmbeddedSystems/CS-476_RTEmbeddedSystems/Final_project/sw/bsp/\libhal_bsp.a(alt_irq_entry.o)
 *(.exceptions.notirq.label)
 .exceptions.notirq.label
                0x000000000004008c        0x0 C:/Users/jthom/OneDrive/Root/EPFL/Courses/MA2/RTEmbeddedSystems/CS-476_RTEmbeddedSystems/Final_project/sw/bsp/\libhal_bsp.a(alt_irq_entry.o)
 *(.exceptions.notirq.user)
 *(.exceptions.notirq)
 .exceptions.notirq
                0x000000000004008c        0x8 C:/Users/jthom/OneDrive/Root/EPFL/Courses/MA2/RTEmbeddedSystems/CS-476_RTEmbeddedSystems/Final_project/sw/bsp/\libhal_bsp.a(alt_exception_entry.o)
 *(.exceptions.soft.user)
 *(.exceptions.soft)
 *(.exceptions.unknown.user)
 *(.exceptions.unknown)
 .exceptions.unknown
                0x0000000000040094       0x14 C:/Users/jthom/OneDrive/Root/EPFL/Courses/MA2/RTEmbeddedSystems/CS-476_RTEmbeddedSystems/Final_project/sw/bsp/\libhal_bsp.a(alt_exception_entry.o)
 *(.exceptions.exit.label)
 .exceptions.exit.label
                0x00000000000400a8        0x0 C:/Users/jthom/OneDrive/Root/EPFL/Courses/MA2/RTEmbeddedSystems/CS-476_RTEmbeddedSystems/Final_project/sw/bsp/\libhal_bsp.a(alt_irq_entry.o)
 .exceptions.exit.label
                0x00000000000400a8        0x0 C:/Users/jthom/OneDrive/Root/EPFL/Courses/MA2/RTEmbeddedSystems/CS-476_RTEmbeddedSystems/Final_project/sw/bsp/\libhal_bsp.a(alt_exception_entry.o)
 *(.exceptions.exit.user)
 *(.exceptions.exit)
 .exceptions.exit
                0x00000000000400a8       0x54 C:/Users/jthom/OneDrive/Root/EPFL/Courses/MA2/RTEmbeddedSystems/CS-476_RTEmbeddedSystems/Final_project/sw/bsp/\libhal_bsp.a(alt_exception_entry.o)
 *(.exceptions)
 .exceptions    0x00000000000400fc       0xd4 C:/Users/jthom/OneDrive/Root/EPFL/Courses/MA2/RTEmbeddedSystems/CS-476_RTEmbeddedSystems/Final_project/sw/bsp/\libhal_bsp.a(alt_irq_handler.o)
                0x00000000000400fc                alt_irq_handler
 .exceptions    0x00000000000401d0       0x74 C:/Users/jthom/OneDrive/Root/EPFL/Courses/MA2/RTEmbeddedSystems/CS-476_RTEmbeddedSystems/Final_project/sw/bsp/\libhal_bsp.a(alt_instruction_exception_entry.o)
                0x00000000000401d0                alt_instruction_exception_entry
                0x0000000000040244                PROVIDE (__ram_exceptions_end, ABSOLUTE (.))
                0x0000000000040020                PROVIDE (__flash_exceptions_start, LOADADDR (.exceptions))

.text           0x0000000000040244     0xf71c
                [!provide]                        PROVIDE (stext, ABSOLUTE (.))
 *(.interp)
 *(.hash)
 *(.dynsym)
 *(.dynstr)
 *(.gnu.version)
 *(.gnu.version_d)
 *(.gnu.version_r)
 *(.rel.init)
 *(.rela.init)
 *(.rel.text .rel.text.* .rel.gnu.linkonce.t.*)
 *(.rela.text .rela.text.* .rela.gnu.linkonce.t.*)
 *(.rel.fini)
 *(.rela.fini)
 *(.rel.rodata .rel.rodata.* .rel.gnu.linkonce.r.*)
 *(.rela.rodata .rela.rodata.* .rela.gnu.linkonce.r.*)
 *(.rel.data .rel.data.* .rel.gnu.linkonce.d.*)
 *(.rela.data .rela.data.* .rela.gnu.linkonce.d.*)
 *(.rel.tdata .rel.tdata.* .rel.gnu.linkonce.td.*)
 *(.rela.tdata .rela.tdata.* .rela.gnu.linkonce.td.*)
 *(.rel.tbss .rel.tbss.* .rel.gnu.linkonce.tb.*)
 *(.rela.tbss .rela.tbss.* .rela.gnu.linkonce.tb.*)
 *(.rel.ctors)
 *(.rela.ctors)
 *(.rel.dtors)
 *(.rela.dtors)
 *(.rel.got)
 *(.rela.got)
 *(.rel.sdata .rel.sdata.* .rel.gnu.linkonce.s.*)
 *(.rela.sdata .rela.sdata.* .rela.gnu.linkonce.s.*)
 *(.rel.sbss .rel.sbss.* .rel.gnu.linkonce.sb.*)
 *(.rela.sbss .rela.sbss.* .rela.gnu.linkonce.sb.*)
 *(.rel.sdata2 .rel.sdata2.* .rel.gnu.linkonce.s2.*)
 *(.rela.sdata2 .rela.sdata2.* .rela.gnu.linkonce.s2.*)
 *(.rel.sbss2 .rel.sbss2.* .rel.gnu.linkonce.sb2.*)
 *(.rela.sbss2 .rela.sbss2.* .rela.gnu.linkonce.sb2.*)
 *(.rel.bss .rel.bss.* .rel.gnu.linkonce.b.*)
 *(.rela.bss .rela.bss.* .rela.gnu.linkonce.b.*)
 *(.rel.plt)
 *(.rela.plt)
 *(.rel.dyn)
 *(.init)
 *(.plt)
 *(.text .stub .text.* .gnu.linkonce.t.*)
 .text          0x0000000000040244       0x4c C:/Users/jthom/OneDrive/Root/EPFL/Courses/MA2/RTEmbeddedSystems/CS-476_RTEmbeddedSystems/Final_project/sw/bsp//obj/HAL/src/crt0.o
                0x0000000000040244                _start
 .text          0x0000000000040290      0x248 obj/default/main.o
                0x0000000000040290                setup_weights
                0x00000000000402dc                pred_image
                0x00000000000403c0                check_prediciton
                0x0000000000040420                main
 .text          0x00000000000404d8        0x0 obj/default/nn_weights.o
 .text          0x00000000000404d8        0x0 obj/default/test_image.o
 .text          0x00000000000404d8        0x0 c:/intelfpga_lite/18.1/nios2eds/bin/gnu/h-x86_64-mingw32/bin/../lib/gcc/nios2-elf/5.3.0/../../../../../H-x86_64-mingw32/nios2-elf/lib\libc.a(lib_a-printf.o)
 .text._printf_r
                0x00000000000404d8       0x30 c:/intelfpga_lite/18.1/nios2eds/bin/gnu/h-x86_64-mingw32/bin/../lib/gcc/nios2-elf/5.3.0/../../../../../H-x86_64-mingw32/nios2-elf/lib\libc.a(lib_a-printf.o)
                0x00000000000404d8                _printf_r
 .text.printf   0x0000000000040508       0x3c c:/intelfpga_lite/18.1/nios2eds/bin/gnu/h-x86_64-mingw32/bin/../lib/gcc/nios2-elf/5.3.0/../../../../../H-x86_64-mingw32/nios2-elf/lib\libc.a(lib_a-printf.o)
                0x0000000000040508                printf
 .text          0x0000000000040544        0x0 c:/intelfpga_lite/18.1/nios2eds/bin/gnu/h-x86_64-mingw32/bin/../lib/gcc/nios2-elf/5.3.0/../../../../../H-x86_64-mingw32/nios2-elf/lib\libc.a(lib_a-vfprintf.o)
 .text.___vfprintf_internal_r
                0x0000000000040544     0x21f8 c:/intelfpga_lite/18.1/nios2eds/bin/gnu/h-x86_64-mingw32/bin/../lib/gcc/nios2-elf/5.3.0/../../../../../H-x86_64-mingw32/nios2-elf/lib\libc.a(lib_a-vfprintf.o)
                0x0000000000040544                ___vfprintf_internal_r
 .text.__vfprintf_internal
                0x000000000004273c       0x1c c:/intelfpga_lite/18.1/nios2eds/bin/gnu/h-x86_64-mingw32/bin/../lib/gcc/nios2-elf/5.3.0/../../../../../H-x86_64-mingw32/nios2-elf/lib\libc.a(lib_a-vfprintf.o)
                0x000000000004273c                __vfprintf_internal
 .text.__sbprintf
                0x0000000000042758       0xbc c:/intelfpga_lite/18.1/nios2eds/bin/gnu/h-x86_64-mingw32/bin/../lib/gcc/nios2-elf/5.3.0/../../../../../H-x86_64-mingw32/nios2-elf/lib\libc.a(lib_a-vfprintf.o)
 .text          0x0000000000042814        0x0 c:/intelfpga_lite/18.1/nios2eds/bin/gnu/h-x86_64-mingw32/bin/../lib/gcc/nios2-elf/5.3.0/../../../../../H-x86_64-mingw32/nios2-elf/lib\libc.a(lib_a-wsetup.o)
 .text.__swsetup_r
                0x0000000000042814      0x154 c:/intelfpga_lite/18.1/nios2eds/bin/gnu/h-x86_64-mingw32/bin/../lib/gcc/nios2-elf/5.3.0/../../../../../H-x86_64-mingw32/nios2-elf/lib\libc.a(lib_a-wsetup.o)
                0x0000000000042814                __swsetup_r
 .text          0x0000000000042968        0x0 c:/intelfpga_lite/18.1/nios2eds/bin/gnu/h-x86_64-mingw32/bin/../lib/gcc/nios2-elf/5.3.0/../../../../../H-x86_64-mingw32/nios2-elf/lib\libc.a(lib_a-dtoa.o)
 .text.quorem   0x0000000000042968      0x200 c:/intelfpga_lite/18.1/nios2eds/bin/gnu/h-x86_64-mingw32/bin/../lib/gcc/nios2-elf/5.3.0/../../../../../H-x86_64-mingw32/nios2-elf/lib\libc.a(lib_a-dtoa.o)
 .text._dtoa_r  0x0000000000042b68     0x1688 c:/intelfpga_lite/18.1/nios2eds/bin/gnu/h-x86_64-mingw32/bin/../lib/gcc/nios2-elf/5.3.0/../../../../../H-x86_64-mingw32/nios2-elf/lib\libc.a(lib_a-dtoa.o)
                0x0000000000042b68                _dtoa_r
 .text          0x00000000000441f0        0x0 c:/intelfpga_lite/18.1/nios2eds/bin/gnu/h-x86_64-mingw32/bin/../lib/gcc/nios2-elf/5.3.0/../../../../../H-x86_64-mingw32/nios2-elf/lib\libc.a(lib_a-fflush.o)
 .text.__sflush_r
                0x00000000000441f0      0x21c c:/intelfpga_lite/18.1/nios2eds/bin/gnu/h-x86_64-mingw32/bin/../lib/gcc/nios2-elf/5.3.0/../../../../../H-x86_64-mingw32/nios2-elf/lib\libc.a(lib_a-fflush.o)
                0x00000000000441f0                __sflush_r
 .text._fflush_r
                0x000000000004440c       0x5c c:/intelfpga_lite/18.1/nios2eds/bin/gnu/h-x86_64-mingw32/bin/../lib/gcc/nios2-elf/5.3.0/../../../../../H-x86_64-mingw32/nios2-elf/lib\libc.a(lib_a-fflush.o)
                0x000000000004440c                _fflush_r
 .text.fflush   0x0000000000044468       0x30 c:/intelfpga_lite/18.1/nios2eds/bin/gnu/h-x86_64-mingw32/bin/../lib/gcc/nios2-elf/5.3.0/../../../../../H-x86_64-mingw32/nios2-elf/lib\libc.a(lib_a-fflush.o)
                0x0000000000044468                fflush
 .text          0x0000000000044498        0x0 c:/intelfpga_lite/18.1/nios2eds/bin/gnu/h-x86_64-mingw32/bin/../lib/gcc/nios2-elf/5.3.0/../../../../../H-x86_64-mingw32/nios2-elf/lib\libc.a(lib_a-findfp.o)
 .text.__fp_unlock
                0x0000000000044498        0x8 c:/intelfpga_lite/18.1/nios2eds/bin/gnu/h-x86_64-mingw32/bin/../lib/gcc/nios2-elf/5.3.0/../../../../../H-x86_64-mingw32/nios2-elf/lib\libc.a(lib_a-findfp.o)
 .text._cleanup_r
                0x00000000000444a0        0xc c:/intelfpga_lite/18.1/nios2eds/bin/gnu/h-x86_64-mingw32/bin/../lib/gcc/nios2-elf/5.3.0/../../../../../H-x86_64-mingw32/nios2-elf/lib\libc.a(lib_a-findfp.o)
                0x00000000000444a0                _cleanup_r
 .text.__sinit.part.1
                0x00000000000444ac      0x19c c:/intelfpga_lite/18.1/nios2eds/bin/gnu/h-x86_64-mingw32/bin/../lib/gcc/nios2-elf/5.3.0/../../../../../H-x86_64-mingw32/nios2-elf/lib\libc.a(lib_a-findfp.o)
 .text.__fp_lock
                0x0000000000044648        0x8 c:/intelfpga_lite/18.1/nios2eds/bin/gnu/h-x86_64-mingw32/bin/../lib/gcc/nios2-elf/5.3.0/../../../../../H-x86_64-mingw32/nios2-elf/lib\libc.a(lib_a-findfp.o)
 .text.__sfmoreglue
                0x0000000000044650       0x68 c:/intelfpga_lite/18.1/nios2eds/bin/gnu/h-x86_64-mingw32/bin/../lib/gcc/nios2-elf/5.3.0/../../../../../H-x86_64-mingw32/nios2-elf/lib\libc.a(lib_a-findfp.o)
                0x0000000000044650                __sfmoreglue
 .text.__sfp    0x00000000000446b8      0x118 c:/intelfpga_lite/18.1/nios2eds/bin/gnu/h-x86_64-mingw32/bin/../lib/gcc/nios2-elf/5.3.0/../../../../../H-x86_64-mingw32/nios2-elf/lib\libc.a(lib_a-findfp.o)
                0x00000000000446b8                __sfp
 .text._cleanup
                0x00000000000447d0       0x18 c:/intelfpga_lite/18.1/nios2eds/bin/gnu/h-x86_64-mingw32/bin/../lib/gcc/nios2-elf/5.3.0/../../../../../H-x86_64-mingw32/nios2-elf/lib\libc.a(lib_a-findfp.o)
                0x00000000000447d0                _cleanup
 .text.__sinit  0x00000000000447e8       0x10 c:/intelfpga_lite/18.1/nios2eds/bin/gnu/h-x86_64-mingw32/bin/../lib/gcc/nios2-elf/5.3.0/../../../../../H-x86_64-mingw32/nios2-elf/lib\libc.a(lib_a-findfp.o)
                0x00000000000447e8                __sinit
 .text.__sfp_lock_acquire
                0x00000000000447f8        0x4 c:/intelfpga_lite/18.1/nios2eds/bin/gnu/h-x86_64-mingw32/bin/../lib/gcc/nios2-elf/5.3.0/../../../../../H-x86_64-mingw32/nios2-elf/lib\libc.a(lib_a-findfp.o)
                0x00000000000447f8                __sfp_lock_acquire
 .text.__sfp_lock_release
                0x00000000000447fc        0x4 c:/intelfpga_lite/18.1/nios2eds/bin/gnu/h-x86_64-mingw32/bin/../lib/gcc/nios2-elf/5.3.0/../../../../../H-x86_64-mingw32/nios2-elf/lib\libc.a(lib_a-findfp.o)
                0x00000000000447fc                __sfp_lock_release
 .text.__sinit_lock_acquire
                0x0000000000044800        0x4 c:/intelfpga_lite/18.1/nios2eds/bin/gnu/h-x86_64-mingw32/bin/../lib/gcc/nios2-elf/5.3.0/../../../../../H-x86_64-mingw32/nios2-elf/lib\libc.a(lib_a-findfp.o)
                0x0000000000044800                __sinit_lock_acquire
 .text.__sinit_lock_release
                0x0000000000044804        0x4 c:/intelfpga_lite/18.1/nios2eds/bin/gnu/h-x86_64-mingw32/bin/../lib/gcc/nios2-elf/5.3.0/../../../../../H-x86_64-mingw32/nios2-elf/lib\libc.a(lib_a-findfp.o)
                0x0000000000044804                __sinit_lock_release
 .text.__fp_lock_all
                0x0000000000044808       0x18 c:/intelfpga_lite/18.1/nios2eds/bin/gnu/h-x86_64-mingw32/bin/../lib/gcc/nios2-elf/5.3.0/../../../../../H-x86_64-mingw32/nios2-elf/lib\libc.a(lib_a-findfp.o)
                0x0000000000044808                __fp_lock_all
 .text.__fp_unlock_all
                0x0000000000044820       0x18 c:/intelfpga_lite/18.1/nios2eds/bin/gnu/h-x86_64-mingw32/bin/../lib/gcc/nios2-elf/5.3.0/../../../../../H-x86_64-mingw32/nios2-elf/lib\libc.a(lib_a-findfp.o)
                0x0000000000044820                __fp_unlock_all
 .text          0x0000000000044838        0x0 c:/intelfpga_lite/18.1/nios2eds/bin/gnu/h-x86_64-mingw32/bin/../lib/gcc/nios2-elf/5.3.0/../../../../../H-x86_64-mingw32/nios2-elf/lib\libc.a(lib_a-freer.o)
 .text._malloc_trim_r
                0x0000000000044838      0x124 c:/intelfpga_lite/18.1/nios2eds/bin/gnu/h-x86_64-mingw32/bin/../lib/gcc/nios2-elf/5.3.0/../../../../../H-x86_64-mingw32/nios2-elf/lib\libc.a(lib_a-freer.o)
                0x0000000000044838                _malloc_trim_r
 .text._free_r  0x000000000004495c      0x310 c:/intelfpga_lite/18.1/nios2eds/bin/gnu/h-x86_64-mingw32/bin/../lib/gcc/nios2-elf/5.3.0/../../../../../H-x86_64-mingw32/nios2-elf/lib\libc.a(lib_a-freer.o)
                0x000000000004495c                _free_r
 .text          0x0000000000044c6c        0x0 c:/intelfpga_lite/18.1/nios2eds/bin/gnu/h-x86_64-mingw32/bin/../lib/gcc/nios2-elf/5.3.0/../../../../../H-x86_64-mingw32/nios2-elf/lib\libc.a(lib_a-fwalk.o)
 .text._fwalk   0x0000000000044c6c       0xc4 c:/intelfpga_lite/18.1/nios2eds/bin/gnu/h-x86_64-mingw32/bin/../lib/gcc/nios2-elf/5.3.0/../../../../../H-x86_64-mingw32/nios2-elf/lib\libc.a(lib_a-fwalk.o)
                0x0000000000044c6c                _fwalk
 .text._fwalk_reent
                0x0000000000044d30       0xc4 c:/intelfpga_lite/18.1/nios2eds/bin/gnu/h-x86_64-mingw32/bin/../lib/gcc/nios2-elf/5.3.0/../../../../../H-x86_64-mingw32/nios2-elf/lib\libc.a(lib_a-fwalk.o)
                0x0000000000044d30                _fwalk_reent
 .text          0x0000000000044df4        0x0 c:/intelfpga_lite/18.1/nios2eds/bin/gnu/h-x86_64-mingw32/bin/../lib/gcc/nios2-elf/5.3.0/../../../../../H-x86_64-mingw32/nios2-elf/lib\libc.a(lib_a-impure.o)
 .text          0x0000000000044df4        0x0 c:/intelfpga_lite/18.1/nios2eds/bin/gnu/h-x86_64-mingw32/bin/../lib/gcc/nios2-elf/5.3.0/../../../../../H-x86_64-mingw32/nios2-elf/lib\libc.a(lib_a-locale.o)
 .text._setlocale_r
                0x0000000000044df4       0x7c c:/intelfpga_lite/18.1/nios2eds/bin/gnu/h-x86_64-mingw32/bin/../lib/gcc/nios2-elf/5.3.0/../../../../../H-x86_64-mingw32/nios2-elf/lib\libc.a(lib_a-locale.o)
                0x0000000000044df4                _setlocale_r
 .text.__locale_charset
                0x0000000000044e70        0xc c:/intelfpga_lite/18.1/nios2eds/bin/gnu/h-x86_64-mingw32/bin/../lib/gcc/nios2-elf/5.3.0/../../../../../H-x86_64-mingw32/nios2-elf/lib\libc.a(lib_a-locale.o)
                0x0000000000044e70                __locale_charset
 .text.__locale_mb_cur_max
                0x0000000000044e7c       0x10 c:/intelfpga_lite/18.1/nios2eds/bin/gnu/h-x86_64-mingw32/bin/../lib/gcc/nios2-elf/5.3.0/../../../../../H-x86_64-mingw32/nios2-elf/lib\libc.a(lib_a-locale.o)
                0x0000000000044e7c                __locale_mb_cur_max
 .text.__locale_msgcharset
                0x0000000000044e8c        0xc c:/intelfpga_lite/18.1/nios2eds/bin/gnu/h-x86_64-mingw32/bin/../lib/gcc/nios2-elf/5.3.0/../../../../../H-x86_64-mingw32/nios2-elf/lib\libc.a(lib_a-locale.o)
                0x0000000000044e8c                __locale_msgcharset
 .text.__locale_cjk_lang
                0x0000000000044e98        0x8 c:/intelfpga_lite/18.1/nios2eds/bin/gnu/h-x86_64-mingw32/bin/../lib/gcc/nios2-elf/5.3.0/../../../../../H-x86_64-mingw32/nios2-elf/lib\libc.a(lib_a-locale.o)
                0x0000000000044e98                __locale_cjk_lang
 .text._localeconv_r
                0x0000000000044ea0        0xc c:/intelfpga_lite/18.1/nios2eds/bin/gnu/h-x86_64-mingw32/bin/../lib/gcc/nios2-elf/5.3.0/../../../../../H-x86_64-mingw32/nios2-elf/lib\libc.a(lib_a-locale.o)
                0x0000000000044ea0                _localeconv_r
 .text.setlocale
                0x0000000000044eac       0x18 c:/intelfpga_lite/18.1/nios2eds/bin/gnu/h-x86_64-mingw32/bin/../lib/gcc/nios2-elf/5.3.0/../../../../../H-x86_64-mingw32/nios2-elf/lib\libc.a(lib_a-locale.o)
                0x0000000000044eac                setlocale
 .text.localeconv
                0x0000000000044ec4        0xc c:/intelfpga_lite/18.1/nios2eds/bin/gnu/h-x86_64-mingw32/bin/../lib/gcc/nios2-elf/5.3.0/../../../../../H-x86_64-mingw32/nios2-elf/lib\libc.a(lib_a-locale.o)
                0x0000000000044ec4                localeconv
 .text          0x0000000000044ed0        0x0 c:/intelfpga_lite/18.1/nios2eds/bin/gnu/h-x86_64-mingw32/bin/../lib/gcc/nios2-elf/5.3.0/../../../../../H-x86_64-mingw32/nios2-elf/lib\libc.a(lib_a-makebuf.o)
 .text.__smakebuf_r
                0x0000000000044ed0      0x1bc c:/intelfpga_lite/18.1/nios2eds/bin/gnu/h-x86_64-mingw32/bin/../lib/gcc/nios2-elf/5.3.0/../../../../../H-x86_64-mingw32/nios2-elf/lib\libc.a(lib_a-makebuf.o)
                0x0000000000044ed0                __smakebuf_r
 .text          0x000000000004508c        0x0 c:/intelfpga_lite/18.1/nios2eds/bin/gnu/h-x86_64-mingw32/bin/../lib/gcc/nios2-elf/5.3.0/../../../../../H-x86_64-mingw32/nios2-elf/lib\libc.a(lib_a-mallocr.o)
 .text._malloc_r
                0x000000000004508c      0x80c c:/intelfpga_lite/18.1/nios2eds/bin/gnu/h-x86_64-mingw32/bin/../lib/gcc/nios2-elf/5.3.0/../../../../../H-x86_64-mingw32/nios2-elf/lib\libc.a(lib_a-mallocr.o)
                0x000000000004508c                _malloc_r
 .text          0x0000000000045898        0x0 c:/intelfpga_lite/18.1/nios2eds/bin/gnu/h-x86_64-mingw32/bin/../lib/gcc/nios2-elf/5.3.0/../../../../../H-x86_64-mingw32/nios2-elf/lib\libc.a(lib_a-memchr.o)
 .text.memchr   0x0000000000045898       0xe4 c:/intelfpga_lite/18.1/nios2eds/bin/gnu/h-x86_64-mingw32/bin/../lib/gcc/nios2-elf/5.3.0/../../../../../H-x86_64-mingw32/nios2-elf/lib\libc.a(lib_a-memchr.o)
                0x0000000000045898                memchr
 .text          0x000000000004597c        0x0 c:/intelfpga_lite/18.1/nios2eds/bin/gnu/h-x86_64-mingw32/bin/../lib/gcc/nios2-elf/5.3.0/../../../../../H-x86_64-mingw32/nios2-elf/lib\libc.a(lib_a-memcpy.o)
 .text.memcpy   0x000000000004597c      0x148 c:/intelfpga_lite/18.1/nios2eds/bin/gnu/h-x86_64-mingw32/bin/../lib/gcc/nios2-elf/5.3.0/../../../../../H-x86_64-mingw32/nios2-elf/lib\libc.a(lib_a-memcpy.o)
                0x000000000004597c                memcpy
 .text          0x0000000000045ac4        0x0 c:/intelfpga_lite/18.1/nios2eds/bin/gnu/h-x86_64-mingw32/bin/../lib/gcc/nios2-elf/5.3.0/../../../../../H-x86_64-mingw32/nios2-elf/lib\libc.a(lib_a-memset.o)
 .text.memset   0x0000000000045ac4      0x128 c:/intelfpga_lite/18.1/nios2eds/bin/gnu/h-x86_64-mingw32/bin/../lib/gcc/nios2-elf/5.3.0/../../../../../H-x86_64-mingw32/nios2-elf/lib\libc.a(lib_a-memset.o)
                0x0000000000045ac4                memset
 .text          0x0000000000045bec        0x0 c:/intelfpga_lite/18.1/nios2eds/bin/gnu/h-x86_64-mingw32/bin/../lib/gcc/nios2-elf/5.3.0/../../../../../H-x86_64-mingw32/nios2-elf/lib\libc.a(lib_a-mprec.o)
 .text._Balloc  0x0000000000045bec       0xa8 c:/intelfpga_lite/18.1/nios2eds/bin/gnu/h-x86_64-mingw32/bin/../lib/gcc/nios2-elf/5.3.0/../../../../../H-x86_64-mingw32/nios2-elf/lib\libc.a(lib_a-mprec.o)
                0x0000000000045bec                _Balloc
 .text._Bfree   0x0000000000045c94       0x28 c:/intelfpga_lite/18.1/nios2eds/bin/gnu/h-x86_64-mingw32/bin/../lib/gcc/nios2-elf/5.3.0/../../../../../H-x86_64-mingw32/nios2-elf/lib\libc.a(lib_a-mprec.o)
                0x0000000000045c94                _Bfree
 .text.__multadd
                0x0000000000045cbc      0x120 c:/intelfpga_lite/18.1/nios2eds/bin/gnu/h-x86_64-mingw32/bin/../lib/gcc/nios2-elf/5.3.0/../../../../../H-x86_64-mingw32/nios2-elf/lib\libc.a(lib_a-mprec.o)
                0x0000000000045cbc                __multadd
 .text.__s2b    0x0000000000045ddc      0x104 c:/intelfpga_lite/18.1/nios2eds/bin/gnu/h-x86_64-mingw32/bin/../lib/gcc/nios2-elf/5.3.0/../../../../../H-x86_64-mingw32/nios2-elf/lib\libc.a(lib_a-mprec.o)
                0x0000000000045ddc                __s2b
 .text.__hi0bits
                0x0000000000045ee0       0x68 c:/intelfpga_lite/18.1/nios2eds/bin/gnu/h-x86_64-mingw32/bin/../lib/gcc/nios2-elf/5.3.0/../../../../../H-x86_64-mingw32/nios2-elf/lib\libc.a(lib_a-mprec.o)
                0x0000000000045ee0                __hi0bits
 .text.__lo0bits
                0x0000000000045f48       0xb0 c:/intelfpga_lite/18.1/nios2eds/bin/gnu/h-x86_64-mingw32/bin/../lib/gcc/nios2-elf/5.3.0/../../../../../H-x86_64-mingw32/nios2-elf/lib\libc.a(lib_a-mprec.o)
                0x0000000000045f48                __lo0bits
 .text.__i2b    0x0000000000045ff8       0x3c c:/intelfpga_lite/18.1/nios2eds/bin/gnu/h-x86_64-mingw32/bin/../lib/gcc/nios2-elf/5.3.0/../../../../../H-x86_64-mingw32/nios2-elf/lib\libc.a(lib_a-mprec.o)
                0x0000000000045ff8                __i2b
 .text.__multiply
                0x0000000000046034      0x1f8 c:/intelfpga_lite/18.1/nios2eds/bin/gnu/h-x86_64-mingw32/bin/../lib/gcc/nios2-elf/5.3.0/../../../../../H-x86_64-mingw32/nios2-elf/lib\libc.a(lib_a-mprec.o)
                0x0000000000046034                __multiply
 .text.__pow5mult
                0x000000000004622c      0x140 c:/intelfpga_lite/18.1/nios2eds/bin/gnu/h-x86_64-mingw32/bin/../lib/gcc/nios2-elf/5.3.0/../../../../../H-x86_64-mingw32/nios2-elf/lib\libc.a(lib_a-mprec.o)
                0x000000000004622c                __pow5mult
 .text.__lshift
                0x000000000004636c      0x148 c:/intelfpga_lite/18.1/nios2eds/bin/gnu/h-x86_64-mingw32/bin/../lib/gcc/nios2-elf/5.3.0/../../../../../H-x86_64-mingw32/nios2-elf/lib\libc.a(lib_a-mprec.o)
                0x000000000004636c                __lshift
 .text.__mcmp   0x00000000000464b4       0x60 c:/intelfpga_lite/18.1/nios2eds/bin/gnu/h-x86_64-mingw32/bin/../lib/gcc/nios2-elf/5.3.0/../../../../../H-x86_64-mingw32/nios2-elf/lib\libc.a(lib_a-mprec.o)
                0x00000000000464b4                __mcmp
 .text.__mdiff  0x0000000000046514      0x1fc c:/intelfpga_lite/18.1/nios2eds/bin/gnu/h-x86_64-mingw32/bin/../lib/gcc/nios2-elf/5.3.0/../../../../../H-x86_64-mingw32/nios2-elf/lib\libc.a(lib_a-mprec.o)
                0x0000000000046514                __mdiff
 .text.__ulp    0x0000000000046710       0x64 c:/intelfpga_lite/18.1/nios2eds/bin/gnu/h-x86_64-mingw32/bin/../lib/gcc/nios2-elf/5.3.0/../../../../../H-x86_64-mingw32/nios2-elf/lib\libc.a(lib_a-mprec.o)
                0x0000000000046710                __ulp
 .text.__b2d    0x0000000000046774      0x10c c:/intelfpga_lite/18.1/nios2eds/bin/gnu/h-x86_64-mingw32/bin/../lib/gcc/nios2-elf/5.3.0/../../../../../H-x86_64-mingw32/nios2-elf/lib\libc.a(lib_a-mprec.o)
                0x0000000000046774                __b2d
 .text.__d2b    0x0000000000046880      0x14c c:/intelfpga_lite/18.1/nios2eds/bin/gnu/h-x86_64-mingw32/bin/../lib/gcc/nios2-elf/5.3.0/../../../../../H-x86_64-mingw32/nios2-elf/lib\libc.a(lib_a-mprec.o)
                0x0000000000046880                __d2b
 .text.__ratio  0x00000000000469cc       0xa4 c:/intelfpga_lite/18.1/nios2eds/bin/gnu/h-x86_64-mingw32/bin/../lib/gcc/nios2-elf/5.3.0/../../../../../H-x86_64-mingw32/nios2-elf/lib\libc.a(lib_a-mprec.o)
                0x00000000000469cc                __ratio
 .text._mprec_log10
                0x0000000000046a70       0x74 c:/intelfpga_lite/18.1/nios2eds/bin/gnu/h-x86_64-mingw32/bin/../lib/gcc/nios2-elf/5.3.0/../../../../../H-x86_64-mingw32/nios2-elf/lib\libc.a(lib_a-mprec.o)
                0x0000000000046a70                _mprec_log10
 .text.__copybits
                0x0000000000046ae4       0x78 c:/intelfpga_lite/18.1/nios2eds/bin/gnu/h-x86_64-mingw32/bin/../lib/gcc/nios2-elf/5.3.0/../../../../../H-x86_64-mingw32/nios2-elf/lib\libc.a(lib_a-mprec.o)
                0x0000000000046ae4                __copybits
 .text.__any_on
                0x0000000000046b5c       0x8c c:/intelfpga_lite/18.1/nios2eds/bin/gnu/h-x86_64-mingw32/bin/../lib/gcc/nios2-elf/5.3.0/../../../../../H-x86_64-mingw32/nios2-elf/lib\libc.a(lib_a-mprec.o)
                0x0000000000046b5c                __any_on
 .text          0x0000000000046be8        0x0 c:/intelfpga_lite/18.1/nios2eds/bin/gnu/h-x86_64-mingw32/bin/../lib/gcc/nios2-elf/5.3.0/../../../../../H-x86_64-mingw32/nios2-elf/lib\libc.a(lib_a-s_fpclassify.o)
 .text.__fpclassifyd
                0x0000000000046be8       0x74 c:/intelfpga_lite/18.1/nios2eds/bin/gnu/h-x86_64-mingw32/bin/../lib/gcc/nios2-elf/5.3.0/../../../../../H-x86_64-mingw32/nios2-elf/lib\libc.a(lib_a-s_fpclassify.o)
                0x0000000000046be8                __fpclassifyd
 .text          0x0000000000046c5c        0x0 c:/intelfpga_lite/18.1/nios2eds/bin/gnu/h-x86_64-mingw32/bin/../lib/gcc/nios2-elf/5.3.0/../../../../../H-x86_64-mingw32/nios2-elf/lib\libc.a(lib_a-sbrkr.o)
 .text._sbrk_r  0x0000000000046c5c       0x54 c:/intelfpga_lite/18.1/nios2eds/bin/gnu/h-x86_64-mingw32/bin/../lib/gcc/nios2-elf/5.3.0/../../../../../H-x86_64-mingw32/nios2-elf/lib\libc.a(lib_a-sbrkr.o)
                0x0000000000046c5c                _sbrk_r
 .text          0x0000000000046cb0        0x0 c:/intelfpga_lite/18.1/nios2eds/bin/gnu/h-x86_64-mingw32/bin/../lib/gcc/nios2-elf/5.3.0/../../../../../H-x86_64-mingw32/nios2-elf/lib\libc.a(lib_a-stdio.o)
 .text.__sread  0x0000000000046cb0       0x54 c:/intelfpga_lite/18.1/nios2eds/bin/gnu/h-x86_64-mingw32/bin/../lib/gcc/nios2-elf/5.3.0/../../../../../H-x86_64-mingw32/nios2-elf/lib\libc.a(lib_a-stdio.o)
                0x0000000000046cb0                __sread
 .text.__seofread
                0x0000000000046d04        0x8 c:/intelfpga_lite/18.1/nios2eds/bin/gnu/h-x86_64-mingw32/bin/../lib/gcc/nios2-elf/5.3.0/../../../../../H-x86_64-mingw32/nios2-elf/lib\libc.a(lib_a-stdio.o)
                0x0000000000046d04                __seofread
 .text.__swrite
                0x0000000000046d0c       0x7c c:/intelfpga_lite/18.1/nios2eds/bin/gnu/h-x86_64-mingw32/bin/../lib/gcc/nios2-elf/5.3.0/../../../../../H-x86_64-mingw32/nios2-elf/lib\libc.a(lib_a-stdio.o)
                0x0000000000046d0c                __swrite
 .text.__sseek  0x0000000000046d88       0x5c c:/intelfpga_lite/18.1/nios2eds/bin/gnu/h-x86_64-mingw32/bin/../lib/gcc/nios2-elf/5.3.0/../../../../../H-x86_64-mingw32/nios2-elf/lib\libc.a(lib_a-stdio.o)
                0x0000000000046d88                __sseek
 .text.__sclose
                0x0000000000046de4        0x8 c:/intelfpga_lite/18.1/nios2eds/bin/gnu/h-x86_64-mingw32/bin/../lib/gcc/nios2-elf/5.3.0/../../../../../H-x86_64-mingw32/nios2-elf/lib\libc.a(lib_a-stdio.o)
                0x0000000000046de4                __sclose
 .text          0x0000000000046dec        0x0 c:/intelfpga_lite/18.1/nios2eds/bin/gnu/h-x86_64-mingw32/bin/../lib/gcc/nios2-elf/5.3.0/../../../../../H-x86_64-mingw32/nios2-elf/lib\libc.a(lib_a-strcmp.o)
 .text.strcmp   0x0000000000046dec       0xdc c:/intelfpga_lite/18.1/nios2eds/bin/gnu/h-x86_64-mingw32/bin/../lib/gcc/nios2-elf/5.3.0/../../../../../H-x86_64-mingw32/nios2-elf/lib\libc.a(lib_a-strcmp.o)
                0x0000000000046dec                strcmp
 .text          0x0000000000046ec8        0x0 c:/intelfpga_lite/18.1/nios2eds/bin/gnu/h-x86_64-mingw32/bin/../lib/gcc/nios2-elf/5.3.0/../../../../../H-x86_64-mingw32/nios2-elf/lib\libc.a(lib_a-strlen.o)
 .text.strlen   0x0000000000046ec8       0x98 c:/intelfpga_lite/18.1/nios2eds/bin/gnu/h-x86_64-mingw32/bin/../lib/gcc/nios2-elf/5.3.0/../../../../../H-x86_64-mingw32/nios2-elf/lib\libc.a(lib_a-strlen.o)
                0x0000000000046ec8                strlen
 .text          0x0000000000046f60        0x0 c:/intelfpga_lite/18.1/nios2eds/bin/gnu/h-x86_64-mingw32/bin/../lib/gcc/nios2-elf/5.3.0/../../../../../H-x86_64-mingw32/nios2-elf/lib\libc.a(lib_a-vfiprintf.o)
 .text.__sprint_r.part.0
                0x0000000000046f60       0xfc c:/intelfpga_lite/18.1/nios2eds/bin/gnu/h-x86_64-mingw32/bin/../lib/gcc/nios2-elf/5.3.0/../../../../../H-x86_64-mingw32/nios2-elf/lib\libc.a(lib_a-vfiprintf.o)
 .text.__sprint_r
                0x000000000004705c       0x18 c:/intelfpga_lite/18.1/nios2eds/bin/gnu/h-x86_64-mingw32/bin/../lib/gcc/nios2-elf/5.3.0/../../../../../H-x86_64-mingw32/nios2-elf/lib\libc.a(lib_a-vfiprintf.o)
                0x000000000004705c                __sprint_r
 .text.___vfiprintf_internal_r
                0x0000000000047074     0x145c c:/intelfpga_lite/18.1/nios2eds/bin/gnu/h-x86_64-mingw32/bin/../lib/gcc/nios2-elf/5.3.0/../../../../../H-x86_64-mingw32/nios2-elf/lib\libc.a(lib_a-vfiprintf.o)
                0x0000000000047074                ___vfiprintf_internal_r
 .text.__vfiprintf_internal
                0x00000000000484d0       0x1c c:/intelfpga_lite/18.1/nios2eds/bin/gnu/h-x86_64-mingw32/bin/../lib/gcc/nios2-elf/5.3.0/../../../../../H-x86_64-mingw32/nios2-elf/lib\libc.a(lib_a-vfiprintf.o)
                0x00000000000484d0                __vfiprintf_internal
 .text.__sbprintf
                0x00000000000484ec       0xbc c:/intelfpga_lite/18.1/nios2eds/bin/gnu/h-x86_64-mingw32/bin/../lib/gcc/nios2-elf/5.3.0/../../../../../H-x86_64-mingw32/nios2-elf/lib\libc.a(lib_a-vfiprintf.o)
 .text          0x00000000000485a8        0x0 c:/intelfpga_lite/18.1/nios2eds/bin/gnu/h-x86_64-mingw32/bin/../lib/gcc/nios2-elf/5.3.0/../../../../../H-x86_64-mingw32/nios2-elf/lib\libc.a(lib_a-writer.o)
 .text._write_r
                0x00000000000485a8       0x60 c:/intelfpga_lite/18.1/nios2eds/bin/gnu/h-x86_64-mingw32/bin/../lib/gcc/nios2-elf/5.3.0/../../../../../H-x86_64-mingw32/nios2-elf/lib\libc.a(lib_a-writer.o)
                0x00000000000485a8                _write_r
 .text          0x0000000000048608        0x0 c:/intelfpga_lite/18.1/nios2eds/bin/gnu/h-x86_64-mingw32/bin/../lib/gcc/nios2-elf/5.3.0/../../../../../H-x86_64-mingw32/nios2-elf/lib\libc.a(closer.o)
 .text._close_r
                0x0000000000048608       0x54 c:/intelfpga_lite/18.1/nios2eds/bin/gnu/h-x86_64-mingw32/bin/../lib/gcc/nios2-elf/5.3.0/../../../../../H-x86_64-mingw32/nios2-elf/lib\libc.a(closer.o)
                0x0000000000048608                _close_r
 .text          0x000000000004865c        0x0 c:/intelfpga_lite/18.1/nios2eds/bin/gnu/h-x86_64-mingw32/bin/../lib/gcc/nios2-elf/5.3.0/../../../../../H-x86_64-mingw32/nios2-elf/lib\libc.a(lib_a-callocr.o)
 .text._calloc_r
                0x000000000004865c       0xc4 c:/intelfpga_lite/18.1/nios2eds/bin/gnu/h-x86_64-mingw32/bin/../lib/gcc/nios2-elf/5.3.0/../../../../../H-x86_64-mingw32/nios2-elf/lib\libc.a(lib_a-callocr.o)
                0x000000000004865c                _calloc_r
 .text          0x0000000000048720        0x0 c:/intelfpga_lite/18.1/nios2eds/bin/gnu/h-x86_64-mingw32/bin/../lib/gcc/nios2-elf/5.3.0/../../../../../H-x86_64-mingw32/nios2-elf/lib\libc.a(lib_a-fclose.o)
 .text._fclose_r
                0x0000000000048720       0xf0 c:/intelfpga_lite/18.1/nios2eds/bin/gnu/h-x86_64-mingw32/bin/../lib/gcc/nios2-elf/5.3.0/../../../../../H-x86_64-mingw32/nios2-elf/lib\libc.a(lib_a-fclose.o)
                0x0000000000048720                _fclose_r
 .text.fclose   0x0000000000048810       0x14 c:/intelfpga_lite/18.1/nios2eds/bin/gnu/h-x86_64-mingw32/bin/../lib/gcc/nios2-elf/5.3.0/../../../../../H-x86_64-mingw32/nios2-elf/lib\libc.a(lib_a-fclose.o)
                0x0000000000048810                fclose
 .text          0x0000000000048824        0x0 c:/intelfpga_lite/18.1/nios2eds/bin/gnu/h-x86_64-mingw32/bin/../lib/gcc/nios2-elf/5.3.0/../../../../../H-x86_64-mingw32/nios2-elf/lib\libc.a(lib_a-fputwc.o)
 .text.__fputwc
                0x0000000000048824      0x164 c:/intelfpga_lite/18.1/nios2eds/bin/gnu/h-x86_64-mingw32/bin/../lib/gcc/nios2-elf/5.3.0/../../../../../H-x86_64-mingw32/nios2-elf/lib\libc.a(lib_a-fputwc.o)
                0x0000000000048824                __fputwc
 .text._fputwc_r
                0x0000000000048988       0x24 c:/intelfpga_lite/18.1/nios2eds/bin/gnu/h-x86_64-mingw32/bin/../lib/gcc/nios2-elf/5.3.0/../../../../../H-x86_64-mingw32/nios2-elf/lib\libc.a(lib_a-fputwc.o)
                0x0000000000048988                _fputwc_r
 .text.fputwc   0x00000000000489ac       0x80 c:/intelfpga_lite/18.1/nios2eds/bin/gnu/h-x86_64-mingw32/bin/../lib/gcc/nios2-elf/5.3.0/../../../../../H-x86_64-mingw32/nios2-elf/lib\libc.a(lib_a-fputwc.o)
                0x00000000000489ac                fputwc
 .text          0x0000000000048a2c        0x0 c:/intelfpga_lite/18.1/nios2eds/bin/gnu/h-x86_64-mingw32/bin/../lib/gcc/nios2-elf/5.3.0/../../../../../H-x86_64-mingw32/nios2-elf/lib\libc.a(lib_a-fstatr.o)
 .text._fstat_r
                0x0000000000048a2c       0x5c c:/intelfpga_lite/18.1/nios2eds/bin/gnu/h-x86_64-mingw32/bin/../lib/gcc/nios2-elf/5.3.0/../../../../../H-x86_64-mingw32/nios2-elf/lib\libc.a(lib_a-fstatr.o)
                0x0000000000048a2c                _fstat_r
 .text          0x0000000000048a88        0x0 c:/intelfpga_lite/18.1/nios2eds/bin/gnu/h-x86_64-mingw32/bin/../lib/gcc/nios2-elf/5.3.0/../../../../../H-x86_64-mingw32/nios2-elf/lib\libc.a(lib_a-fvwrite.o)
 .text.__sfvwrite_r
                0x0000000000048a88      0x4bc c:/intelfpga_lite/18.1/nios2eds/bin/gnu/h-x86_64-mingw32/bin/../lib/gcc/nios2-elf/5.3.0/../../../../../H-x86_64-mingw32/nios2-elf/lib\libc.a(lib_a-fvwrite.o)
                0x0000000000048a88                __sfvwrite_r
 .text          0x0000000000048f44        0x0 c:/intelfpga_lite/18.1/nios2eds/bin/gnu/h-x86_64-mingw32/bin/../lib/gcc/nios2-elf/5.3.0/../../../../../H-x86_64-mingw32/nios2-elf/lib\libc.a(lib_a-int_errno.o)
 .text          0x0000000000048f44        0x0 c:/intelfpga_lite/18.1/nios2eds/bin/gnu/h-x86_64-mingw32/bin/../lib/gcc/nios2-elf/5.3.0/../../../../../H-x86_64-mingw32/nios2-elf/lib\libc.a(lib_a-isattyr.o)
 .text._isatty_r
                0x0000000000048f44       0x54 c:/intelfpga_lite/18.1/nios2eds/bin/gnu/h-x86_64-mingw32/bin/../lib/gcc/nios2-elf/5.3.0/../../../../../H-x86_64-mingw32/nios2-elf/lib\libc.a(lib_a-isattyr.o)
                0x0000000000048f44                _isatty_r
 .text          0x0000000000048f98        0x0 c:/intelfpga_lite/18.1/nios2eds/bin/gnu/h-x86_64-mingw32/bin/../lib/gcc/nios2-elf/5.3.0/../../../../../H-x86_64-mingw32/nios2-elf/lib\libc.a(lib_a-lseekr.o)
 .text._lseek_r
                0x0000000000048f98       0x60 c:/intelfpga_lite/18.1/nios2eds/bin/gnu/h-x86_64-mingw32/bin/../lib/gcc/nios2-elf/5.3.0/../../../../../H-x86_64-mingw32/nios2-elf/lib\libc.a(lib_a-lseekr.o)
                0x0000000000048f98                _lseek_r
 .text          0x0000000000048ff8        0x0 c:/intelfpga_lite/18.1/nios2eds/bin/gnu/h-x86_64-mingw32/bin/../lib/gcc/nios2-elf/5.3.0/../../../../../H-x86_64-mingw32/nios2-elf/lib\libc.a(lib_a-memmove.o)
 .text.memmove  0x0000000000048ff8      0x15c c:/intelfpga_lite/18.1/nios2eds/bin/gnu/h-x86_64-mingw32/bin/../lib/gcc/nios2-elf/5.3.0/../../../../../H-x86_64-mingw32/nios2-elf/lib\libc.a(lib_a-memmove.o)
                0x0000000000048ff8                memmove
 .text          0x0000000000049154        0x0 c:/intelfpga_lite/18.1/nios2eds/bin/gnu/h-x86_64-mingw32/bin/../lib/gcc/nios2-elf/5.3.0/../../../../../H-x86_64-mingw32/nios2-elf/lib\libc.a(lib_a-readr.o)
 .text._read_r  0x0000000000049154       0x60 c:/intelfpga_lite/18.1/nios2eds/bin/gnu/h-x86_64-mingw32/bin/../lib/gcc/nios2-elf/5.3.0/../../../../../H-x86_64-mingw32/nios2-elf/lib\libc.a(lib_a-readr.o)
                0x0000000000049154                _read_r
 .text          0x00000000000491b4        0x0 c:/intelfpga_lite/18.1/nios2eds/bin/gnu/h-x86_64-mingw32/bin/../lib/gcc/nios2-elf/5.3.0/../../../../../H-x86_64-mingw32/nios2-elf/lib\libc.a(lib_a-reallocr.o)
 .text._realloc_r
                0x00000000000491b4      0x564 c:/intelfpga_lite/18.1/nios2eds/bin/gnu/h-x86_64-mingw32/bin/../lib/gcc/nios2-elf/5.3.0/../../../../../H-x86_64-mingw32/nios2-elf/lib\libc.a(lib_a-reallocr.o)
                0x00000000000491b4                _realloc_r
 .text          0x0000000000049718        0x0 c:/intelfpga_lite/18.1/nios2eds/bin/gnu/h-x86_64-mingw32/bin/../lib/gcc/nios2-elf/5.3.0/../../../../../H-x86_64-mingw32/nios2-elf/lib\libc.a(lib_a-wbuf.o)
 .text.__swbuf_r
                0x0000000000049718      0x140 c:/intelfpga_lite/18.1/nios2eds/bin/gnu/h-x86_64-mingw32/bin/../lib/gcc/nios2-elf/5.3.0/../../../../../H-x86_64-mingw32/nios2-elf/lib\libc.a(lib_a-wbuf.o)
                0x0000000000049718                __swbuf_r
 .text.__swbuf  0x0000000000049858       0x18 c:/intelfpga_lite/18.1/nios2eds/bin/gnu/h-x86_64-mingw32/bin/../lib/gcc/nios2-elf/5.3.0/../../../../../H-x86_64-mingw32/nios2-elf/lib\libc.a(lib_a-wbuf.o)
                0x0000000000049858                __swbuf
 .text          0x0000000000049870        0x0 c:/intelfpga_lite/18.1/nios2eds/bin/gnu/h-x86_64-mingw32/bin/../lib/gcc/nios2-elf/5.3.0/../../../../../H-x86_64-mingw32/nios2-elf/lib\libc.a(lib_a-wcrtomb.o)
 .text._wcrtomb_r
                0x0000000000049870       0x9c c:/intelfpga_lite/18.1/nios2eds/bin/gnu/h-x86_64-mingw32/bin/../lib/gcc/nios2-elf/5.3.0/../../../../../H-x86_64-mingw32/nios2-elf/lib\libc.a(lib_a-wcrtomb.o)
                0x0000000000049870                _wcrtomb_r
 .text.wcrtomb  0x000000000004990c       0xc0 c:/intelfpga_lite/18.1/nios2eds/bin/gnu/h-x86_64-mingw32/bin/../lib/gcc/nios2-elf/5.3.0/../../../../../H-x86_64-mingw32/nios2-elf/lib\libc.a(lib_a-wcrtomb.o)
                0x000000000004990c                wcrtomb
 .text          0x00000000000499cc        0x0 c:/intelfpga_lite/18.1/nios2eds/bin/gnu/h-x86_64-mingw32/bin/../lib/gcc/nios2-elf/5.3.0/../../../../../H-x86_64-mingw32/nios2-elf/lib\libc.a(lib_a-wctomb_r.o)
 .text.__ascii_wctomb
                0x00000000000499cc       0x30 c:/intelfpga_lite/18.1/nios2eds/bin/gnu/h-x86_64-mingw32/bin/../lib/gcc/nios2-elf/5.3.0/../../../../../H-x86_64-mingw32/nios2-elf/lib\libc.a(lib_a-wctomb_r.o)
                0x00000000000499cc                __ascii_wctomb
 .text._wctomb_r
                0x00000000000499fc       0x5c c:/intelfpga_lite/18.1/nios2eds/bin/gnu/h-x86_64-mingw32/bin/../lib/gcc/nios2-elf/5.3.0/../../../../../H-x86_64-mingw32/nios2-elf/lib\libc.a(lib_a-wctomb_r.o)
                0x00000000000499fc                _wctomb_r
 .text          0x0000000000049a58      0x578 c:/intelfpga_lite/18.1/nios2eds/bin/gnu/h-x86_64-mingw32/bin/../lib/gcc/nios2-elf/5.3.0\libgcc.a(_udivdi3.o)
                0x0000000000049a58                __udivdi3
 .text          0x0000000000049fd0      0x538 c:/intelfpga_lite/18.1/nios2eds/bin/gnu/h-x86_64-mingw32/bin/../lib/gcc/nios2-elf/5.3.0\libgcc.a(_umoddi3.o)
                0x0000000000049fd0                __umoddi3
 .text          0x000000000004a508      0x1b4 c:/intelfpga_lite/18.1/nios2eds/bin/gnu/h-x86_64-mingw32/bin/../lib/gcc/nios2-elf/5.3.0\libgcc.a(lib2-divmod.o)
                0x000000000004a508                __divsi3
                0x000000000004a58c                __modsi3
                0x000000000004a600                __udivsi3
                0x000000000004a664                __umodsi3
 .text          0x000000000004a6bc      0x8ac c:/intelfpga_lite/18.1/nios2eds/bin/gnu/h-x86_64-mingw32/bin/../lib/gcc/nios2-elf/5.3.0\libgcc.a(adddf3.o)
                0x000000000004a6bc                __adddf3
 .text          0x000000000004af68      0x8e8 c:/intelfpga_lite/18.1/nios2eds/bin/gnu/h-x86_64-mingw32/bin/../lib/gcc/nios2-elf/5.3.0\libgcc.a(divdf3.o)
                0x000000000004af68                __divdf3
 .text          0x000000000004b850       0x88 c:/intelfpga_lite/18.1/nios2eds/bin/gnu/h-x86_64-mingw32/bin/../lib/gcc/nios2-elf/5.3.0\libgcc.a(eqdf2.o)
                0x000000000004b850                __nedf2
                0x000000000004b850                __eqdf2
 .text          0x000000000004b8d8       0xdc c:/intelfpga_lite/18.1/nios2eds/bin/gnu/h-x86_64-mingw32/bin/../lib/gcc/nios2-elf/5.3.0\libgcc.a(gedf2.o)
                0x000000000004b8d8                __gedf2
                0x000000000004b8d8                __gtdf2
 .text          0x000000000004b9b4       0xf4 c:/intelfpga_lite/18.1/nios2eds/bin/gnu/h-x86_64-mingw32/bin/../lib/gcc/nios2-elf/5.3.0\libgcc.a(ledf2.o)
                0x000000000004b9b4                __ledf2
                0x000000000004b9b4                __ltdf2
 .text          0x000000000004baa8      0x718 c:/intelfpga_lite/18.1/nios2eds/bin/gnu/h-x86_64-mingw32/bin/../lib/gcc/nios2-elf/5.3.0\libgcc.a(muldf3.o)
                0x000000000004baa8                __muldf3
 .text          0x000000000004c1c0      0x8fc c:/intelfpga_lite/18.1/nios2eds/bin/gnu/h-x86_64-mingw32/bin/../lib/gcc/nios2-elf/5.3.0\libgcc.a(subdf3.o)
                0x000000000004c1c0                __subdf3
 .text          0x000000000004cabc       0x80 c:/intelfpga_lite/18.1/nios2eds/bin/gnu/h-x86_64-mingw32/bin/../lib/gcc/nios2-elf/5.3.0\libgcc.a(fixdfsi.o)
                0x000000000004cabc                __fixdfsi
 .text          0x000000000004cb3c       0xdc c:/intelfpga_lite/18.1/nios2eds/bin/gnu/h-x86_64-mingw32/bin/../lib/gcc/nios2-elf/5.3.0\libgcc.a(floatsidf.o)
                0x000000000004cb3c                __floatsidf
 .text          0x000000000004cc18       0xa8 c:/intelfpga_lite/18.1/nios2eds/bin/gnu/h-x86_64-mingw32/bin/../lib/gcc/nios2-elf/5.3.0\libgcc.a(floatunsidf.o)
                0x000000000004cc18                __floatunsidf
 .text          0x000000000004ccc0        0x0 c:/intelfpga_lite/18.1/nios2eds/bin/gnu/h-x86_64-mingw32/bin/../lib/gcc/nios2-elf/5.3.0\libgcc.a(_clz.o)
 .text          0x000000000004ccc0       0x64 c:/intelfpga_lite/18.1/nios2eds/bin/gnu/h-x86_64-mingw32/bin/../lib/gcc/nios2-elf/5.3.0\libgcc.a(_clzsi2.o)
                0x000000000004ccc0                __clzsi2
 .text          0x000000000004cd24      0x10c C:/Users/jthom/OneDrive/Root/EPFL/Courses/MA2/RTEmbeddedSystems/CS-476_RTEmbeddedSystems/Final_project/sw/bsp/\libhal_bsp.a(alt_close.o)
                0x000000000004cd60                close
 .text          0x000000000004ce30       0x2c C:/Users/jthom/OneDrive/Root/EPFL/Courses/MA2/RTEmbeddedSystems/CS-476_RTEmbeddedSystems/Final_project/sw/bsp/\libhal_bsp.a(alt_dev.o)
 .text          0x000000000004ce5c        0x0 C:/Users/jthom/OneDrive/Root/EPFL/Courses/MA2/RTEmbeddedSystems/CS-476_RTEmbeddedSystems/Final_project/sw/bsp/\libhal_bsp.a(alt_errno.o)
 .text          0x000000000004ce5c       0xec C:/Users/jthom/OneDrive/Root/EPFL/Courses/MA2/RTEmbeddedSystems/CS-476_RTEmbeddedSystems/Final_project/sw/bsp/\libhal_bsp.a(alt_fstat.o)
                0x000000000004ce98                fstat
 .text          0x000000000004cf48       0xe0 C:/Users/jthom/OneDrive/Root/EPFL/Courses/MA2/RTEmbeddedSystems/CS-476_RTEmbeddedSystems/Final_project/sw/bsp/\libhal_bsp.a(alt_isatty.o)
                0x000000000004cf84                isatty
 .text          0x000000000004d028       0xec C:/Users/jthom/OneDrive/Root/EPFL/Courses/MA2/RTEmbeddedSystems/CS-476_RTEmbeddedSystems/Final_project/sw/bsp/\libhal_bsp.a(alt_load.o)
                0x000000000004d090                alt_load
 .text          0x000000000004d114      0x110 C:/Users/jthom/OneDrive/Root/EPFL/Courses/MA2/RTEmbeddedSystems/CS-476_RTEmbeddedSystems/Final_project/sw/bsp/\libhal_bsp.a(alt_lseek.o)
                0x000000000004d150                lseek
 .text          0x000000000004d224       0x7c C:/Users/jthom/OneDrive/Root/EPFL/Courses/MA2/RTEmbeddedSystems/CS-476_RTEmbeddedSystems/Final_project/sw/bsp/\libhal_bsp.a(alt_main.o)
                0x000000000004d224                alt_main
 .text          0x000000000004d2a0       0x48 C:/Users/jthom/OneDrive/Root/EPFL/Courses/MA2/RTEmbeddedSystems/CS-476_RTEmbeddedSystems/Final_project/sw/bsp/\libhal_bsp.a(alt_malloc_lock.o)
                0x000000000004d2a0                __malloc_lock
                0x000000000004d2c4                __malloc_unlock
 .text          0x000000000004d2e8      0x138 C:/Users/jthom/OneDrive/Root/EPFL/Courses/MA2/RTEmbeddedSystems/CS-476_RTEmbeddedSystems/Final_project/sw/bsp/\libhal_bsp.a(alt_read.o)
                0x000000000004d324                read
 .text          0x000000000004d420       0x64 C:/Users/jthom/OneDrive/Root/EPFL/Courses/MA2/RTEmbeddedSystems/CS-476_RTEmbeddedSystems/Final_project/sw/bsp/\libhal_bsp.a(alt_release_fd.o)
                0x000000000004d420                alt_release_fd
 .text          0x000000000004d484       0xb0 C:/Users/jthom/OneDrive/Root/EPFL/Courses/MA2/RTEmbeddedSystems/CS-476_RTEmbeddedSystems/Final_project/sw/bsp/\libhal_bsp.a(alt_sbrk.o)
                0x000000000004d484                sbrk
 .text          0x000000000004d534      0x134 C:/Users/jthom/OneDrive/Root/EPFL/Courses/MA2/RTEmbeddedSystems/CS-476_RTEmbeddedSystems/Final_project/sw/bsp/\libhal_bsp.a(alt_write.o)
                0x000000000004d570                write
 .text          0x000000000004d668       0xdc C:/Users/jthom/OneDrive/Root/EPFL/Courses/MA2/RTEmbeddedSystems/CS-476_RTEmbeddedSystems/Final_project/sw/bsp/\libhal_bsp.a(alt_sys_init.o)
                0x000000000004d69c                alt_irq_init
                0x000000000004d6d4                alt_sys_init
 .text          0x000000000004d744      0x164 C:/Users/jthom/OneDrive/Root/EPFL/Courses/MA2/RTEmbeddedSystems/CS-476_RTEmbeddedSystems/Final_project/sw/bsp/\libhal_bsp.a(altera_avalon_jtag_uart_fd.o)
                0x000000000004d744                altera_avalon_jtag_uart_read_fd
                0x000000000004d7a4                altera_avalon_jtag_uart_write_fd
                0x000000000004d804                altera_avalon_jtag_uart_close_fd
                0x000000000004d854                altera_avalon_jtag_uart_ioctl_fd
 .text          0x000000000004d8a8      0x3d4 C:/Users/jthom/OneDrive/Root/EPFL/Courses/MA2/RTEmbeddedSystems/CS-476_RTEmbeddedSystems/Final_project/sw/bsp/\libhal_bsp.a(altera_avalon_jtag_uart_init.o)
                0x000000000004d8a8                altera_avalon_jtag_uart_init
                0x000000000004dc14                altera_avalon_jtag_uart_close
 .text          0x000000000004dc7c       0xf0 C:/Users/jthom/OneDrive/Root/EPFL/Courses/MA2/RTEmbeddedSystems/CS-476_RTEmbeddedSystems/Final_project/sw/bsp/\libhal_bsp.a(altera_avalon_jtag_uart_ioctl.o)
                0x000000000004dc7c                altera_avalon_jtag_uart_ioctl
 .text          0x000000000004dd6c      0x21c C:/Users/jthom/OneDrive/Root/EPFL/Courses/MA2/RTEmbeddedSystems/CS-476_RTEmbeddedSystems/Final_project/sw/bsp/\libhal_bsp.a(altera_avalon_jtag_uart_read.o)
                0x000000000004dd6c                altera_avalon_jtag_uart_read
 .text          0x000000000004df88      0x224 C:/Users/jthom/OneDrive/Root/EPFL/Courses/MA2/RTEmbeddedSystems/CS-476_RTEmbeddedSystems/Final_project/sw/bsp/\libhal_bsp.a(altera_avalon_jtag_uart_write.o)
                0x000000000004df88                altera_avalon_jtag_uart_write
 .text          0x000000000004e1ac      0x190 C:/Users/jthom/OneDrive/Root/EPFL/Courses/MA2/RTEmbeddedSystems/CS-476_RTEmbeddedSystems/Final_project/sw/bsp/\libhal_bsp.a(altera_avalon_performance_counter.o)
                0x000000000004e1ac                perf_get_section_time
                0x000000000004e268                perf_get_total_time
                0x000000000004e2b4                perf_get_num_starts
                0x000000000004e2f4                alt_get_performance_counter_base
                0x000000000004e318                alt_get_cpu_freq
 .text          0x000000000004e33c       0xf4 C:/Users/jthom/OneDrive/Root/EPFL/Courses/MA2/RTEmbeddedSystems/CS-476_RTEmbeddedSystems/Final_project/sw/bsp/\libhal_bsp.a(altera_avalon_timer_sc.o)
                0x000000000004e3b4                alt_avalon_timer_sc_init
 .text          0x000000000004e430      0x280 C:/Users/jthom/OneDrive/Root/EPFL/Courses/MA2/RTEmbeddedSystems/CS-476_RTEmbeddedSystems/Final_project/sw/bsp/\libhal_bsp.a(perf_print_formatted_report.o)
                0x000000000004e430                perf_print_formatted_report
 .text          0x000000000004e6b0      0x12c C:/Users/jthom/OneDrive/Root/EPFL/Courses/MA2/RTEmbeddedSystems/CS-476_RTEmbeddedSystems/Final_project/sw/bsp/\libhal_bsp.a(alt_alarm_start.o)
                0x000000000004e6b0                alt_alarm_start
 .text          0x000000000004e7dc       0x48 C:/Users/jthom/OneDrive/Root/EPFL/Courses/MA2/RTEmbeddedSystems/CS-476_RTEmbeddedSystems/Final_project/sw/bsp/\libhal_bsp.a(alt_dcache_flush_all.o)
                0x000000000004e7dc                alt_dcache_flush_all
 .text          0x000000000004e824       0xe0 C:/Users/jthom/OneDrive/Root/EPFL/Courses/MA2/RTEmbeddedSystems/CS-476_RTEmbeddedSystems/Final_project/sw/bsp/\libhal_bsp.a(alt_dev_llist_insert.o)
                0x000000000004e860                alt_dev_llist_insert
 .text          0x000000000004e904       0x60 C:/Users/jthom/OneDrive/Root/EPFL/Courses/MA2/RTEmbeddedSystems/CS-476_RTEmbeddedSystems/Final_project/sw/bsp/\libhal_bsp.a(alt_do_ctors.o)
                0x000000000004e904                _do_ctors
 .text          0x000000000004e964       0x60 C:/Users/jthom/OneDrive/Root/EPFL/Courses/MA2/RTEmbeddedSystems/CS-476_RTEmbeddedSystems/Final_project/sw/bsp/\libhal_bsp.a(alt_do_dtors.o)
                0x000000000004e964                _do_dtors
 .text          0x000000000004e9c4       0x34 C:/Users/jthom/OneDrive/Root/EPFL/Courses/MA2/RTEmbeddedSystems/CS-476_RTEmbeddedSystems/Final_project/sw/bsp/\libhal_bsp.a(alt_icache_flush_all.o)
                0x000000000004e9c4                alt_icache_flush_all
 .text          0x000000000004e9f8      0x1b0 C:/Users/jthom/OneDrive/Root/EPFL/Courses/MA2/RTEmbeddedSystems/CS-476_RTEmbeddedSystems/Final_project/sw/bsp/\libhal_bsp.a(alt_iic.o)
                0x000000000004e9f8                alt_ic_isr_register
                0x000000000004ea48                alt_ic_irq_enable
                0x000000000004ead0                alt_ic_irq_disable
                0x000000000004eb5c                alt_ic_irq_enabled
 .text          0x000000000004eba8       0xf0 C:/Users/jthom/OneDrive/Root/EPFL/Courses/MA2/RTEmbeddedSystems/CS-476_RTEmbeddedSystems/Final_project/sw/bsp/\libhal_bsp.a(alt_iic_isr_register.o)
                0x000000000004eba8                alt_iic_isr_register
 .text          0x000000000004ec98      0x140 C:/Users/jthom/OneDrive/Root/EPFL/Courses/MA2/RTEmbeddedSystems/CS-476_RTEmbeddedSystems/Final_project/sw/bsp/\libhal_bsp.a(alt_io_redirect.o)
                0x000000000004ed5c                alt_io_redirect
 .text          0x000000000004edd8        0x0 C:/Users/jthom/OneDrive/Root/EPFL/Courses/MA2/RTEmbeddedSystems/CS-476_RTEmbeddedSystems/Final_project/sw/bsp/\libhal_bsp.a(alt_irq_entry.o)
 .text          0x000000000004edd8        0x0 C:/Users/jthom/OneDrive/Root/EPFL/Courses/MA2/RTEmbeddedSystems/CS-476_RTEmbeddedSystems/Final_project/sw/bsp/\libhal_bsp.a(alt_irq_handler.o)
 .text          0x000000000004edd8        0x0 C:/Users/jthom/OneDrive/Root/EPFL/Courses/MA2/RTEmbeddedSystems/CS-476_RTEmbeddedSystems/Final_project/sw/bsp/\libhal_bsp.a(alt_irq_vars.o)
 .text          0x000000000004edd8      0x254 C:/Users/jthom/OneDrive/Root/EPFL/Courses/MA2/RTEmbeddedSystems/CS-476_RTEmbeddedSystems/Final_project/sw/bsp/\libhal_bsp.a(alt_open.o)
                0x000000000004eed8                open
 .text          0x000000000004f02c      0x1a4 C:/Users/jthom/OneDrive/Root/EPFL/Courses/MA2/RTEmbeddedSystems/CS-476_RTEmbeddedSystems/Final_project/sw/bsp/\libhal_bsp.a(alt_tick.o)
                0x000000000004f02c                alt_alarm_stop
                0x000000000004f0c8                alt_tick
 .text          0x000000000004f1d0       0x24 C:/Users/jthom/OneDrive/Root/EPFL/Courses/MA2/RTEmbeddedSystems/CS-476_RTEmbeddedSystems/Final_project/sw/bsp/\libhal_bsp.a(altera_nios2_gen2_irq.o)
                0x000000000004f1d0                altera_nios2_gen2_irq_init
 .text          0x000000000004f1f4        0x0 C:/Users/jthom/OneDrive/Root/EPFL/Courses/MA2/RTEmbeddedSystems/CS-476_RTEmbeddedSystems/Final_project/sw/bsp/\libhal_bsp.a(alt_exception_entry.o)
 .text          0x000000000004f1f4       0x90 C:/Users/jthom/OneDrive/Root/EPFL/Courses/MA2/RTEmbeddedSystems/CS-476_RTEmbeddedSystems/Final_project/sw/bsp/\libhal_bsp.a(alt_find_dev.o)
                0x000000000004f1f4                alt_find_dev
 .text          0x000000000004f284      0x108 C:/Users/jthom/OneDrive/Root/EPFL/Courses/MA2/RTEmbeddedSystems/CS-476_RTEmbeddedSystems/Final_project/sw/bsp/\libhal_bsp.a(alt_find_file.o)
                0x000000000004f284                alt_find_file
 .text          0x000000000004f38c       0xa4 C:/Users/jthom/OneDrive/Root/EPFL/Courses/MA2/RTEmbeddedSystems/CS-476_RTEmbeddedSystems/Final_project/sw/bsp/\libhal_bsp.a(alt_get_fd.o)
                0x000000000004f38c                alt_get_fd
 .text          0x000000000004f430       0x90 C:/Users/jthom/OneDrive/Root/EPFL/Courses/MA2/RTEmbeddedSystems/CS-476_RTEmbeddedSystems/Final_project/sw/bsp/\libhal_bsp.a(alt_icache_flush.o)
                0x000000000004f430                alt_icache_flush
 .text          0x000000000004f4c0       0x9c C:/Users/jthom/OneDrive/Root/EPFL/Courses/MA2/RTEmbeddedSystems/CS-476_RTEmbeddedSystems/Final_project/sw/bsp/\libhal_bsp.a(alt_instruction_exception_entry.o)
                0x000000000004f4c0                alt_exception_cause_generated_bad_addr
 .text          0x000000000004f55c        0x0 c:/intelfpga_lite/18.1/nios2eds/bin/gnu/h-x86_64-mingw32/bin/../lib/gcc/nios2-elf/5.3.0/../../../../../H-x86_64-mingw32/nios2-elf/lib\libc.a(lib_a-atexit.o)
 .text.atexit   0x000000000004f55c       0x14 c:/intelfpga_lite/18.1/nios2eds/bin/gnu/h-x86_64-mingw32/bin/../lib/gcc/nios2-elf/5.3.0/../../../../../H-x86_64-mingw32/nios2-elf/lib\libc.a(lib_a-atexit.o)
                0x000000000004f55c                atexit
 .text          0x000000000004f570        0x0 c:/intelfpga_lite/18.1/nios2eds/bin/gnu/h-x86_64-mingw32/bin/../lib/gcc/nios2-elf/5.3.0/../../../../../H-x86_64-mingw32/nios2-elf/lib\libc.a(lib_a-exit.o)
 .text.exit     0x000000000004f570       0x38 c:/intelfpga_lite/18.1/nios2eds/bin/gnu/h-x86_64-mingw32/bin/../lib/gcc/nios2-elf/5.3.0/../../../../../H-x86_64-mingw32/nios2-elf/lib\libc.a(lib_a-exit.o)
                0x000000000004f570                exit
 .text          0x000000000004f5a8        0x0 c:/intelfpga_lite/18.1/nios2eds/bin/gnu/h-x86_64-mingw32/bin/../lib/gcc/nios2-elf/5.3.0/../../../../../H-x86_64-mingw32/nios2-elf/lib\libc.a(lib_a-memcmp.o)
 .text.memcmp   0x000000000004f5a8       0x7c c:/intelfpga_lite/18.1/nios2eds/bin/gnu/h-x86_64-mingw32/bin/../lib/gcc/nios2-elf/5.3.0/../../../../../H-x86_64-mingw32/nios2-elf/lib\libc.a(lib_a-memcmp.o)
                0x000000000004f5a8                memcmp
 .text          0x000000000004f624        0x0 c:/intelfpga_lite/18.1/nios2eds/bin/gnu/h-x86_64-mingw32/bin/../lib/gcc/nios2-elf/5.3.0/../../../../../H-x86_64-mingw32/nios2-elf/lib\libc.a(lib_a-__atexit.o)
 .text.__register_exitproc
                0x000000000004f624      0x118 c:/intelfpga_lite/18.1/nios2eds/bin/gnu/h-x86_64-mingw32/bin/../lib/gcc/nios2-elf/5.3.0/../../../../../H-x86_64-mingw32/nios2-elf/lib\libc.a(lib_a-__atexit.o)
                0x000000000004f624                __register_exitproc
 .text          0x000000000004f73c        0x0 c:/intelfpga_lite/18.1/nios2eds/bin/gnu/h-x86_64-mingw32/bin/../lib/gcc/nios2-elf/5.3.0/../../../../../H-x86_64-mingw32/nios2-elf/lib\libc.a(lib_a-__call_atexit.o)
 .text.__call_exitprocs
                0x000000000004f73c      0x180 c:/intelfpga_lite/18.1/nios2eds/bin/gnu/h-x86_64-mingw32/bin/../lib/gcc/nios2-elf/5.3.0/../../../../../H-x86_64-mingw32/nios2-elf/lib\libc.a(lib_a-__call_atexit.o)
                0x000000000004f73c                __call_exitprocs
 .text          0x000000000004f8bc       0x70 c:/intelfpga_lite/18.1/nios2eds/bin/gnu/h-x86_64-mingw32/bin/../lib/gcc/nios2-elf/5.3.0\libgcc.a(_floatundidf.o)
                0x000000000004f8bc                __floatundidf
 .text          0x000000000004f92c       0x34 C:/Users/jthom/OneDrive/Root/EPFL/Courses/MA2/RTEmbeddedSystems/CS-476_RTEmbeddedSystems/Final_project/sw/bsp/\libhal_bsp.a(alt_exit.o)
                0x000000000004f92c                _exit
 *(.gnu.warning.*)
 *(.fini)
                [!provide]                        PROVIDE (__etext, ABSOLUTE (.))
                [!provide]                        PROVIDE (_etext, ABSOLUTE (.))
                [!provide]                        PROVIDE (etext, ABSOLUTE (.))
 *(.eh_frame_hdr)
                0x000000000004f960                . = ALIGN (0x4)
                [!provide]                        PROVIDE (__preinit_array_start, ABSOLUTE (.))
 *(.preinit_array)
                [!provide]                        PROVIDE (__preinit_array_end, ABSOLUTE (.))
                [!provide]                        PROVIDE (__init_array_start, ABSOLUTE (.))
 *(.init_array)
                [!provide]                        PROVIDE (__init_array_end, ABSOLUTE (.))
                [!provide]                        PROVIDE (__fini_array_start, ABSOLUTE (.))
 *(.fini_array)
                [!provide]                        PROVIDE (__fini_array_end, ABSOLUTE (.))
 *(.eh_frame)
 *(.gcc_except_table .gcc_except_table.*)
 *(.dynamic)
                0x000000000004f960                PROVIDE (__CTOR_LIST__, ABSOLUTE (.))
 *(.ctors)
 *(SORT(.ctors.*))
                0x000000000004f960                PROVIDE (__CTOR_END__, ABSOLUTE (.))
                0x000000000004f960                PROVIDE (__DTOR_LIST__, ABSOLUTE (.))
 *(.dtors)
 *(SORT(.dtors.*))
                0x000000000004f960                PROVIDE (__DTOR_END__, ABSOLUTE (.))
 *(.jcr)
                0x000000000004f960                . = ALIGN (0x4)

.rodata         0x000000000004f960      0x430
                0x000000000004f960                PROVIDE (__ram_rodata_start, ABSOLUTE (.))
                0x000000000004f960                . = ALIGN (0x4)
 *(.rodata .rodata.* .gnu.linkonce.r.*)
 .rodata        0x000000000004f960       0x32 obj/default/main.o
 *fill*         0x000000000004f992        0x2 
 .rodata.str1.4
                0x000000000004f994       0x42 c:/intelfpga_lite/18.1/nios2eds/bin/gnu/h-x86_64-mingw32/bin/../lib/gcc/nios2-elf/5.3.0/../../../../../H-x86_64-mingw32/nios2-elf/lib\libc.a(lib_a-vfprintf.o)
 .rodata.zeroes.4404
                0x000000000004f9d6       0x10 c:/intelfpga_lite/18.1/nios2eds/bin/gnu/h-x86_64-mingw32/bin/../lib/gcc/nios2-elf/5.3.0/../../../../../H-x86_64-mingw32/nios2-elf/lib\libc.a(lib_a-vfprintf.o)
 .rodata.blanks.4403
                0x000000000004f9e6       0x10 c:/intelfpga_lite/18.1/nios2eds/bin/gnu/h-x86_64-mingw32/bin/../lib/gcc/nios2-elf/5.3.0/../../../../../H-x86_64-mingw32/nios2-elf/lib\libc.a(lib_a-vfprintf.o)
 *fill*         0x000000000004f9f6        0x2 
 .rodata.str1.4
                0x000000000004f9f8       0x10 c:/intelfpga_lite/18.1/nios2eds/bin/gnu/h-x86_64-mingw32/bin/../lib/gcc/nios2-elf/5.3.0/../../../../../H-x86_64-mingw32/nios2-elf/lib\libc.a(lib_a-dtoa.o)
                                         0x12 (size before relaxing)
 .rodata.str1.4
                0x000000000004fa08        0x2 c:/intelfpga_lite/18.1/nios2eds/bin/gnu/h-x86_64-mingw32/bin/../lib/gcc/nios2-elf/5.3.0/../../../../../H-x86_64-mingw32/nios2-elf/lib\libc.a(lib_a-impure.o)
 *fill*         0x000000000004fa0a        0x2 
 .rodata.str1.4
                0x000000000004fa0c        0xc c:/intelfpga_lite/18.1/nios2eds/bin/gnu/h-x86_64-mingw32/bin/../lib/gcc/nios2-elf/5.3.0/../../../../../H-x86_64-mingw32/nios2-elf/lib\libc.a(lib_a-locale.o)
                                         0x12 (size before relaxing)
 .rodata.p05.2768
                0x000000000004fa18        0xc c:/intelfpga_lite/18.1/nios2eds/bin/gnu/h-x86_64-mingw32/bin/../lib/gcc/nios2-elf/5.3.0/../../../../../H-x86_64-mingw32/nios2-elf/lib\libc.a(lib_a-mprec.o)
 .rodata.__mprec_tinytens
                0x000000000004fa24       0x28 c:/intelfpga_lite/18.1/nios2eds/bin/gnu/h-x86_64-mingw32/bin/../lib/gcc/nios2-elf/5.3.0/../../../../../H-x86_64-mingw32/nios2-elf/lib\libc.a(lib_a-mprec.o)
                0x000000000004fa24                __mprec_tinytens
 .rodata.__mprec_bigtens
                0x000000000004fa4c       0x28 c:/intelfpga_lite/18.1/nios2eds/bin/gnu/h-x86_64-mingw32/bin/../lib/gcc/nios2-elf/5.3.0/../../../../../H-x86_64-mingw32/nios2-elf/lib\libc.a(lib_a-mprec.o)
                0x000000000004fa4c                __mprec_bigtens
 .rodata.__mprec_tens
                0x000000000004fa74       0xc8 c:/intelfpga_lite/18.1/nios2eds/bin/gnu/h-x86_64-mingw32/bin/../lib/gcc/nios2-elf/5.3.0/../../../../../H-x86_64-mingw32/nios2-elf/lib\libc.a(lib_a-mprec.o)
                0x000000000004fa74                __mprec_tens
 .rodata.str1.4
                0x000000000004fb3c       0x2f c:/intelfpga_lite/18.1/nios2eds/bin/gnu/h-x86_64-mingw32/bin/../lib/gcc/nios2-elf/5.3.0/../../../../../H-x86_64-mingw32/nios2-elf/lib\libc.a(lib_a-vfiprintf.o)
 .rodata.zeroes.4349
                0x000000000004fb3c       0x10 c:/intelfpga_lite/18.1/nios2eds/bin/gnu/h-x86_64-mingw32/bin/../lib/gcc/nios2-elf/5.3.0/../../../../../H-x86_64-mingw32/nios2-elf/lib\libc.a(lib_a-vfiprintf.o)
 .rodata.blanks.4348
                0x000000000004fb4c       0x10 c:/intelfpga_lite/18.1/nios2eds/bin/gnu/h-x86_64-mingw32/bin/../lib/gcc/nios2-elf/5.3.0/../../../../../H-x86_64-mingw32/nios2-elf/lib\libc.a(lib_a-vfiprintf.o)
 .rodata        0x000000000004fb5c      0x100 c:/intelfpga_lite/18.1/nios2eds/bin/gnu/h-x86_64-mingw32/bin/../lib/gcc/nios2-elf/5.3.0\libgcc.a(_clz.o)
                0x000000000004fb5c                __clz_tab
 .rodata        0x000000000004fc5c        0xa C:/Users/jthom/OneDrive/Root/EPFL/Courses/MA2/RTEmbeddedSystems/CS-476_RTEmbeddedSystems/Final_project/sw/bsp/\libhal_bsp.a(alt_dev.o)
 *fill*         0x000000000004fc66        0x2 
 .rodata        0x000000000004fc68       0x11 C:/Users/jthom/OneDrive/Root/EPFL/Courses/MA2/RTEmbeddedSystems/CS-476_RTEmbeddedSystems/Final_project/sw/bsp/\libhal_bsp.a(alt_main.o)
 *fill*         0x000000000004fc79        0x3 
 .rodata        0x000000000004fc7c       0x11 C:/Users/jthom/OneDrive/Root/EPFL/Courses/MA2/RTEmbeddedSystems/CS-476_RTEmbeddedSystems/Final_project/sw/bsp/\libhal_bsp.a(alt_sys_init.o)
 *fill*         0x000000000004fc8d        0x3 
 .rodata        0x000000000004fc90      0x100 C:/Users/jthom/OneDrive/Root/EPFL/Courses/MA2/RTEmbeddedSystems/CS-476_RTEmbeddedSystems/Final_project/sw/bsp/\libhal_bsp.a(perf_print_formatted_report.o)
 *(.rodata1)
                0x000000000004fd90                . = ALIGN (0x4)
                0x000000000004fd90                PROVIDE (__ram_rodata_end, ABSOLUTE (.))
                0x000000000004f960                PROVIDE (__flash_rodata_start, LOADADDR (.rodata))

.rwdata         0x000000000004fd90     0x2db0 load address 0x0000000000052b40
                0x000000000004fd90                PROVIDE (__ram_rwdata_start, ABSOLUTE (.))
                0x000000000004fd90                . = ALIGN (0x4)
 *(.got.plt)
 *(.got)
 *(.data1)
 *(.data .data.* .gnu.linkonce.d.*)
 .data          0x000000000004fd90        0x0 C:/Users/jthom/OneDrive/Root/EPFL/Courses/MA2/RTEmbeddedSystems/CS-476_RTEmbeddedSystems/Final_project/sw/bsp//obj/HAL/src/crt0.o
 .data          0x000000000004fd90        0x0 obj/default/main.o
 .data          0x000000000004fd90       0x60 obj/default/nn_weights.o
                0x000000000004fd90                nnWeights
 .data          0x000000000004fdf0     0x1260 obj/default/test_image.o
                0x000000000004fdf0                testImage0
                0x0000000000050410                testImage1
                0x0000000000050a30                testImage2
 .data          0x0000000000051050        0x0 c:/intelfpga_lite/18.1/nios2eds/bin/gnu/h-x86_64-mingw32/bin/../lib/gcc/nios2-elf/5.3.0/../../../../../H-x86_64-mingw32/nios2-elf/lib\libc.a(lib_a-printf.o)
 .data          0x0000000000051050        0x0 c:/intelfpga_lite/18.1/nios2eds/bin/gnu/h-x86_64-mingw32/bin/../lib/gcc/nios2-elf/5.3.0/../../../../../H-x86_64-mingw32/nios2-elf/lib\libc.a(lib_a-vfprintf.o)
 .data          0x0000000000051050        0x0 c:/intelfpga_lite/18.1/nios2eds/bin/gnu/h-x86_64-mingw32/bin/../lib/gcc/nios2-elf/5.3.0/../../../../../H-x86_64-mingw32/nios2-elf/lib\libc.a(lib_a-wsetup.o)
 .data          0x0000000000051050        0x0 c:/intelfpga_lite/18.1/nios2eds/bin/gnu/h-x86_64-mingw32/bin/../lib/gcc/nios2-elf/5.3.0/../../../../../H-x86_64-mingw32/nios2-elf/lib\libc.a(lib_a-dtoa.o)
 .data          0x0000000000051050        0x0 c:/intelfpga_lite/18.1/nios2eds/bin/gnu/h-x86_64-mingw32/bin/../lib/gcc/nios2-elf/5.3.0/../../../../../H-x86_64-mingw32/nios2-elf/lib\libc.a(lib_a-fflush.o)
 .data          0x0000000000051050        0x0 c:/intelfpga_lite/18.1/nios2eds/bin/gnu/h-x86_64-mingw32/bin/../lib/gcc/nios2-elf/5.3.0/../../../../../H-x86_64-mingw32/nios2-elf/lib\libc.a(lib_a-findfp.o)
 .data          0x0000000000051050        0x0 c:/intelfpga_lite/18.1/nios2eds/bin/gnu/h-x86_64-mingw32/bin/../lib/gcc/nios2-elf/5.3.0/../../../../../H-x86_64-mingw32/nios2-elf/lib\libc.a(lib_a-freer.o)
 .data          0x0000000000051050        0x0 c:/intelfpga_lite/18.1/nios2eds/bin/gnu/h-x86_64-mingw32/bin/../lib/gcc/nios2-elf/5.3.0/../../../../../H-x86_64-mingw32/nios2-elf/lib\libc.a(lib_a-fwalk.o)
 .data          0x0000000000051050        0x0 c:/intelfpga_lite/18.1/nios2eds/bin/gnu/h-x86_64-mingw32/bin/../lib/gcc/nios2-elf/5.3.0/../../../../../H-x86_64-mingw32/nios2-elf/lib\libc.a(lib_a-impure.o)
 .data.impure_data
                0x0000000000051050      0x424 c:/intelfpga_lite/18.1/nios2eds/bin/gnu/h-x86_64-mingw32/bin/../lib/gcc/nios2-elf/5.3.0/../../../../../H-x86_64-mingw32/nios2-elf/lib\libc.a(lib_a-impure.o)
 .data          0x0000000000051474        0x0 c:/intelfpga_lite/18.1/nios2eds/bin/gnu/h-x86_64-mingw32/bin/../lib/gcc/nios2-elf/5.3.0/../../../../../H-x86_64-mingw32/nios2-elf/lib\libc.a(lib_a-locale.o)
 .data.lc_message_charset
                0x0000000000051474       0x20 c:/intelfpga_lite/18.1/nios2eds/bin/gnu/h-x86_64-mingw32/bin/../lib/gcc/nios2-elf/5.3.0/../../../../../H-x86_64-mingw32/nios2-elf/lib\libc.a(lib_a-locale.o)
 .data.lc_ctype_charset
                0x0000000000051494       0x20 c:/intelfpga_lite/18.1/nios2eds/bin/gnu/h-x86_64-mingw32/bin/../lib/gcc/nios2-elf/5.3.0/../../../../../H-x86_64-mingw32/nios2-elf/lib\libc.a(lib_a-locale.o)
 .data.lconv    0x00000000000514b4       0x38 c:/intelfpga_lite/18.1/nios2eds/bin/gnu/h-x86_64-mingw32/bin/../lib/gcc/nios2-elf/5.3.0/../../../../../H-x86_64-mingw32/nios2-elf/lib\libc.a(lib_a-locale.o)
 .data          0x00000000000514ec        0x0 c:/intelfpga_lite/18.1/nios2eds/bin/gnu/h-x86_64-mingw32/bin/../lib/gcc/nios2-elf/5.3.0/../../../../../H-x86_64-mingw32/nios2-elf/lib\libc.a(lib_a-makebuf.o)
 .data          0x00000000000514ec        0x0 c:/intelfpga_lite/18.1/nios2eds/bin/gnu/h-x86_64-mingw32/bin/../lib/gcc/nios2-elf/5.3.0/../../../../../H-x86_64-mingw32/nios2-elf/lib\libc.a(lib_a-mallocr.o)
 .data.__malloc_av_
                0x00000000000514ec      0x408 c:/intelfpga_lite/18.1/nios2eds/bin/gnu/h-x86_64-mingw32/bin/../lib/gcc/nios2-elf/5.3.0/../../../../../H-x86_64-mingw32/nios2-elf/lib\libc.a(lib_a-mallocr.o)
                0x00000000000514ec                __malloc_av_
 .data          0x00000000000518f4        0x0 c:/intelfpga_lite/18.1/nios2eds/bin/gnu/h-x86_64-mingw32/bin/../lib/gcc/nios2-elf/5.3.0/../../../../../H-x86_64-mingw32/nios2-elf/lib\libc.a(lib_a-memchr.o)
 .data          0x00000000000518f4        0x0 c:/intelfpga_lite/18.1/nios2eds/bin/gnu/h-x86_64-mingw32/bin/../lib/gcc/nios2-elf/5.3.0/../../../../../H-x86_64-mingw32/nios2-elf/lib\libc.a(lib_a-memcpy.o)
 .data          0x00000000000518f4        0x0 c:/intelfpga_lite/18.1/nios2eds/bin/gnu/h-x86_64-mingw32/bin/../lib/gcc/nios2-elf/5.3.0/../../../../../H-x86_64-mingw32/nios2-elf/lib\libc.a(lib_a-memset.o)
 .data          0x00000000000518f4        0x0 c:/intelfpga_lite/18.1/nios2eds/bin/gnu/h-x86_64-mingw32/bin/../lib/gcc/nios2-elf/5.3.0/../../../../../H-x86_64-mingw32/nios2-elf/lib\libc.a(lib_a-mprec.o)
 .data          0x00000000000518f4        0x0 c:/intelfpga_lite/18.1/nios2eds/bin/gnu/h-x86_64-mingw32/bin/../lib/gcc/nios2-elf/5.3.0/../../../../../H-x86_64-mingw32/nios2-elf/lib\libc.a(lib_a-s_fpclassify.o)
 .data          0x00000000000518f4        0x0 c:/intelfpga_lite/18.1/nios2eds/bin/gnu/h-x86_64-mingw32/bin/../lib/gcc/nios2-elf/5.3.0/../../../../../H-x86_64-mingw32/nios2-elf/lib\libc.a(lib_a-sbrkr.o)
 .data          0x00000000000518f4        0x0 c:/intelfpga_lite/18.1/nios2eds/bin/gnu/h-x86_64-mingw32/bin/../lib/gcc/nios2-elf/5.3.0/../../../../../H-x86_64-mingw32/nios2-elf/lib\libc.a(lib_a-stdio.o)
 .data          0x00000000000518f4        0x0 c:/intelfpga_lite/18.1/nios2eds/bin/gnu/h-x86_64-mingw32/bin/../lib/gcc/nios2-elf/5.3.0/../../../../../H-x86_64-mingw32/nios2-elf/lib\libc.a(lib_a-strcmp.o)
 .data          0x00000000000518f4        0x0 c:/intelfpga_lite/18.1/nios2eds/bin/gnu/h-x86_64-mingw32/bin/../lib/gcc/nios2-elf/5.3.0/../../../../../H-x86_64-mingw32/nios2-elf/lib\libc.a(lib_a-strlen.o)
 .data          0x00000000000518f4        0x0 c:/intelfpga_lite/18.1/nios2eds/bin/gnu/h-x86_64-mingw32/bin/../lib/gcc/nios2-elf/5.3.0/../../../../../H-x86_64-mingw32/nios2-elf/lib\libc.a(lib_a-vfiprintf.o)
 .data          0x00000000000518f4        0x0 c:/intelfpga_lite/18.1/nios2eds/bin/gnu/h-x86_64-mingw32/bin/../lib/gcc/nios2-elf/5.3.0/../../../../../H-x86_64-mingw32/nios2-elf/lib\libc.a(lib_a-writer.o)
 .data          0x00000000000518f4        0x0 c:/intelfpga_lite/18.1/nios2eds/bin/gnu/h-x86_64-mingw32/bin/../lib/gcc/nios2-elf/5.3.0/../../../../../H-x86_64-mingw32/nios2-elf/lib\libc.a(closer.o)
 .data          0x00000000000518f4        0x0 c:/intelfpga_lite/18.1/nios2eds/bin/gnu/h-x86_64-mingw32/bin/../lib/gcc/nios2-elf/5.3.0/../../../../../H-x86_64-mingw32/nios2-elf/lib\libc.a(lib_a-callocr.o)
 .data          0x00000000000518f4        0x0 c:/intelfpga_lite/18.1/nios2eds/bin/gnu/h-x86_64-mingw32/bin/../lib/gcc/nios2-elf/5.3.0/../../../../../H-x86_64-mingw32/nios2-elf/lib\libc.a(lib_a-fclose.o)
 .data          0x00000000000518f4        0x0 c:/intelfpga_lite/18.1/nios2eds/bin/gnu/h-x86_64-mingw32/bin/../lib/gcc/nios2-elf/5.3.0/../../../../../H-x86_64-mingw32/nios2-elf/lib\libc.a(lib_a-fputwc.o)
 .data          0x00000000000518f4        0x0 c:/intelfpga_lite/18.1/nios2eds/bin/gnu/h-x86_64-mingw32/bin/../lib/gcc/nios2-elf/5.3.0/../../../../../H-x86_64-mingw32/nios2-elf/lib\libc.a(lib_a-fstatr.o)
 .data          0x00000000000518f4        0x0 c:/intelfpga_lite/18.1/nios2eds/bin/gnu/h-x86_64-mingw32/bin/../lib/gcc/nios2-elf/5.3.0/../../../../../H-x86_64-mingw32/nios2-elf/lib\libc.a(lib_a-fvwrite.o)
 .data          0x00000000000518f4        0x0 c:/intelfpga_lite/18.1/nios2eds/bin/gnu/h-x86_64-mingw32/bin/../lib/gcc/nios2-elf/5.3.0/../../../../../H-x86_64-mingw32/nios2-elf/lib\libc.a(lib_a-int_errno.o)
 .data          0x00000000000518f4        0x0 c:/intelfpga_lite/18.1/nios2eds/bin/gnu/h-x86_64-mingw32/bin/../lib/gcc/nios2-elf/5.3.0/../../../../../H-x86_64-mingw32/nios2-elf/lib\libc.a(lib_a-isattyr.o)
 .data          0x00000000000518f4        0x0 c:/intelfpga_lite/18.1/nios2eds/bin/gnu/h-x86_64-mingw32/bin/../lib/gcc/nios2-elf/5.3.0/../../../../../H-x86_64-mingw32/nios2-elf/lib\libc.a(lib_a-lseekr.o)
 .data          0x00000000000518f4        0x0 c:/intelfpga_lite/18.1/nios2eds/bin/gnu/h-x86_64-mingw32/bin/../lib/gcc/nios2-elf/5.3.0/../../../../../H-x86_64-mingw32/nios2-elf/lib\libc.a(lib_a-memmove.o)
 .data          0x00000000000518f4        0x0 c:/intelfpga_lite/18.1/nios2eds/bin/gnu/h-x86_64-mingw32/bin/../lib/gcc/nios2-elf/5.3.0/../../../../../H-x86_64-mingw32/nios2-elf/lib\libc.a(lib_a-readr.o)
 .data          0x00000000000518f4        0x0 c:/intelfpga_lite/18.1/nios2eds/bin/gnu/h-x86_64-mingw32/bin/../lib/gcc/nios2-elf/5.3.0/../../../../../H-x86_64-mingw32/nios2-elf/lib\libc.a(lib_a-reallocr.o)
 .data          0x00000000000518f4        0x0 c:/intelfpga_lite/18.1/nios2eds/bin/gnu/h-x86_64-mingw32/bin/../lib/gcc/nios2-elf/5.3.0/../../../../../H-x86_64-mingw32/nios2-elf/lib\libc.a(lib_a-wbuf.o)
 .data          0x00000000000518f4        0x0 c:/intelfpga_lite/18.1/nios2eds/bin/gnu/h-x86_64-mingw32/bin/../lib/gcc/nios2-elf/5.3.0/../../../../../H-x86_64-mingw32/nios2-elf/lib\libc.a(lib_a-wcrtomb.o)
 .data          0x00000000000518f4        0x0 c:/intelfpga_lite/18.1/nios2eds/bin/gnu/h-x86_64-mingw32/bin/../lib/gcc/nios2-elf/5.3.0/../../../../../H-x86_64-mingw32/nios2-elf/lib\libc.a(lib_a-wctomb_r.o)
 .data          0x00000000000518f4        0x0 c:/intelfpga_lite/18.1/nios2eds/bin/gnu/h-x86_64-mingw32/bin/../lib/gcc/nios2-elf/5.3.0\libgcc.a(_udivdi3.o)
 .data          0x00000000000518f4        0x0 c:/intelfpga_lite/18.1/nios2eds/bin/gnu/h-x86_64-mingw32/bin/../lib/gcc/nios2-elf/5.3.0\libgcc.a(_umoddi3.o)
 .data          0x00000000000518f4        0x0 c:/intelfpga_lite/18.1/nios2eds/bin/gnu/h-x86_64-mingw32/bin/../lib/gcc/nios2-elf/5.3.0\libgcc.a(lib2-divmod.o)
 .data          0x00000000000518f4        0x0 c:/intelfpga_lite/18.1/nios2eds/bin/gnu/h-x86_64-mingw32/bin/../lib/gcc/nios2-elf/5.3.0\libgcc.a(adddf3.o)
 .data          0x00000000000518f4        0x0 c:/intelfpga_lite/18.1/nios2eds/bin/gnu/h-x86_64-mingw32/bin/../lib/gcc/nios2-elf/5.3.0\libgcc.a(divdf3.o)
 .data          0x00000000000518f4        0x0 c:/intelfpga_lite/18.1/nios2eds/bin/gnu/h-x86_64-mingw32/bin/../lib/gcc/nios2-elf/5.3.0\libgcc.a(eqdf2.o)
 .data          0x00000000000518f4        0x0 c:/intelfpga_lite/18.1/nios2eds/bin/gnu/h-x86_64-mingw32/bin/../lib/gcc/nios2-elf/5.3.0\libgcc.a(gedf2.o)
 .data          0x00000000000518f4        0x0 c:/intelfpga_lite/18.1/nios2eds/bin/gnu/h-x86_64-mingw32/bin/../lib/gcc/nios2-elf/5.3.0\libgcc.a(ledf2.o)
 .data          0x00000000000518f4        0x0 c:/intelfpga_lite/18.1/nios2eds/bin/gnu/h-x86_64-mingw32/bin/../lib/gcc/nios2-elf/5.3.0\libgcc.a(muldf3.o)
 .data          0x00000000000518f4        0x0 c:/intelfpga_lite/18.1/nios2eds/bin/gnu/h-x86_64-mingw32/bin/../lib/gcc/nios2-elf/5.3.0\libgcc.a(subdf3.o)
 .data          0x00000000000518f4        0x0 c:/intelfpga_lite/18.1/nios2eds/bin/gnu/h-x86_64-mingw32/bin/../lib/gcc/nios2-elf/5.3.0\libgcc.a(fixdfsi.o)
 .data          0x00000000000518f4        0x0 c:/intelfpga_lite/18.1/nios2eds/bin/gnu/h-x86_64-mingw32/bin/../lib/gcc/nios2-elf/5.3.0\libgcc.a(floatsidf.o)
 .data          0x00000000000518f4        0x0 c:/intelfpga_lite/18.1/nios2eds/bin/gnu/h-x86_64-mingw32/bin/../lib/gcc/nios2-elf/5.3.0\libgcc.a(floatunsidf.o)
 .data          0x00000000000518f4        0x0 c:/intelfpga_lite/18.1/nios2eds/bin/gnu/h-x86_64-mingw32/bin/../lib/gcc/nios2-elf/5.3.0\libgcc.a(_clz.o)
 .data          0x00000000000518f4        0x0 c:/intelfpga_lite/18.1/nios2eds/bin/gnu/h-x86_64-mingw32/bin/../lib/gcc/nios2-elf/5.3.0\libgcc.a(_clzsi2.o)
 .data          0x00000000000518f4        0x0 C:/Users/jthom/OneDrive/Root/EPFL/Courses/MA2/RTEmbeddedSystems/CS-476_RTEmbeddedSystems/Final_project/sw/bsp/\libhal_bsp.a(alt_close.o)
 .data          0x00000000000518f4      0x1a8 C:/Users/jthom/OneDrive/Root/EPFL/Courses/MA2/RTEmbeddedSystems/CS-476_RTEmbeddedSystems/Final_project/sw/bsp/\libhal_bsp.a(alt_dev.o)
                0x00000000000518f4                alt_dev_null
                0x000000000005191c                alt_fd_list
 .data          0x0000000000051a9c        0x0 C:/Users/jthom/OneDrive/Root/EPFL/Courses/MA2/RTEmbeddedSystems/CS-476_RTEmbeddedSystems/Final_project/sw/bsp/\libhal_bsp.a(alt_errno.o)
 .data          0x0000000000051a9c        0x0 C:/Users/jthom/OneDrive/Root/EPFL/Courses/MA2/RTEmbeddedSystems/CS-476_RTEmbeddedSystems/Final_project/sw/bsp/\libhal_bsp.a(alt_fstat.o)
 .data          0x0000000000051a9c        0x0 C:/Users/jthom/OneDrive/Root/EPFL/Courses/MA2/RTEmbeddedSystems/CS-476_RTEmbeddedSystems/Final_project/sw/bsp/\libhal_bsp.a(alt_isatty.o)
 .data          0x0000000000051a9c        0x0 C:/Users/jthom/OneDrive/Root/EPFL/Courses/MA2/RTEmbeddedSystems/CS-476_RTEmbeddedSystems/Final_project/sw/bsp/\libhal_bsp.a(alt_load.o)
 .data          0x0000000000051a9c        0x0 C:/Users/jthom/OneDrive/Root/EPFL/Courses/MA2/RTEmbeddedSystems/CS-476_RTEmbeddedSystems/Final_project/sw/bsp/\libhal_bsp.a(alt_lseek.o)
 .data          0x0000000000051a9c        0x0 C:/Users/jthom/OneDrive/Root/EPFL/Courses/MA2/RTEmbeddedSystems/CS-476_RTEmbeddedSystems/Final_project/sw/bsp/\libhal_bsp.a(alt_main.o)
 .data          0x0000000000051a9c        0x0 C:/Users/jthom/OneDrive/Root/EPFL/Courses/MA2/RTEmbeddedSystems/CS-476_RTEmbeddedSystems/Final_project/sw/bsp/\libhal_bsp.a(alt_malloc_lock.o)
 .data          0x0000000000051a9c        0x0 C:/Users/jthom/OneDrive/Root/EPFL/Courses/MA2/RTEmbeddedSystems/CS-476_RTEmbeddedSystems/Final_project/sw/bsp/\libhal_bsp.a(alt_read.o)
 .data          0x0000000000051a9c        0x0 C:/Users/jthom/OneDrive/Root/EPFL/Courses/MA2/RTEmbeddedSystems/CS-476_RTEmbeddedSystems/Final_project/sw/bsp/\libhal_bsp.a(alt_release_fd.o)
 .data          0x0000000000051a9c        0x0 C:/Users/jthom/OneDrive/Root/EPFL/Courses/MA2/RTEmbeddedSystems/CS-476_RTEmbeddedSystems/Final_project/sw/bsp/\libhal_bsp.a(alt_sbrk.o)
 .data          0x0000000000051a9c        0x0 C:/Users/jthom/OneDrive/Root/EPFL/Courses/MA2/RTEmbeddedSystems/CS-476_RTEmbeddedSystems/Final_project/sw/bsp/\libhal_bsp.a(alt_write.o)
 .data          0x0000000000051a9c     0x1060 C:/Users/jthom/OneDrive/Root/EPFL/Courses/MA2/RTEmbeddedSystems/CS-476_RTEmbeddedSystems/Final_project/sw/bsp/\libhal_bsp.a(alt_sys_init.o)
 .data          0x0000000000052afc        0x0 C:/Users/jthom/OneDrive/Root/EPFL/Courses/MA2/RTEmbeddedSystems/CS-476_RTEmbeddedSystems/Final_project/sw/bsp/\libhal_bsp.a(altera_avalon_jtag_uart_fd.o)
 .data          0x0000000000052afc        0x0 C:/Users/jthom/OneDrive/Root/EPFL/Courses/MA2/RTEmbeddedSystems/CS-476_RTEmbeddedSystems/Final_project/sw/bsp/\libhal_bsp.a(altera_avalon_jtag_uart_init.o)
 .data          0x0000000000052afc        0x0 C:/Users/jthom/OneDrive/Root/EPFL/Courses/MA2/RTEmbeddedSystems/CS-476_RTEmbeddedSystems/Final_project/sw/bsp/\libhal_bsp.a(altera_avalon_jtag_uart_ioctl.o)
 .data          0x0000000000052afc        0x0 C:/Users/jthom/OneDrive/Root/EPFL/Courses/MA2/RTEmbeddedSystems/CS-476_RTEmbeddedSystems/Final_project/sw/bsp/\libhal_bsp.a(altera_avalon_jtag_uart_read.o)
 .data          0x0000000000052afc        0x0 C:/Users/jthom/OneDrive/Root/EPFL/Courses/MA2/RTEmbeddedSystems/CS-476_RTEmbeddedSystems/Final_project/sw/bsp/\libhal_bsp.a(altera_avalon_jtag_uart_write.o)
 .data          0x0000000000052afc        0x0 C:/Users/jthom/OneDrive/Root/EPFL/Courses/MA2/RTEmbeddedSystems/CS-476_RTEmbeddedSystems/Final_project/sw/bsp/\libhal_bsp.a(altera_avalon_performance_counter.o)
 .data          0x0000000000052afc        0x0 C:/Users/jthom/OneDrive/Root/EPFL/Courses/MA2/RTEmbeddedSystems/CS-476_RTEmbeddedSystems/Final_project/sw/bsp/\libhal_bsp.a(altera_avalon_timer_sc.o)
 .data          0x0000000000052afc        0x0 C:/Users/jthom/OneDrive/Root/EPFL/Courses/MA2/RTEmbeddedSystems/CS-476_RTEmbeddedSystems/Final_project/sw/bsp/\libhal_bsp.a(perf_print_formatted_report.o)
 .data          0x0000000000052afc        0x0 C:/Users/jthom/OneDrive/Root/EPFL/Courses/MA2/RTEmbeddedSystems/CS-476_RTEmbeddedSystems/Final_project/sw/bsp/\libhal_bsp.a(alt_alarm_start.o)
 .data          0x0000000000052afc        0x0 C:/Users/jthom/OneDrive/Root/EPFL/Courses/MA2/RTEmbeddedSystems/CS-476_RTEmbeddedSystems/Final_project/sw/bsp/\libhal_bsp.a(alt_dcache_flush_all.o)
 .data          0x0000000000052afc        0x0 C:/Users/jthom/OneDrive/Root/EPFL/Courses/MA2/RTEmbeddedSystems/CS-476_RTEmbeddedSystems/Final_project/sw/bsp/\libhal_bsp.a(alt_dev_llist_insert.o)
 .data          0x0000000000052afc        0x0 C:/Users/jthom/OneDrive/Root/EPFL/Courses/MA2/RTEmbeddedSystems/CS-476_RTEmbeddedSystems/Final_project/sw/bsp/\libhal_bsp.a(alt_do_ctors.o)
 .data          0x0000000000052afc        0x0 C:/Users/jthom/OneDrive/Root/EPFL/Courses/MA2/RTEmbeddedSystems/CS-476_RTEmbeddedSystems/Final_project/sw/bsp/\libhal_bsp.a(alt_do_dtors.o)
 .data          0x0000000000052afc        0x0 C:/Users/jthom/OneDrive/Root/EPFL/Courses/MA2/RTEmbeddedSystems/CS-476_RTEmbeddedSystems/Final_project/sw/bsp/\libhal_bsp.a(alt_icache_flush_all.o)
 .data          0x0000000000052afc        0x0 C:/Users/jthom/OneDrive/Root/EPFL/Courses/MA2/RTEmbeddedSystems/CS-476_RTEmbeddedSystems/Final_project/sw/bsp/\libhal_bsp.a(alt_iic.o)
 .data          0x0000000000052afc        0x0 C:/Users/jthom/OneDrive/Root/EPFL/Courses/MA2/RTEmbeddedSystems/CS-476_RTEmbeddedSystems/Final_project/sw/bsp/\libhal_bsp.a(alt_iic_isr_register.o)
 .data          0x0000000000052afc        0x0 C:/Users/jthom/OneDrive/Root/EPFL/Courses/MA2/RTEmbeddedSystems/CS-476_RTEmbeddedSystems/Final_project/sw/bsp/\libhal_bsp.a(alt_io_redirect.o)
 .data          0x0000000000052afc        0x0 C:/Users/jthom/OneDrive/Root/EPFL/Courses/MA2/RTEmbeddedSystems/CS-476_RTEmbeddedSystems/Final_project/sw/bsp/\libhal_bsp.a(alt_irq_entry.o)
 .data          0x0000000000052afc        0x0 C:/Users/jthom/OneDrive/Root/EPFL/Courses/MA2/RTEmbeddedSystems/CS-476_RTEmbeddedSystems/Final_project/sw/bsp/\libhal_bsp.a(alt_irq_handler.o)
 .data          0x0000000000052afc        0x0 C:/Users/jthom/OneDrive/Root/EPFL/Courses/MA2/RTEmbeddedSystems/CS-476_RTEmbeddedSystems/Final_project/sw/bsp/\libhal_bsp.a(alt_irq_vars.o)
 .data          0x0000000000052afc        0x0 C:/Users/jthom/OneDrive/Root/EPFL/Courses/MA2/RTEmbeddedSystems/CS-476_RTEmbeddedSystems/Final_project/sw/bsp/\libhal_bsp.a(alt_open.o)
 .data          0x0000000000052afc        0x0 C:/Users/jthom/OneDrive/Root/EPFL/Courses/MA2/RTEmbeddedSystems/CS-476_RTEmbeddedSystems/Final_project/sw/bsp/\libhal_bsp.a(alt_tick.o)
 .data          0x0000000000052afc        0x0 C:/Users/jthom/OneDrive/Root/EPFL/Courses/MA2/RTEmbeddedSystems/CS-476_RTEmbeddedSystems/Final_project/sw/bsp/\libhal_bsp.a(altera_nios2_gen2_irq.o)
 .data          0x0000000000052afc        0x0 C:/Users/jthom/OneDrive/Root/EPFL/Courses/MA2/RTEmbeddedSystems/CS-476_RTEmbeddedSystems/Final_project/sw/bsp/\libhal_bsp.a(alt_exception_entry.o)
 .data          0x0000000000052afc        0x0 C:/Users/jthom/OneDrive/Root/EPFL/Courses/MA2/RTEmbeddedSystems/CS-476_RTEmbeddedSystems/Final_project/sw/bsp/\libhal_bsp.a(alt_find_dev.o)
 .data          0x0000000000052afc        0x0 C:/Users/jthom/OneDrive/Root/EPFL/Courses/MA2/RTEmbeddedSystems/CS-476_RTEmbeddedSystems/Final_project/sw/bsp/\libhal_bsp.a(alt_find_file.o)
 .data          0x0000000000052afc        0x0 C:/Users/jthom/OneDrive/Root/EPFL/Courses/MA2/RTEmbeddedSystems/CS-476_RTEmbeddedSystems/Final_project/sw/bsp/\libhal_bsp.a(alt_get_fd.o)
 .data          0x0000000000052afc        0x0 C:/Users/jthom/OneDrive/Root/EPFL/Courses/MA2/RTEmbeddedSystems/CS-476_RTEmbeddedSystems/Final_project/sw/bsp/\libhal_bsp.a(alt_icache_flush.o)
 .data          0x0000000000052afc        0x0 C:/Users/jthom/OneDrive/Root/EPFL/Courses/MA2/RTEmbeddedSystems/CS-476_RTEmbeddedSystems/Final_project/sw/bsp/\libhal_bsp.a(alt_instruction_exception_entry.o)
 .data          0x0000000000052afc        0x0 c:/intelfpga_lite/18.1/nios2eds/bin/gnu/h-x86_64-mingw32/bin/../lib/gcc/nios2-elf/5.3.0/../../../../../H-x86_64-mingw32/nios2-elf/lib\libc.a(lib_a-atexit.o)
 .data          0x0000000000052afc        0x0 c:/intelfpga_lite/18.1/nios2eds/bin/gnu/h-x86_64-mingw32/bin/../lib/gcc/nios2-elf/5.3.0/../../../../../H-x86_64-mingw32/nios2-elf/lib\libc.a(lib_a-exit.o)
 .data          0x0000000000052afc        0x0 c:/intelfpga_lite/18.1/nios2eds/bin/gnu/h-x86_64-mingw32/bin/../lib/gcc/nios2-elf/5.3.0/../../../../../H-x86_64-mingw32/nios2-elf/lib\libc.a(lib_a-memcmp.o)
 .data          0x0000000000052afc        0x0 c:/intelfpga_lite/18.1/nios2eds/bin/gnu/h-x86_64-mingw32/bin/../lib/gcc/nios2-elf/5.3.0/../../../../../H-x86_64-mingw32/nios2-elf/lib\libc.a(lib_a-__atexit.o)
 .data          0x0000000000052afc        0x0 c:/intelfpga_lite/18.1/nios2eds/bin/gnu/h-x86_64-mingw32/bin/../lib/gcc/nios2-elf/5.3.0/../../../../../H-x86_64-mingw32/nios2-elf/lib\libc.a(lib_a-__call_atexit.o)
 .data          0x0000000000052afc        0x0 c:/intelfpga_lite/18.1/nios2eds/bin/gnu/h-x86_64-mingw32/bin/../lib/gcc/nios2-elf/5.3.0\libgcc.a(_floatundidf.o)
 .data          0x0000000000052afc        0x0 C:/Users/jthom/OneDrive/Root/EPFL/Courses/MA2/RTEmbeddedSystems/CS-476_RTEmbeddedSystems/Final_project/sw/bsp/\libhal_bsp.a(alt_exit.o)
                0x000000000005aafc                _gp = ABSOLUTE ((. + 0x8000))
                [!provide]                        PROVIDE (gp, _gp)
 *(.rwdata .rwdata.*)
 *(.sdata .sdata.* .gnu.linkonce.s.*)
 .sdata         0x0000000000052afc        0x4 obj/default/test_image.o
                0x0000000000052afc                testImage1Label
                0x0000000000052afe                testImage2Label
 .sdata._global_impure_ptr
                0x0000000000052b00        0x4 c:/intelfpga_lite/18.1/nios2eds/bin/gnu/h-x86_64-mingw32/bin/../lib/gcc/nios2-elf/5.3.0/../../../../../H-x86_64-mingw32/nios2-elf/lib\libc.a(lib_a-impure.o)
                0x0000000000052b00                _global_impure_ptr
 .sdata._impure_ptr
                0x0000000000052b04        0x4 c:/intelfpga_lite/18.1/nios2eds/bin/gnu/h-x86_64-mingw32/bin/../lib/gcc/nios2-elf/5.3.0/../../../../../H-x86_64-mingw32/nios2-elf/lib\libc.a(lib_a-impure.o)
                0x0000000000052b04                _impure_ptr
 .sdata.__mb_cur_max
                0x0000000000052b08        0x4 c:/intelfpga_lite/18.1/nios2eds/bin/gnu/h-x86_64-mingw32/bin/../lib/gcc/nios2-elf/5.3.0/../../../../../H-x86_64-mingw32/nios2-elf/lib\libc.a(lib_a-locale.o)
                0x0000000000052b08                __mb_cur_max
 .sdata.__malloc_sbrk_base
                0x0000000000052b0c        0x4 c:/intelfpga_lite/18.1/nios2eds/bin/gnu/h-x86_64-mingw32/bin/../lib/gcc/nios2-elf/5.3.0/../../../../../H-x86_64-mingw32/nios2-elf/lib\libc.a(lib_a-mallocr.o)
                0x0000000000052b0c                __malloc_sbrk_base
 .sdata.__malloc_trim_threshold
                0x0000000000052b10        0x4 c:/intelfpga_lite/18.1/nios2eds/bin/gnu/h-x86_64-mingw32/bin/../lib/gcc/nios2-elf/5.3.0/../../../../../H-x86_64-mingw32/nios2-elf/lib\libc.a(lib_a-mallocr.o)
                0x0000000000052b10                __malloc_trim_threshold
 .sdata.__wctomb
                0x0000000000052b14        0x4 c:/intelfpga_lite/18.1/nios2eds/bin/gnu/h-x86_64-mingw32/bin/../lib/gcc/nios2-elf/5.3.0/../../../../../H-x86_64-mingw32/nios2-elf/lib\libc.a(lib_a-wctomb_r.o)
                0x0000000000052b14                __wctomb
 .sdata         0x0000000000052b18       0x14 C:/Users/jthom/OneDrive/Root/EPFL/Courses/MA2/RTEmbeddedSystems/CS-476_RTEmbeddedSystems/Final_project/sw/bsp/\libhal_bsp.a(alt_dev.o)
                0x0000000000052b18                alt_fs_list
                0x0000000000052b20                alt_dev_list
                0x0000000000052b28                alt_max_fd
 .sdata         0x0000000000052b2c        0x4 C:/Users/jthom/OneDrive/Root/EPFL/Courses/MA2/RTEmbeddedSystems/CS-476_RTEmbeddedSystems/Final_project/sw/bsp/\libhal_bsp.a(alt_errno.o)
                0x0000000000052b2c                alt_errno
 .sdata         0x0000000000052b30        0x4 C:/Users/jthom/OneDrive/Root/EPFL/Courses/MA2/RTEmbeddedSystems/CS-476_RTEmbeddedSystems/Final_project/sw/bsp/\libhal_bsp.a(alt_sbrk.o)
 .sdata         0x0000000000052b34        0x4 C:/Users/jthom/OneDrive/Root/EPFL/Courses/MA2/RTEmbeddedSystems/CS-476_RTEmbeddedSystems/Final_project/sw/bsp/\libhal_bsp.a(alt_irq_vars.o)
                0x0000000000052b34                alt_priority_mask
 .sdata         0x0000000000052b38        0x8 C:/Users/jthom/OneDrive/Root/EPFL/Courses/MA2/RTEmbeddedSystems/CS-476_RTEmbeddedSystems/Final_project/sw/bsp/\libhal_bsp.a(alt_tick.o)
                0x0000000000052b38                alt_alarm_list
 *(.sdata2 .sdata2.* .gnu.linkonce.s2.*)
                0x0000000000052b40                . = ALIGN (0x4)
                0x0000000000052b40                _edata = ABSOLUTE (.)
                [!provide]                        PROVIDE (edata, ABSOLUTE (.))
                0x0000000000052b40                PROVIDE (__ram_rwdata_end, ABSOLUTE (.))
                0x0000000000052b40                PROVIDE (__flash_rwdata_start, LOADADDR (.rwdata))

.bss            0x00000000000558f0      0x784
                0x00000000000558f0                __bss_start = ABSOLUTE (.)
                [!provide]                        PROVIDE (__sbss_start, ABSOLUTE (.))
                [!provide]                        PROVIDE (___sbss_start, ABSOLUTE (.))
 *(.dynsbss)
 *(.sbss .sbss.* .gnu.linkonce.sb.*)
 .sbss          0x00000000000558f0        0x2 obj/default/test_image.o
                0x00000000000558f0                testImage0Label
 *fill*         0x00000000000558f2        0x2 
 .sbss._PathLocale
                0x00000000000558f4        0x4 c:/intelfpga_lite/18.1/nios2eds/bin/gnu/h-x86_64-mingw32/bin/../lib/gcc/nios2-elf/5.3.0/../../../../../H-x86_64-mingw32/nios2-elf/lib\libc.a(lib_a-locale.o)
                0x00000000000558f4                _PathLocale
 .sbss.__mlocale_changed
                0x00000000000558f8        0x4 c:/intelfpga_lite/18.1/nios2eds/bin/gnu/h-x86_64-mingw32/bin/../lib/gcc/nios2-elf/5.3.0/../../../../../H-x86_64-mingw32/nios2-elf/lib\libc.a(lib_a-locale.o)
                0x00000000000558f8                __mlocale_changed
 .sbss.__nlocale_changed
                0x00000000000558fc        0x4 c:/intelfpga_lite/18.1/nios2eds/bin/gnu/h-x86_64-mingw32/bin/../lib/gcc/nios2-elf/5.3.0/../../../../../H-x86_64-mingw32/nios2-elf/lib\libc.a(lib_a-locale.o)
                0x00000000000558fc                __nlocale_changed
 .sbss.__malloc_max_total_mem
                0x0000000000055900        0x4 c:/intelfpga_lite/18.1/nios2eds/bin/gnu/h-x86_64-mingw32/bin/../lib/gcc/nios2-elf/5.3.0/../../../../../H-x86_64-mingw32/nios2-elf/lib\libc.a(lib_a-mallocr.o)
                0x0000000000055900                __malloc_max_total_mem
 .sbss.__malloc_max_sbrked_mem
                0x0000000000055904        0x4 c:/intelfpga_lite/18.1/nios2eds/bin/gnu/h-x86_64-mingw32/bin/../lib/gcc/nios2-elf/5.3.0/../../../../../H-x86_64-mingw32/nios2-elf/lib\libc.a(lib_a-mallocr.o)
                0x0000000000055904                __malloc_max_sbrked_mem
 .sbss.__malloc_top_pad
                0x0000000000055908        0x4 c:/intelfpga_lite/18.1/nios2eds/bin/gnu/h-x86_64-mingw32/bin/../lib/gcc/nios2-elf/5.3.0/../../../../../H-x86_64-mingw32/nios2-elf/lib\libc.a(lib_a-mallocr.o)
                0x0000000000055908                __malloc_top_pad