Archive member included to satisfy reference by file (symbol)

d:/intel/nios2eds/bin/gnu/h-x86_64-mingw32/bin/../lib/gcc/nios2-elf/5.3.0/../../../../../H-x86_64-mingw32/nios2-elf/lib\libc.a(lib_a-printf.o)
                              obj/default/hello_world.o (printf)
d:/intel/nios2eds/bin/gnu/h-x86_64-mingw32/bin/../lib/gcc/nios2-elf/5.3.0/../../../../../H-x86_64-mingw32/nios2-elf/lib\libc.a(lib_a-vfprintf.o)
                              d:/intel/nios2eds/bin/gnu/h-x86_64-mingw32/bin/../lib/gcc/nios2-elf/5.3.0/../../../../../H-x86_64-mingw32/nios2-elf/lib\libc.a(lib_a-printf.o) (___vfprintf_internal_r)
d:/intel/nios2eds/bin/gnu/h-x86_64-mingw32/bin/../lib/gcc/nios2-elf/5.3.0/../../../../../H-x86_64-mingw32/nios2-elf/lib\libc.a(lib_a-wsetup.o)
                              d:/intel/nios2eds/bin/gnu/h-x86_64-mingw32/bin/../lib/gcc/nios2-elf/5.3.0/../../../../../H-x86_64-mingw32/nios2-elf/lib\libc.a(lib_a-vfprintf.o) (__swsetup_r)
d:/intel/nios2eds/bin/gnu/h-x86_64-mingw32/bin/../lib/gcc/nios2-elf/5.3.0/../../../../../H-x86_64-mingw32/nios2-elf/lib\libc.a(lib_a-dtoa.o)
                              d:/intel/nios2eds/bin/gnu/h-x86_64-mingw32/bin/../lib/gcc/nios2-elf/5.3.0/../../../../../H-x86_64-mingw32/nios2-elf/lib\libc.a(lib_a-vfprintf.o) (_dtoa_r)
d:/intel/nios2eds/bin/gnu/h-x86_64-mingw32/bin/../lib/gcc/nios2-elf/5.3.0/../../../../../H-x86_64-mingw32/nios2-elf/lib\libc.a(lib_a-fflush.o)
                              d:/intel/nios2eds/bin/gnu/h-x86_64-mingw32/bin/../lib/gcc/nios2-elf/5.3.0/../../../../../H-x86_64-mingw32/nios2-elf/lib\libc.a(lib_a-vfprintf.o) (_fflush_r)
d:/intel/nios2eds/bin/gnu/h-x86_64-mingw32/bin/../lib/gcc/nios2-elf/5.3.0/../../../../../H-x86_64-mingw32/nios2-elf/lib\libc.a(lib_a-findfp.o)
                              d:/intel/nios2eds/bin/gnu/h-x86_64-mingw32/bin/../lib/gcc/nios2-elf/5.3.0/../../../../../H-x86_64-mingw32/nios2-elf/lib\libc.a(lib_a-vfprintf.o) (__sinit)
d:/intel/nios2eds/bin/gnu/h-x86_64-mingw32/bin/../lib/gcc/nios2-elf/5.3.0/../../../../../H-x86_64-mingw32/nios2-elf/lib\libc.a(lib_a-freer.o)
                              d:/intel/nios2eds/bin/gnu/h-x86_64-mingw32/bin/../lib/gcc/nios2-elf/5.3.0/../../../../../H-x86_64-mingw32/nios2-elf/lib\libc.a(lib_a-wsetup.o) (_free_r)
d:/intel/nios2eds/bin/gnu/h-x86_64-mingw32/bin/../lib/gcc/nios2-elf/5.3.0/../../../../../H-x86_64-mingw32/nios2-elf/lib\libc.a(lib_a-fwalk.o)
                              d:/intel/nios2eds/bin/gnu/h-x86_64-mingw32/bin/../lib/gcc/nios2-elf/5.3.0/../../../../../H-x86_64-mingw32/nios2-elf/lib\libc.a(lib_a-findfp.o) (_fwalk)
d:/intel/nios2eds/bin/gnu/h-x86_64-mingw32/bin/../lib/gcc/nios2-elf/5.3.0/../../../../../H-x86_64-mingw32/nios2-elf/lib\libc.a(lib_a-impure.o)
                              d:/intel/nios2eds/bin/gnu/h-x86_64-mingw32/bin/../lib/gcc/nios2-elf/5.3.0/../../../../../H-x86_64-mingw32/nios2-elf/lib\libc.a(lib_a-fflush.o) (_global_impure_ptr)
d:/intel/nios2eds/bin/gnu/h-x86_64-mingw32/bin/../lib/gcc/nios2-elf/5.3.0/../../../../../H-x86_64-mingw32/nios2-elf/lib\libc.a(lib_a-locale.o)
                              d:/intel/nios2eds/bin/gnu/h-x86_64-mingw32/bin/../lib/gcc/nios2-elf/5.3.0/../../../../../H-x86_64-mingw32/nios2-elf/lib\libc.a(lib_a-vfprintf.o) (_localeconv_r)
d:/intel/nios2eds/bin/gnu/h-x86_64-mingw32/bin/../lib/gcc/nios2-elf/5.3.0/../../../../../H-x86_64-mingw32/nios2-elf/lib\libc.a(lib_a-makebuf.o)
                              d:/intel/nios2eds/bin/gnu/h-x86_64-mingw32/bin/../lib/gcc/nios2-elf/5.3.0/../../../../../H-x86_64-mingw32/nios2-elf/lib\libc.a(lib_a-wsetup.o) (__smakebuf_r)
d:/intel/nios2eds/bin/gnu/h-x86_64-mingw32/bin/../lib/gcc/nios2-elf/5.3.0/../../../../../H-x86_64-mingw32/nios2-elf/lib\libc.a(lib_a-mallocr.o)
                              d:/intel/nios2eds/bin/gnu/h-x86_64-mingw32/bin/../lib/gcc/nios2-elf/5.3.0/../../../../../H-x86_64-mingw32/nios2-elf/lib\libc.a(lib_a-findfp.o) (_malloc_r)
d:/intel/nios2eds/bin/gnu/h-x86_64-mingw32/bin/../lib/gcc/nios2-elf/5.3.0/../../../../../H-x86_64-mingw32/nios2-elf/lib\libc.a(lib_a-memchr.o)
                              d:/intel/nios2eds/bin/gnu/h-x86_64-mingw32/bin/../lib/gcc/nios2-elf/5.3.0/../../../../../H-x86_64-mingw32/nios2-elf/lib\libc.a(lib_a-vfprintf.o) (memchr)
d:/intel/nios2eds/bin/gnu/h-x86_64-mingw32/bin/../lib/gcc/nios2-elf/5.3.0/../../../../../H-x86_64-mingw32/nios2-elf/lib\libc.a(lib_a-memcpy.o)
                              d:/intel/nios2eds/bin/gnu/h-x86_64-mingw32/bin/../lib/gcc/nios2-elf/5.3.0/../../../../../H-x86_64-mingw32/nios2-elf/lib\libc.a(lib_a-dtoa.o) (memcpy)
d:/intel/nios2eds/bin/gnu/h-x86_64-mingw32/bin/../lib/gcc/nios2-elf/5.3.0/../../../../../H-x86_64-mingw32/nios2-elf/lib\libc.a(lib_a-memset.o)
                              d:/intel/nios2eds/bin/gnu/h-x86_64-mingw32/bin/../lib/gcc/nios2-elf/5.3.0/../../../../../H-x86_64-mingw32/nios2-elf/lib\libc.a(lib_a-findfp.o) (memset)
[...]
Memory Configuration

Name             Origin             Length             Attributes
sdram_controller_0_BEFORE_RESET 0x0000000000000000 0x0000000000040000
reset            0x0000000000040000 0x0000000000000020
sdram_controller_0 0x0000000000040020 0x0000000003fbffe0
*default*        0x0000000000000000 0xffffffffffffffff

Linker script and memory map

LOAD ../CNN_accelerator_bsp//obj/HAL/src/crt0.o
LOAD obj/default/hello_world.o
LOAD obj/default/nn_weights.o
LOAD obj/default/test_image.o
LOAD d:/intel/nios2eds/bin/gnu/h-x86_64-mingw32/bin/../lib/gcc/nios2-elf/5.3.0/../../../../../H-x86_64-mingw32/nios2-elf/lib\libstdc++.a
LOAD d:/intel/nios2eds/bin/gnu/h-x86_64-mingw32/bin/../lib/gcc/nios2-elf/5.3.0/../../../../../H-x86_64-mingw32/nios2-elf/lib\libm.a
LOAD d:/intel/nios2eds/bin/gnu/h-x86_64-mingw32/bin/../lib/gcc/nios2-elf/5.3.0\libgcc.a
START GROUP
LOAD d:/intel/nios2eds/bin/gnu/h-x86_64-mingw32/bin/../lib/gcc/nios2-elf/5.3.0/../../../../../H-x86_64-mingw32/nios2-elf/lib\libc.a
LOAD d:/intel/nios2eds/bin/gnu/h-x86_64-mingw32/bin/../lib/gcc/nios2-elf/5.3.0\libgcc.a
LOAD ../CNN_accelerator_bsp/\libhal_bsp.a
LOAD d:/intel/nios2eds/bin/gnu/h-x86_64-mingw32/bin/../lib/gcc/nios2-elf/5.3.0/../../../../../H-x86_64-mingw32/nios2-elf/lib\libm.a
END GROUP
LOAD d:/intel/nios2eds/bin/gnu/h-x86_64-mingw32/bin/../lib/gcc/nios2-elf/5.3.0\libgcc.a
                0x0000000000000000                __alt_mem_sdram_controller_0 = 0x0

.entry          0x0000000000040000       0x20
 *(.entry)
 .entry         0x0000000000040000       0x20 ../CNN_accelerator_bsp//obj/HAL/src/crt0.o
                0x0000000000040000                __reset

.exceptions     0x0000000000040020      0x224
                0x0000000000040020                PROVIDE (__ram_exceptions_start, ABSOLUTE (.))
                0x0000000000040020                . = ALIGN (0x20)
 *(.irq)
 *(.exceptions.entry.label)
 .exceptions.entry.label
                0x0000000000040020        0x0 ../CNN_accelerator_bsp/\libhal_bsp.a(alt_irq_entry.o)
                0x0000000000040020                alt_irq_entry
 .exceptions.entry.label
                0x0000000000040020        0x0 ../CNN_accelerator_bsp/\libhal_bsp.a(alt_exception_entry.o)
                0x0000000000040020                alt_exception
 *(.exceptions.entry.user)
 *(.exceptions.entry.ecc_fatal)
 *(.exceptions.entry)
 .exceptions.entry
                0x0000000000040020       0x54 ../CNN_accelerator_bsp/\libhal_bsp.a(alt_exception_entry.o)
 *(.exceptions.irqtest.user)
 *(.exceptions.irqtest)
 .exceptions.irqtest
                0x0000000000040074       0x10 ../CNN_accelerator_bsp/\libhal_bsp.a(alt_irq_entry.o)
 *(.exceptions.irqhandler.user)
 *(.exceptions.irqhandler)
 .exceptions.irqhandler
                0x0000000000040084        0x4 ../CNN_accelerator_bsp/\libhal_bsp.a(alt_irq_entry.o)
 *(.exceptions.irqreturn.user)
 *(.exceptions.irqreturn)
 .exceptions.irqreturn
                0x0000000000040088        0x4 ../CNN_accelerator_bsp/\libhal_bsp.a(alt_irq_entry.o)
 *(.exceptions.notirq.label)
 .exceptions.notirq.label
                0x000000000004008c        0x0 ../CNN_accelerator_bsp/\libhal_bsp.a(alt_irq_entry.o)
 *(.exceptions.notirq.user)
 *(.exceptions.notirq)
 .exceptions.notirq
                0x000000000004008c        0x8 ../CNN_accelerator_bsp/\libhal_bsp.a(alt_exception_entry.o)
 *(.exceptions.soft.user)
 *(.exceptions.soft)
 *(.exceptions.unknown.user)
 *(.exceptions.unknown)
 .exceptions.unknown
                0x0000000000040094       0x14 ../CNN_accelerator_bsp/\libhal_bsp.a(alt_exception_entry.o)
 *(.exceptions.exit.label)
 .exceptions.exit.label
                0x00000000000400a8        0x0 ../CNN_accelerator_bsp/\libhal_bsp.a(alt_irq_entry.o)
 .exceptions.exit.label
                0x00000000000400a8        0x0 ../CNN_accelerator_bsp/\libhal_bsp.a(alt_exception_entry.o)
 *(.exceptions.exit.user)
 *(.exceptions.exit)
 .exceptions.exit
                0x00000000000400a8       0x54 ../CNN_accelerator_bsp/\libhal_bsp.a(alt_exception_entry.o)
 *(.exceptions)
 .exceptions    0x00000000000400fc       0xd4 ../CNN_accelerator_bsp/\libhal_bsp.a(alt_irq_handler.o)
                0x00000000000400fc                alt_irq_handler
 .exceptions    0x00000000000401d0       0x74 ../CNN_accelerator_bsp/\libhal_bsp.a(alt_instruction_exception_entry.o)
                0x00000000000401d0                alt_instruction_exception_entry
                0x0000000000040244                PROVIDE (__ram_exceptions_end, ABSOLUTE (.))
                0x0000000000040020                PROVIDE (__flash_exceptions_start, LOADADDR (.exceptions))

.text           0x0000000000040244     0xf6f4
                [!provide]                        PROVIDE (stext, ABSOLUTE (.))
 *(.interp)
 *(.hash)
 *(.dynsym)
 *(.dynstr)
 *(.gnu.version)
 *(.gnu.version_d)
 *(.gnu.version_r)
 *(.rel.init)
 *(.rela.init)
 *(.rel.text .rel.text.* .rel.gnu.linkonce.t.*)
 *(.rela.text .rela.text.* .rela.gnu.linkonce.t.*)
 *(.rel.fini)
 *(.rela.fini)
 *(.rel.rodata .rel.rodata.* .rel.gnu.linkonce.r.*)
 *(.rela.rodata .rela.rodata.* .rela.gnu.linkonce.r.*)
 *(.rel.data .rel.data.* .rel.gnu.linkonce.d.*)
 *(.rela.data .rela.data.* .rela.gnu.linkonce.d.*)
 *(.rel.tdata .rel.tdata.* .rel.gnu.linkonce.td.*)
 *(.rela.tdata .rela.tdata.* .rela.gnu.linkonce.td.*)
 *(.rel.tbss .rel.tbss.* .rel.gnu.linkonce.tb.*)
 *(.rela.tbss .rela.tbss.* .rela.gnu.linkonce.tb.*)
 *(.rel.ctors)
 *(.rela.ctors)
 *(.rel.dtors)
 *(.rela.dtors)
 *(.rel.got)
 *(.rela.got)
 *(.rel.sdata .rel.sdata.* .rel.gnu.linkonce.s.*)
 *(.rela.sdata .rela.sdata.* .rela.gnu.linkonce.s.*)
 *(.rel.sbss .rel.sbss.* .rel.gnu.linkonce.sb.*)
 *(.rela.sbss .rela.sbss.* .rela.gnu.linkonce.sb.*)
 *(.rel.sdata2 .rel.sdata2.* .rel.gnu.linkonce.s2.*)
 *(.rela.sdata2 .rela.sdata2.* .rela.gnu.linkonce.s2.*)
 *(.rel.sbss2 .rel.sbss2.* .rel.gnu.linkonce.sb2.*)
 *(.rela.sbss2 .rela.sbss2.* .rela.gnu.linkonce.sb2.*)
 *(.rel.bss .rel.bss.* .rel.gnu.linkonce.b.*)
 *(.rela.bss .rela.bss.* .rela.gnu.linkonce.b.*)
 *(.rel.plt)
 *(.rela.plt)
 *(.rel.dyn)
 *(.init)
 *(.plt)
 *(.text .stub .text.* .gnu.linkonce.t.*)
 .text          0x0000000000040244       0x4c ../CNN_accelerator_bsp//obj/HAL/src/crt0.o
                0x0000000000040244                _start
 .text          0x0000000000040290      0x220 obj/default/hello_world.o
                0x0000000000040290                pred_image
                0x00000000000403b4                check_prediciton
                0x0000000000040408                main
 .text          0x00000000000404b0        0x0 obj/default/nn_weights.o
 .text          0x00000000000404b0        0x0 obj/default/test_image.o
 .text          0x00000000000404b0        0x0 d:/intel/nios2eds/bin/gnu/h-x86_64-mingw32/bin/../lib/gcc/nios2-elf/5.3.0/../../../../../H-x86_64-mingw32/nios2-elf/lib\libc.a(lib_a-printf.o)
 .text._printf_r
                0x00000000000404b0       0x30 d:/intel/nios2eds/bin/gnu/h-x86_64-mingw32/bin/../lib/gcc/nios2-elf/5.3.0/../../../../../H-x86_64-mingw32/nios2-elf/lib\libc.a(lib_a-printf.o)
                0x00000000000404b0                _printf_r
 .text.printf   0x00000000000404e0       0x3c d:/intel/nios2eds/bin/gnu/h-x86_64-mingw32/bin/../lib/gcc/nios2-elf/5.3.0/../../../../../H-x86_64-mingw32/nios2-elf/lib\libc.a(lib_a-printf.o)
                0x00000000000404e0                printf
 .text          0x000000000004051c        0x0 d:/intel/nios2eds/bin/gnu/h-x86_64-mingw32/bin/../lib/gcc/nios2-elf/5.3.0/../../../../../H-x86_64-mingw32/nios2-elf/lib\libc.a(lib_a-vfprintf.o)
 .text.___vfprintf_internal_r
                0x000000000004051c     0x21f8 d:/intel/nios2eds/bin/gnu/h-x86_64-mingw32/bin/../lib/gcc/nios2-elf/5.3.0/../../../../../H-x86_64-mingw32/nios2-elf/lib\libc.a(lib_a-vfprintf.o)
                0x000000000004051c                ___vfprintf_internal_r
 .text.__vfprintf_internal
                0x0000000000042714       0x1c d:/intel/nios2eds/bin/gnu/h-x86_64-mingw32/bin/../lib/gcc/nios2-elf/5.3.0/../../../../../H-x86_64-mingw32/nios2-elf/lib\libc.a(lib_a-vfprintf.o)
                0x0000000000042714                __vfprintf_internal
 .text.__sbprintf
                0x0000000000042730       0xbc d:/intel/nios2eds/bin/gnu/h-x86_64-mingw32/bin/../lib/gcc/nios2-elf/5.3.0/../../../../../H-x86_64-mingw32/nios2-elf/lib\libc.a(lib_a-vfprintf.o)
 .text          0x00000000000427ec        0x0 d:/intel/nios2eds/bin/gnu/h-x86_64-mingw32/bin/../lib/gcc/nios2-elf/5.3.0/../../../../../H-x86_64-mingw32/nios2-elf/lib\libc.a(lib_a-wsetup.o)
 .text.__swsetup_r
                0x00000000000427ec      0x154 d:/intel/nios2eds/bin/gnu/h-x86_64-mingw32/bin/../lib/gcc/nios2-elf/5.3.0/../../../../../H-x86_64-mingw32/nios2-elf/lib\libc.a(lib_a-wsetup.o)
                0x00000000000427ec                __swsetup_r
 .text          0x0000000000042940        0x0 d:/intel/nios2eds/bin/gnu/h-x86_64-mingw32/bin/../lib/gcc/nios2-elf/5.3.0/../../../../../H-x86_64-mingw32/nios2-elf/lib\libc.a(lib_a-dtoa.o)
 .text.quorem   0x0000000000042940      0x200 d:/intel/nios2eds/bin/gnu/h-x86_64-mingw32/bin/../lib/gcc/nios2-elf/5.3.0/../../../../../H-x86_64-mingw32/nios2-elf/lib\libc.a(lib_a-dtoa.o)
 .text._dtoa_r  0x0000000000042b40     0x1688 d:/intel/nios2eds/bin/gnu/h-x86_64-mingw32/bin/../lib/gcc/nios2-elf/5.3.0/../../../../../H-x86_64-mingw32/nios2-elf/lib\libc.a(lib_a-dtoa.o)
                0x0000000000042b40                _dtoa_r
 .text          0x00000000000441c8        0x0 d:/intel/nios2eds/bin/gnu/h-x86_64-mingw32/bin/../lib/gcc/nios2-elf/5.3.0/../../../../../H-x86_64-mingw32/nios2-elf/lib\libc.a(lib_a-fflush.o)
 .text.__sflush_r
                0x00000000000441c8      0x21c d:/intel/nios2eds/bin/gnu/h-x86_64-mingw32/bin/../lib/gcc/nios2-elf/5.3.0/../../../../../H-x86_64-mingw32/nios2-elf/lib\libc.a(lib_a-fflush.o)
                0x00000000000441c8                __sflush_r
 .text._fflush_r
                0x00000000000443e4       0x5c d:/intel/nios2eds/bin/gnu/h-x86_64-mingw32/bin/../lib/gcc/nios2-elf/5.3.0/../../../../../H-x86_64-mingw32/nios2-elf/lib\libc.a(lib_a-fflush.o)
                0x00000000000443e4                _fflush_r
 .text.fflush   0x0000000000044440       0x30 d:/intel/nios2eds/bin/gnu/h-x86_64-mingw32/bin/../lib/gcc/nios2-elf/5.3.0/../../../../../H-x86_64-mingw32/nios2-elf/lib\libc.a(lib_a-fflush.o)
                0x0000000000044440                fflush
 .text          0x0000000000044470        0x0 d:/intel/nios2eds/bin/gnu/h-x86_64-mingw32/bin/../lib/gcc/nios2-elf/5.3.0/../../../../../H-x86_64-mingw32/nios2-elf/lib\libc.a(lib_a-findfp.o)
 .text.__fp_unlock
                0x0000000000044470        0x8 d:/intel/nios2eds/bin/gnu/h-x86_64-mingw32/bin/../lib/gcc/nios2-elf/5.3.0/../../../../../H-x86_64-mingw32/nios2-elf/lib\libc.a(lib_a-findfp.o)
 .text._cleanup_r
                0x0000000000044478        0xc d:/intel/nios2eds/bin/gnu/h-x86_64-mingw32/bin/../lib/gcc/nios2-elf/5.3.0/../../../../../H-x86_64-mingw32/nios2-elf/lib\libc.a(lib_a-findfp.o)
                0x0000000000044478                _cleanup_r
 .text.__sinit.part.1
                0x0000000000044484      0x19c d:/intel/nios2eds/bin/gnu/h-x86_64-mingw32/bin/../lib/gcc/nios2-elf/5.3.0/../../../../../H-x86_64-mingw32/nios2-elf/lib\libc.a(lib_a-findfp.o)
 .text.__fp_lock
                0x0000000000044620        0x8 d:/intel/nios2eds/bin/gnu/h-x86_64-mingw32/bin/../lib/gcc/nios2-elf/5.3.0/../../../../../H-x86_64-mingw32/nios2-elf/lib\libc.a(lib_a-findfp.o)
 .text.__sfmoreglue
                0x0000000000044628       0x68 d:/intel/nios2eds/bin/gnu/h-x86_64-mingw32/bin/../lib/gcc/nios2-elf/5.3.0/../../../../../H-x86_64-mingw32/nios2-elf/lib\libc.a(lib_a-findfp.o)
                0x0000000000044628                __sfmoreglue
 .text.__sfp    0x0000000000044690      0x118 d:/intel/nios2eds/bin/gnu/h-x86_64-mingw32/bin/../lib/gcc/nios2-elf/5.3.0/../../../../../H-x86_64-mingw32/nios2-elf/lib\libc.a(lib_a-findfp.o)
                0x0000000000044690                __sfp
 .text._cleanup
                0x00000000000447a8       0x18 d:/intel/nios2eds/bin/gnu/h-x86_64-mingw32/bin/../lib/gcc/nios2-elf/5.3.0/../../../../../H-x86_64-mingw32/nios2-elf/lib\libc.a(lib_a-findfp.o)
                0x00000000000447a8                _cleanup
 .text.__sinit  0x00000000000447c0       0x10 d:/intel/nios2eds/bin/gnu/h-x86_64-mingw32/bin/../lib/gcc/nios2-elf/5.3.0/../../../../../H-x86_64-mingw32/nios2-elf/lib\libc.a(lib_a-findfp.o)
                0x00000000000447c0                __sinit
 .text.__sfp_lock_acquire
                0x00000000000447d0        0x4 d:/intel/nios2eds/bin/gnu/h-x86_64-mingw32/bin/../lib/gcc/nios2-elf/5.3.0/../../../../../H-x86_64-mingw32/nios2-elf/lib\libc.a(lib_a-findfp.o)
                0x00000000000447d0                __sfp_lock_acquire
 .text.__sfp_lock_release
                0x00000000000447d4        0x4 d:/intel/nios2eds/bin/gnu/h-x86_64-mingw32/bin/../lib/gcc/nios2-elf/5.3.0/../../../../../H-x86_64-mingw32/nios2-elf/lib\libc.a(lib_a-findfp.o)
                0x00000000000447d4                __sfp_lock_release
 .text.__sinit_lock_acquire
                0x00000000000447d8        0x4 d:/intel/nios2eds/bin/gnu/h-x86_64-mingw32/bin/../lib/gcc/nios2-elf/5.3.0/../../../../../H-x86_64-mingw32/nios2-elf/lib\libc.a(lib_a-findfp.o)
                0x00000000000447d8                __sinit_lock_acquire
 .text.__sinit_lock_release
                0x00000000000447dc        0x4 d:/intel/nios2eds/bin/gnu/h-x86_64-mingw32/bin/../lib/gcc/nios2-elf/5.3.0/../../../../../H-x86_64-mingw32/nios2-elf/lib\libc.a(lib_a-findfp.o)
                0x00000000000447dc                __sinit_lock_release
 .text.__fp_lock_all
                0x00000000000447e0       0x18 d:/intel/nios2eds/bin/gnu/h-x86_64-mingw32/bin/../lib/gcc/nios2-elf/5.3.0/../../../../../H-x86_64-mingw32/nios2-elf/lib\libc.a(lib_a-findfp.o)
                0x00000000000447e0                __fp_lock_all
 .text.__fp_unlock_all
                0x00000000000447f8       0x18 d:/intel/nios2eds/bin/gnu/h-x86_64-mingw32/bin/../lib/gcc/nios2-elf/5.3.0/../../../../../H-x86_64-mingw32/nios2-elf/lib\libc.a(lib_a-findfp.o)
                0x00000000000447f8                __fp_unlock_all
 .text          0x0000000000044810        0x0 d:/intel/nios2eds/bin/gnu/h-x86_64-mingw32/bin/../lib/gcc/nios2-elf/5.3.0/../../../../../H-x86_64-mingw32/nios2-elf/lib\libc.a(lib_a-freer.o)
 .text._malloc_trim_r
                0x0000000000044810      0x124 d:/intel/nios2eds/bin/gnu/h-x86_64-mingw32/bin/../lib/gcc/nios2-elf/5.3.0/../../../../../H-x86_64-mingw32/nios2-elf/lib\libc.a(lib_a-freer.o)
                0x0000000000044810                _malloc_trim_r
 .text._free_r  0x0000000000044934      0x310 d:/intel/nios2eds/bin/gnu/h-x86_64-mingw32/bin/../lib/gcc/nios2-elf/5.3.0/../../../../../H-x86_64-mingw32/nios2-elf/lib\libc.a(lib_a-freer.o)
                0x0000000000044934                _free_r
 .text          0x0000000000044c44        0x0 d:/intel/nios2eds/bin/gnu/h-x86_64-mingw32/bin/../lib/gcc/nios2-elf/5.3.0/../../../../../H-x86_64-mingw32/nios2-elf/lib\libc.a(lib_a-fwalk.o)
 .text._fwalk   0x0000000000044c44       0xc4 d:/intel/nios2eds/bin/gnu/h-x86_64-mingw32/bin/../lib/gcc/nios2-elf/5.3.0/../../../../../H-x86_64-mingw32/nios2-elf/lib\libc.a(lib_a-fwalk.o)
                0x0000000000044c44                _fwalk
 .text._fwalk_reent
                0x0000000000044d08       0xc4 d:/intel/nios2eds/bin/gnu/h-x86_64-mingw32/bin/../lib/gcc/nios2-elf/5.3.0/../../../../../H-x86_64-mingw32/nios2-elf/lib\libc.a(lib_a-fwalk.o)
                0x0000000000044d08                _fwalk_reent
 .text          0x0000000000044dcc        0x0 d:/intel/nios2eds/bin/gnu/h-x86_64-mingw32/bin/../lib/gcc/nios2-elf/5.3.0/../../../../../H-x86_64-mingw32/nios2-elf/lib\libc.a(lib_a-impure.o)
 .text          0x0000000000044dcc        0x0 d:/intel/nios2eds/bin/gnu/h-x86_64-mingw32/bin/../lib/gcc/nios2-elf/5.3.0/../../../../../H-x86_64-mingw32/nios2-elf/lib\libc.a(lib_a-locale.o)
 .text._setlocale_r
                0x0000000000044dcc       0x7c d:/intel/nios2eds/bin/gnu/h-x86_64-mingw32/bin/../lib/gcc/nios2-elf/5.3.0/../../../../../H-x86_64-mingw32/nios2-elf/lib\libc.a(lib_a-locale.o)
                0x0000000000044dcc                _setlocale_r
 .text.__locale_charset
                0x0000000000044e48        0xc d:/intel/nios2eds/bin/gnu/h-x86_64-mingw32/bin/../lib/gcc/nios2-elf/5.3.0/../../../../../H-x86_64-mingw32/nios2-elf/lib\libc.a(lib_a-locale.o)
                0x0000000000044e48                __locale_charset
 .text.__locale_mb_cur_max
                0x0000000000044e54       0x10 d:/intel/nios2eds/bin/gnu/h-x86_64-mingw32/bin/../lib/gcc/nios2-elf/5.3.0/../../../../../H-x86_64-mingw32/nios2-elf/lib\libc.a(lib_a-locale.o)
                0x0000000000044e54                __locale_mb_cur_max
 .text.__locale_msgcharset
                0x0000000000044e64        0xc d:/intel/nios2eds/bin/gnu/h-x86_64-mingw32/bin/../lib/gcc/nios2-elf/5.3.0/../../../../../H-x86_64-mingw32/nios2-elf/lib\libc.a(lib_a-locale.o)
                0x0000000000044e64                __locale_msgcharset
 .text.__locale_cjk_lang
                0x0000000000044e70        0x8 d:/intel/nios2eds/bin/gnu/h-x86_64-mingw32/bin/../lib/gcc/nios2-elf/5.3.0/../../../../../H-x86_64-mingw32/nios2-elf/lib\libc.a(lib_a-locale.o)
                0x0000000000044e70                __locale_cjk_lang
 .text._localeconv_r
                0x0000000000044e78        0xc d:/intel/nios2eds/bin/gnu/h-x86_64-mingw32/bin/../lib/gcc/nios2-elf/5.3.0/../../../../../H-x86_64-mingw32/nios2-elf/lib\libc.a(lib_a-locale.o)
                0x0000000000044e78                _localeconv_r
 .text.setlocale
                0x0000000000044e84       0x18 d:/intel/nios2eds/bin/gnu/h-x86_64-mingw32/bin/../lib/gcc/nios2-elf/5.3.0/../../../../../H-x86_64-mingw32/nios2-elf/lib\libc.a(lib_a-locale.o)
                0x0000000000044e84                setlocale
 .text.localeconv
                0x0000000000044e9c        0xc d:/intel/nios2eds/bin/gnu/h-x86_64-mingw32/bin/../lib/gcc/nios2-elf/5.3.0/../../../../../H-x86_64-mingw32/nios2-elf/lib\libc.a(lib_a-locale.o)
                0x0000000000044e9c                localeconv
 .text          0x0000000000044ea8        0x0 d:/intel/nios2eds/bin/gnu/h-x86_64-mingw32/bin/../lib/gcc/nios2-elf/5.3.0/../../../../../H-x86_64-mingw32/nios2-elf/lib\libc.a(lib_a-makebuf.o)
 .text.__smakebuf_r
                0x0000000000044ea8      0x1bc d:/intel/nios2eds/bin/gnu/h-x86_64-mingw32/bin/../lib/gcc/nios2-elf/5.3.0/../../../../../H-x86_64-mingw32/nios2-elf/lib\libc.a(lib_a-makebuf.o)
                0x0000000000044ea8                __smakebuf_r
 .text          0x0000000000045064        0x0 d:/intel/nios2eds/bin/gnu/h-x86_64-mingw32/bin/../lib/gcc/nios2-elf/5.3.0/../../../../../H-x86_64-mingw32/nios2-elf/lib\libc.a(lib_a-mallocr.o)
 .text._malloc_r
                0x0000000000045064      0x80c d:/intel/nios2eds/bin/gnu/h-x86_64-mingw32/bin/../lib/gcc/nios2-elf/5.3.0/../../../../../H-x86_64-mingw32/nios2-elf/lib\libc.a(lib_a-mallocr.o)
                0x0000000000045064                _malloc_r
 .text          0x0000000000045870        0x0 d:/intel/nios2eds/bin/gnu/h-x86_64-mingw32/bin/../lib/gcc/nios2-elf/5.3.0/../../../../../H-x86_64-mingw32/nios2-elf/lib\libc.a(lib_a-memchr.o)
 .text.memchr   0x0000000000045870       0xe4 d:/intel/nios2eds/bin/gnu/h-x86_64-mingw32/bin/../lib/gcc/nios2-elf/5.3.0/../../../../../H-x86_64-mingw32/nios2-elf/lib\libc.a(lib_a-memchr.o)
                0x0000000000045870                memchr
 .text          0x0000000000045954        0x0 d:/intel/nios2eds/bin/gnu/h-x86_64-mingw32/bin/../lib/gcc/nios2-elf/5.3.0/../../../../../H-x86_64-mingw32/nios2-elf/lib\libc.a(lib_a-memcpy.o)
 .text.memcpy   0x0000000000045954      0x148 d:/intel/nios2eds/bin/gnu/h-x86_64-mingw32/bin/../lib/gcc/nios2-elf/5.3.0/../../../../../H-x86_64-mingw32/nios2-elf/lib\libc.a(lib_a-memcpy.o)
                0x0000000000045954                memcpy
 .text          0x0000000000045a9c        0x0 d:/intel/nios2eds/bin/gnu/h-x86_64-mingw32/bin/../lib/gcc/nios2-elf/5.3.0/../../../../../H-x86_64-mingw32/nios2-elf/lib\libc.a(lib_a-memset.o)
 .text.memset   0x0000000000045a9c      0x128 d:/intel/nios2eds/bin/gnu/h-x86_64-mingw32/bin/../lib/gcc/nios2-elf/5.3.0/../../../../../H-x86_64-mingw32/nios2-elf/lib\libc.a(lib_a-memset.o)
                0x0000000000045a9c                memset
 .text          0x0000000000045bc4        0x0 d:/intel/nios2eds/bin/gnu/h-x86_64-mingw32/bin/../lib/gcc/nios2-elf/5.3.0/../../../../../H-x86_64-mingw32/nios2-elf/lib\libc.a(lib_a-mprec.o)
 .text._Balloc  0x0000000000045bc4       0xa8 d:/intel/nios2eds/bin/gnu/h-x86_64-mingw32/bin/../lib/gcc/nios2-elf/5.3.0/../../../../../H-x86_64-mingw32/nios2-elf/lib\libc.a(lib_a-mprec.o)
                0x0000000000045bc4                _Balloc
 .text._Bfree   0x0000000000045c6c       0x28 d:/intel/nios2eds/bin/gnu/h-x86_64-mingw32/bin/../lib/gcc/nios2-elf/5.3.0/../../../../../H-x86_64-mingw32/nios2-elf/lib\libc.a(lib_a-mprec.o)
                0x0000000000045c6c                _Bfree
 .text.__multadd
                0x0000000000045c94      0x120 d:/intel/nios2eds/bin/gnu/h-x86_64-mingw32/bin/../lib/gcc/nios2-elf/5.3.0/../../../../../H-x86_64-mingw32/nios2-elf/lib\libc.a(lib_a-mprec.o)
                0x0000000000045c94                __multadd
 .text.__s2b    0x0000000000045db4      0x104 d:/intel/nios2eds/bin/gnu/h-x86_64-mingw32/bin/../lib/gcc/nios2-elf/5.3.0/../../../../../H-x86_64-mingw32/nios2-elf/lib\libc.a(lib_a-mprec.o)
                0x0000000000045db4                __s2b
 .text.__hi0bits
                0x0000000000045eb8       0x68 d:/intel/nios2eds/bin/gnu/h-x86_64-mingw32/bin/../lib/gcc/nios2-elf/5.3.0/../../../../../H-x86_64-mingw32/nios2-elf/lib\libc.a(lib_a-mprec.o)
                0x0000000000045eb8                __hi0bits
 .text.__lo0bits
                0x0000000000045f20       0xb0 d:/intel/nios2eds/bin/gnu/h-x86_64-mingw32/bin/../lib/gcc/nios2-elf/5.3.0/../../../../../H-x86_64-mingw32/nios2-elf/lib\libc.a(lib_a-mprec.o)
                0x0000000000045f20                __lo0bits
 .text.__i2b    0x0000000000045fd0       0x3c d:/intel/nios2eds/bin/gnu/h-x86_64-mingw32/bin/../lib/gcc/nios2-elf/5.3.0/../../../../../H-x86_64-mingw32/nios2-elf/lib\libc.a(lib_a-mprec.o)
                0x0000000000045fd0                __i2b
 .text.__multiply
                0x000000000004600c      0x1f8 d:/intel/nios2eds/bin/gnu/h-x86_64-mingw32/bin/../lib/gcc/nios2-elf/5.3.0/../../../../../H-x86_64-mingw32/nios2-elf/lib\libc.a(lib_a-mprec.o)
                0x000000000004600c                __multiply
 .text.__pow5mult
                0x0000000000046204      0x140 d:/intel/nios2eds/bin/gnu/h-x86_64-mingw32/bin/../lib/gcc/nios2-elf/5.3.0/../../../../../H-x86_64-mingw32/nios2-elf/lib\libc.a(lib_a-mprec.o)
                0x0000000000046204                __pow5mult
 .text.__lshift
                0x0000000000046344      0x148 d:/intel/nios2eds/bin/gnu/h-x86_64-mingw32/bin/../lib/gcc/nios2-elf/5.3.0/../../../../../H-x86_64-mingw32/nios2-elf/lib\libc.a(lib_a-mprec.o)
                0x0000000000046344                __lshift
 .text.__mcmp   0x000000000004648c       0x60 d:/intel/nios2eds/bin/gnu/h-x86_64-mingw32/bin/../lib/gcc/nios2-elf/5.3.0/../../../../../H-x86_64-mingw32/nios2-elf/lib\libc.a(lib_a-mprec.o)
                0x000000000004648c                __mcmp
 .text.__mdiff  0x00000000000464ec      0x1fc d:/intel/nios2eds/bin/gnu/h-x86_64-mingw32/bin/../lib/gcc/nios2-elf/5.3.0/../../../../../H-x86_64-mingw32/nios2-elf/lib\libc.a(lib_a-mprec.o)
                0x00000000000464ec                __mdiff
 .text.__ulp    0x00000000000466e8       0x64 d:/intel/nios2eds/bin/gnu/h-x86_64-mingw32/bin/../lib/gcc/nios2-elf/5.3.0/../../../../../H-x86_64-mingw32/nios2-elf/lib\libc.a(lib_a-mprec.o)
                0x00000000000466e8                __ulp
 .text.__b2d    0x000000000004674c      0x10c d:/intel/nios2eds/bin/gnu/h-x86_64-mingw32/bin/../lib/gcc/nios2-elf/5.3.0/../../../../../H-x86_64-mingw32/nios2-elf/lib\libc.a(lib_a-mprec.o)
                0x000000000004674c                __b2d
 .text.__d2b    0x0000000000046858      0x14c d:/intel/nios2eds/bin/gnu/h-x86_64-mingw32/bin/../lib/gcc/nios2-elf/5.3.0/../../../../../H-x86_64-mingw32/nios2-elf/lib\libc.a(lib_a-mprec.o)
                0x0000000000046858                __d2b
 .text.__ratio  0x00000000000469a4       0xa4 d:/intel/nios2eds/bin/gnu/h-x86_64-mingw32/bin/../lib/gcc/nios2-elf/5.3.0/../../../../../H-x86_64-mingw32/nios2-elf/lib\libc.a(lib_a-mprec.o)
                0x00000000000469a4                __ratio
 .text._mprec_log10
                0x0000000000046a48       0x74 d:/intel/nios2eds/bin/gnu/h-x86_64-mingw32/bin/../lib/gcc/nios2-elf/5.3.0/../../../../../H-x86_64-mingw32/nios2-elf/lib\libc.a(lib_a-mprec.o)
                0x0000000000046a48                _mprec_log10
 .text.__copybits
                0x0000000000046abc       0x78 d:/intel/nios2eds/bin/gnu/h-x86_64-mingw32/bin/../lib/gcc/nios2-elf/5.3.0/../../../../../H-x86_64-mingw32/nios2-elf/lib\libc.a(lib_a-mprec.o)
                0x0000000000046abc                __copybits
 .text.__any_on
                0x0000000000046b34       0x8c d:/intel/nios2eds/bin/gnu/h-x86_64-mingw32/bin/../lib/gcc/nios2-elf/5.3.0/../../../../../H-x86_64-mingw32/nios2-elf/lib\libc.a(lib_a-mprec.o)
                0x0000000000046b34                __any_on
 .text          0x0000000000046bc0        0x0 d:/intel/nios2eds/bin/gnu/h-x86_64-mingw32/bin/../lib/gcc/nios2-elf/5.3.0/../../../../../H-x86_64-mingw32/nios2-elf/lib\libc.a(lib_a-s_fpclassify.o)
 .text.__fpclassifyd
                0x0000000000046bc0       0x74 d:/intel/nios2eds/bin/gnu/h-x86_64-mingw32/bin/../lib/gcc/nios2-elf/5.3.0/../../../../../H-x86_64-mingw32/nios2-elf/lib\libc.a(lib_a-s_fpclassify.o)
                0x0000000000046bc0                __fpclassifyd
 .text          0x0000000000046c34        0x0 d:/intel/nios2eds/bin/gnu/h-x86_64-mingw32/bin/../lib/gcc/nios2-elf/5.3.0/../../../../../H-x86_64-mingw32/nios2-elf/lib\libc.a(lib_a-sbrkr.o)
 .text._sbrk_r  0x0000000000046c34       0x54 d:/intel/nios2eds/bin/gnu/h-x86_64-mingw32/bin/../lib/gcc/nios2-elf/5.3.0/../../../../../H-x86_64-mingw32/nios2-elf/lib\libc.a(lib_a-sbrkr.o)
                0x0000000000046c34                _sbrk_r
 .text          0x0000000000046c88        0x0 d:/intel/nios2eds/bin/gnu/h-x86_64-mingw32/bin/../lib/gcc/nios2-elf/5.3.0/../../../../../H-x86_64-mingw32/nios2-elf/lib\libc.a(lib_a-stdio.o)
 .text.__sread  0x0000000000046c88       0x54 d:/intel/nios2eds/bin/gnu/h-x86_64-mingw32/bin/../lib/gcc/nios2-elf/5.3.0/../../../../../H-x86_64-mingw32/nios2-elf/lib\libc.a(lib_a-stdio.o)
                0x0000000000046c88                __sread
 .text.__seofread
                0x0000000000046cdc        0x8 d:/intel/nios2eds/bin/gnu/h-x86_64-mingw32/bin/../lib/gcc/nios2-elf/5.3.0/../../../../../H-x86_64-mingw32/nios2-elf/lib\libc.a(lib_a-stdio.o)
                0x0000000000046cdc                __seofread
 .text.__swrite
                0x0000000000046ce4       0x7c d:/intel/nios2eds/bin/gnu/h-x86_64-mingw32/bin/../lib/gcc/nios2-elf/5.3.0/../../../../../H-x86_64-mingw32/nios2-elf/lib\libc.a(lib_a-stdio.o)
                0x0000000000046ce4                __swrite
 .text.__sseek  0x0000000000046d60       0x5c d:/intel/nios2eds/bin/gnu/h-x86_64-mingw32/bin/../lib/gcc/nios2-elf/5.3.0/../../../../../H-x86_64-mingw32/nios2-elf/lib\libc.a(lib_a-stdio.o)
                0x0000000000046d60                __sseek
 .text.__sclose
                0x0000000000046dbc        0x8 d:/intel/nios2eds/bin/gnu/h-x86_64-mingw32/bin/../lib/gcc/nios2-elf/5.3.0/../../../../../H-x86_64-mingw32/nios2-elf/lib\libc.a(lib_a-stdio.o)
                0x0000000000046dbc                __sclose
 .text          0x0000000000046dc4        0x0 d:/intel/nios2eds/bin/gnu/h-x86_64-mingw32/bin/../lib/gcc/nios2-elf/5.3.0/../../../../../H-x86_64-mingw32/nios2-elf/lib\libc.a(lib_a-strcmp.o)
 .text.strcmp   0x0000000000046dc4       0xdc d:/intel/nios2eds/bin/gnu/h-x86_64-mingw32/bin/../lib/gcc/nios2-elf/5.3.0/../../../../../H-x86_64-mingw32/nios2-elf/lib\libc.a(lib_a-strcmp.o)
                0x0000000000046dc4                strcmp
 .text          0x0000000000046ea0        0x0 d:/intel/nios2eds/bin/gnu/h-x86_64-mingw32/bin/../lib/gcc/nios2-elf/5.3.0/../../../../../H-x86_64-mingw32/nios2-elf/lib\libc.a(lib_a-strlen.o)
 .text.strlen   0x0000000000046ea0       0x98 d:/intel/nios2eds/bin/gnu/h-x86_64-mingw32/bin/../lib/gcc/nios2-elf/5.3.0/../../../../../H-x86_64-mingw32/nios2-elf/lib\libc.a(lib_a-strlen.o)
                0x0000000000046ea0                strlen
 .text          0x0000000000046f38        0x0 d:/intel/nios2eds/bin/gnu/h-x86_64-mingw32/bin/../lib/gcc/nios2-elf/5.3.0/../../../../../H-x86_64-mingw32/nios2-elf/lib\libc.a(lib_a-vfiprintf.o)
 .text.__sprint_r.part.0
                0x0000000000046f38       0xfc d:/intel/nios2eds/bin/gnu/h-x86_64-mingw32/bin/../lib/gcc/nios2-elf/5.3.0/../../../../../H-x86_64-mingw32/nios2-elf/lib\libc.a(lib_a-vfiprintf.o)
 .text.__sprint_r
                0x0000000000047034       0x18 d:/intel/nios2eds/bin/gnu/h-x86_64-mingw32/bin/../lib/gcc/nios2-elf/5.3.0/../../../../../H-x86_64-mingw32/nios2-elf/lib\libc.a(lib_a-vfiprintf.o)
                0x0000000000047034                __sprint_r
 .text.___vfiprintf_internal_r
                0x000000000004704c     0x145c d:/intel/nios2eds/bin/gnu/h-x86_64-mingw32/bin/../lib/gcc/nios2-elf/5.3.0/../../../../../H-x86_64-mingw32/nios2-elf/lib\libc.a(lib_a-vfiprintf.o)
                0x000000000004704c                ___vfiprintf_internal_r
 .text.__vfiprintf_internal
                0x00000000000484a8       0x1c d:/intel/nios2eds/bin/gnu/h-x86_64-mingw32/bin/../lib/gcc/nios2-elf/5.3.0/../../../../../H-x86_64-mingw32/nios2-elf/lib\libc.a(lib_a-vfiprintf.o)
                0x00000000000484a8                __vfiprintf_internal
 .text.__sbprintf
                0x00000000000484c4       0xbc d:/intel/nios2eds/bin/gnu/h-x86_64-mingw32/bin/../lib/gcc/nios2-elf/5.3.0/../../../../../H-x86_64-mingw32/nios2-elf/lib\libc.a(lib_a-vfiprintf.o)
 .text          0x0000000000048580        0x0 d:/intel/nios2eds/bin/gnu/h-x86_64-mingw32/bin/../lib/gcc/nios2-elf/5.3.0/../../../../../H-x86_64-mingw32/nios2-elf/lib\libc.a(lib_a-writer.o)
 .text._write_r
                0x0000000000048580       0x60 d:/intel/nios2eds/bin/gnu/h-x86_64-mingw32/bin/../lib/gcc/nios2-elf/5.3.0/../../../../../H-x86_64-mingw32/nios2-elf/lib\libc.a(lib_a-writer.o)
                0x0000000000048580                _write_r
 .text          0x00000000000485e0        0x0 d:/intel/nios2eds/bin/gnu/h-x86_64-mingw32/bin/../lib/gcc/nios2-elf/5.3.0/../../../../../H-x86_64-mingw32/nios2-elf/lib\libc.a(closer.o)
 .text._close_r
                0x00000000000485e0       0x54 d:/intel/nios2eds/bin/gnu/h-x86_64-mingw32/bin/../lib/gcc/nios2-elf/5.3.0/../../../../../H-x86_64-mingw32/nios2-elf/lib\libc.a(closer.o)
                0x00000000000485e0                _close_r
 .text          0x0000000000048634        0x0 d:/intel/nios2eds/bin/gnu/h-x86_64-mingw32/bin/../lib/gcc/nios2-elf/5.3.0/../../../../../H-x86_64-mingw32/nios2-elf/lib\libc.a(lib_a-callocr.o)
 .text._calloc_r
                0x0000000000048634       0xc4 d:/intel/nios2eds/bin/gnu/h-x86_64-mingw32/bin/../lib/gcc/nios2-elf/5.3.0/../../../../../H-x86_64-mingw32/nios2-elf/lib\libc.a(lib_a-callocr.o)
                0x0000000000048634                _calloc_r
 .text          0x00000000000486f8        0x0 d:/intel/nios2eds/bin/gnu/h-x86_64-mingw32/bin/../lib/gcc/nios2-elf/5.3.0/../../../../../H-x86_64-mingw32/nios2-elf/lib\libc.a(lib_a-fclose.o)
 .text._fclose_r
                0x00000000000486f8       0xf0 d:/intel/nios2eds/bin/gnu/h-x86_64-mingw32/bin/../lib/gcc/nios2-elf/5.3.0/../../../../../H-x86_64-mingw32/nios2-elf/lib\libc.a(lib_a-fclose.o)
                0x00000000000486f8                _fclose_r
 .text.fclose   0x00000000000487e8       0x14 d:/intel/nios2eds/bin/gnu/h-x86_64-mingw32/bin/../lib/gcc/nios2-elf/5.3.0/../../../../../H-x86_64-mingw32/nios2-elf/lib\libc.a(lib_a-fclose.o)
                0x00000000000487e8                fclose
 .text          0x00000000000487fc        0x0 d:/intel/nios2eds/bin/gnu/h-x86_64-mingw32/bin/../lib/gcc/nios2-elf/5.3.0/../../../../../H-x86_64-mingw32/nios2-elf/lib\libc.a(lib_a-fputwc.o)
 .text.__fputwc
                0x00000000000487fc      0x164 d:/intel/nios2eds/bin/gnu/h-x86_64-mingw32/bin/../lib/gcc/nios2-elf/5.3.0/../../../../../H-x86_64-mingw32/nios2-elf/lib\libc.a(lib_a-fputwc.o)
                0x00000000000487fc                __fputwc
 .text._fputwc_r
                0x0000000000048960       0x24 d:/intel/nios2eds/bin/gnu/h-x86_64-mingw32/bin/../lib/gcc/nios2-elf/5.3.0/../../../../../H-x86_64-mingw32/nios2-elf/lib\libc.a(lib_a-fputwc.o)
                0x0000000000048960                _fputwc_r
 .text.fputwc   0x0000000000048984       0x80 d:/intel/nios2eds/bin/gnu/h-x86_64-mingw32/bin/../lib/gcc/nios2-elf/5.3.0/../../../../../H-x86_64-mingw32/nios2-elf/lib\libc.a(lib_a-fputwc.o)
                0x0000000000048984                fputwc
 .text          0x0000000000048a04        0x0 d:/intel/nios2eds/bin/gnu/h-x86_64-mingw32/bin/../lib/gcc/nios2-elf/5.3.0/../../../../../H-x86_64-mingw32/nios2-elf/lib\libc.a(lib_a-fstatr.o)
 .text._fstat_r
                0x0000000000048a04       0x5c d:/intel/nios2eds/bin/gnu/h-x86_64-mingw32/bin/../lib/gcc/nios2-elf/5.3.0/../../../../../H-x86_64-mingw32/nios2-elf/lib\libc.a(lib_a-fstatr.o)
                0x0000000000048a04                _fstat_r
 .text          0x0000000000048a60        0x0 d:/intel/nios2eds/bin/gnu/h-x86_64-mingw32/bin/../lib/gcc/nios2-elf/5.3.0/../../../../../H-x86_64-mingw32/nios2-elf/lib\libc.a(lib_a-fvwrite.o)
 .text.__sfvwrite_r
                0x0000000000048a60      0x4bc d:/intel/nios2eds/bin/gnu/h-x86_64-mingw32/bin/../lib/gcc/nios2-elf/5.3.0/../../../../../H-x86_64-mingw32/nios2-elf/lib\libc.a(lib_a-fvwrite.o)
                0x0000000000048a60                __sfvwrite_r
 .text          0x0000000000048f1c        0x0 d:/intel/nios2eds/bin/gnu/h-x86_64-mingw32/bin/../lib/gcc/nios2-elf/5.3.0/../../../../../H-x86_64-mingw32/nios2-elf/lib\libc.a(lib_a-int_errno.o)
 .text          0x0000000000048f1c        0x0 d:/intel/nios2eds/bin/gnu/h-x86_64-mingw32/bin/../lib/gcc/nios2-elf/5.3.0/../../../../../H-x86_64-mingw32/nios2-elf/lib\libc.a(lib_a-isattyr.o)
 .text._isatty_r
                0x0000000000048f1c       0x54 d:/intel/nios2eds/bin/gnu/h-x86_64-mingw32/bin/../lib/gcc/nios2-elf/5.3.0/../../../../../H-x86_64-mingw32/nios2-elf/lib\libc.a(lib_a-isattyr.o)
                0x0000000000048f1c                _isatty_r
 .text          0x0000000000048f70        0x0 d:/intel/nios2eds/bin/gnu/h-x86_64-mingw32/bin/../lib/gcc/nios2-elf/5.3.0/../../../../../H-x86_64-mingw32/nios2-elf/lib\libc.a(lib_a-lseekr.o)
 .text._lseek_r
                0x0000000000048f70       0x60 d:/intel/nios2eds/bin/gnu/h-x86_64-mingw32/bin/../lib/gcc/nios2-elf/5.3.0/../../../../../H-x86_64-mingw32/nios2-elf/lib\libc.a(lib_a-lseekr.o)
                0x0000000000048f70                _lseek_r
 .text          0x0000000000048fd0        0x0 d:/intel/nios2eds/bin/gnu/h-x86_64-mingw32/bin/../lib/gcc/nios2-elf/5.3.0/../../../../../H-x86_64-mingw32/nios2-elf/lib\libc.a(lib_a-memmove.o)
 .text.memmove  0x0000000000048fd0      0x15c d:/intel/nios2eds/bin/gnu/h-x86_64-mingw32/bin/../lib/gcc/nios2-elf/5.3.0/../../../../../H-x86_64-mingw32/nios2-elf/lib\libc.a(lib_a-memmove.o)
                0x0000000000048fd0                memmove
 .text          0x000000000004912c        0x0 d:/intel/nios2eds/bin/gnu/h-x86_64-mingw32/bin/../lib/gcc/nios2-elf/5.3.0/../../../../../H-x86_64-mingw32/nios2-elf/lib\libc.a(lib_a-readr.o)
 .text._read_r  0x000000000004912c       0x60 d:/intel/nios2eds/bin/gnu/h-x86_64-mingw32/bin/../lib/gcc/nios2-elf/5.3.0/../../../../../H-x86_64-mingw32/nios2-elf/lib\libc.a(lib_a-readr.o)
                0x000000000004912c                _read_r
 .text          0x000000000004918c        0x0 d:/intel/nios2eds/bin/gnu/h-x86_64-mingw32/bin/../lib/gcc/nios2-elf/5.3.0/../../../../../H-x86_64-mingw32/nios2-elf/lib\libc.a(lib_a-reallocr.o)
 .text._realloc_r
                0x000000000004918c      0x564 d:/intel/nios2eds/bin/gnu/h-x86_64-mingw32/bin/../lib/gcc/nios2-elf/5.3.0/../../../../../H-x86_64-mingw32/nios2-elf/lib\libc.a(lib_a-reallocr.o)
                0x000000000004918c                _realloc_r
 .text          0x00000000000496f0        0x0 d:/intel/nios2eds/bin/gnu/h-x86_64-mingw32/bin/../lib/gcc/nios2-elf/5.3.0/../../../../../H-x86_64-mingw32/nios2-elf/lib\libc.a(lib_a-wbuf.o)
 .text.__swbuf_r
                0x00000000000496f0      0x140 d:/intel/nios2eds/bin/gnu/h-x86_64-mingw32/bin/../lib/gcc/nios2-elf/5.3.0/../../../../../H-x86_64-mingw32/nios2-elf/lib\libc.a(lib_a-wbuf.o)
                0x00000000000496f0                __swbuf_r
 .text.__swbuf  0x0000000000049830       0x18 d:/intel/nios2eds/bin/gnu/h-x86_64-mingw32/bin/../lib/gcc/nios2-elf/5.3.0/../../../../../H-x86_64-mingw32/nios2-elf/lib\libc.a(lib_a-wbuf.o)
                0x0000000000049830                __swbuf
 .text          0x0000000000049848        0x0 d:/intel/nios2eds/bin/gnu/h-x86_64-mingw32/bin/../lib/gcc/nios2-elf/5.3.0/../../../../../H-x86_64-mingw32/nios2-elf/lib\libc.a(lib_a-wcrtomb.o)
 .text._wcrtomb_r
                0x0000000000049848       0x9c d:/intel/nios2eds/bin/gnu/h-x86_64-mingw32/bin/../lib/gcc/nios2-elf/5.3.0/../../../../../H-x86_64-mingw32/nios2-elf/lib\libc.a(lib_a-wcrtomb.o)
                0x0000000000049848                _wcrtomb_r
 .text.wcrtomb  0x00000000000498e4       0xc0 d:/intel/nios2eds/bin/gnu/h-x86_64-mingw32/bin/../lib/gcc/nios2-elf/5.3.0/../../../../../H-x86_64-mingw32/nios2-elf/lib\libc.a(lib_a-wcrtomb.o)
                0x00000000000498e4                wcrtomb
 .text          0x00000000000499a4        0x0 d:/intel/nios2eds/bin/gnu/h-x86_64-mingw32/bin/../lib/gcc/nios2-elf/5.3.0/../../../../../H-x86_64-mingw32/nios2-elf/lib\libc.a(lib_a-wctomb_r.o)
 .text.__ascii_wctomb
                0x00000000000499a4       0x30 d:/intel/nios2eds/bin/gnu/h-x86_64-mingw32/bin/../lib/gcc/nios2-elf/5.3.0/../../../../../H-x86_64-mingw32/nios2-elf/lib\libc.a(lib_a-wctomb_r.o)
                0x00000000000499a4                __ascii_wctomb
 .text._wctomb_r
                0x00000000000499d4       0x5c d:/intel/nios2eds/bin/gnu/h-x86_64-mingw32/bin/../lib/gcc/nios2-elf/5.3.0/../../../../../H-x86_64-mingw32/nios2-elf/lib\libc.a(lib_a-wctomb_r.o)
                0x00000000000499d4                _wctomb_r
 .text          0x0000000000049a30      0x578 d:/intel/nios2eds/bin/gnu/h-x86_64-mingw32/bin/../lib/gcc/nios2-elf/5.3.0\libgcc.a(_udivdi3.o)
                0x0000000000049a30                __udivdi3
 .text          0x0000000000049fa8      0x538 d:/intel/nios2eds/bin/gnu/h-x86_64-mingw32/bin/../lib/gcc/nios2-elf/5.3.0\libgcc.a(_umoddi3.o)
                0x0000000000049fa8                __umoddi3
 .text          0x000000000004a4e0      0x1b4 d:/intel/nios2eds/bin/gnu/h-x86_64-mingw32/bin/../lib/gcc/nios2-elf/5.3.0\libgcc.a(lib2-divmod.o)
                0x000000000004a4e0                __divsi3
                0x000000000004a564                __modsi3
                0x000000000004a5d8                __udivsi3
                0x000000000004a63c                __umodsi3
 .text          0x000000000004a694      0x8ac d:/intel/nios2eds/bin/gnu/h-x86_64-mingw32/bin/../lib/gcc/nios2-elf/5.3.0\libgcc.a(adddf3.o)
                0x000000000004a694                __adddf3
 .text          0x000000000004af40      0x8e8 d:/intel/nios2eds/bin/gnu/h-x86_64-mingw32/bin/../lib/gcc/nios2-elf/5.3.0\libgcc.a(divdf3.o)
                0x000000000004af40                __divdf3
 .text          0x000000000004b828       0x88 d:/intel/nios2eds/bin/gnu/h-x86_64-mingw32/bin/../lib/gcc/nios2-elf/5.3.0\libgcc.a(eqdf2.o)
                0x000000000004b828                __nedf2
                0x000000000004b828                __eqdf2
 .text          0x000000000004b8b0       0xdc d:/intel/nios2eds/bin/gnu/h-x86_64-mingw32/bin/../lib/gcc/nios2-elf/5.3.0\libgcc.a(gedf2.o)
                0x000000000004b8b0                __gedf2
                0x000000000004b8b0                __gtdf2
 .text          0x000000000004b98c       0xf4 d:/intel/nios2eds/bin/gnu/h-x86_64-mingw32/bin/../lib/gcc/nios2-elf/5.3.0\libgcc.a(ledf2.o)
                0x000000000004b98c                __ledf2
                0x000000000004b98c                __ltdf2
 .text          0x000000000004ba80      0x718 d:/intel/nios2eds/bin/gnu/h-x86_64-mingw32/bin/../lib/gcc/nios2-elf/5.3.0\libgcc.a(muldf3.o)
                0x000000000004ba80                __muldf3
 .text          0x000000000004c198      0x8fc d:/intel/nios2eds/bin/gnu/h-x86_64-mingw32/bin/../lib/gcc/nios2-elf/5.3.0\libgcc.a(subdf3.o)
                0x000000000004c198                __subdf3
 .text          0x000000000004ca94       0x80 d:/intel/nios2eds/bin/gnu/h-x86_64-mingw32/bin/../lib/gcc/nios2-elf/5.3.0\libgcc.a(fixdfsi.o)
                0x000000000004ca94                __fixdfsi
 .text          0x000000000004cb14       0xdc d:/intel/nios2eds/bin/gnu/h-x86_64-mingw32/bin/../lib/gcc/nios2-elf/5.3.0\libgcc.a(floatsidf.o)
                0x000000000004cb14                __floatsidf
 .text          0x000000000004cbf0       0xa8 d:/intel/nios2eds/bin/gnu/h-x86_64-mingw32/bin/../lib/gcc/nios2-elf/5.3.0\libgcc.a(floatunsidf.o)
                0x000000000004cbf0                __floatunsidf
 .text          0x000000000004cc98        0x0 d:/intel/nios2eds/bin/gnu/h-x86_64-mingw32/bin/../lib/gcc/nios2-elf/5.3.0\libgcc.a(_clz.o)
 .text          0x000000000004cc98       0x64 d:/intel/nios2eds/bin/gnu/h-x86_64-mingw32/bin/../lib/gcc/nios2-elf/5.3.0\libgcc.a(_clzsi2.o)
                0x000000000004cc98                __clzsi2
 .text          0x000000000004ccfc      0x10c ../CNN_accelerator_bsp/\libhal_bsp.a(alt_close.o)
                0x000000000004cd38                close
 .text          0x000000000004ce08       0x2c ../CNN_accelerator_bsp/\libhal_bsp.a(alt_dev.o)
 .text          0x000000000004ce34        0x0 ../CNN_accelerator_bsp/\libhal_bsp.a(alt_errno.o)
 .text          0x000000000004ce34       0xec ../CNN_accelerator_bsp/\libhal_bsp.a(alt_fstat.o)
                0x000000000004ce70                fstat
 .text          0x000000000004cf20       0xe0 ../CNN_accelerator_bsp/\libhal_bsp.a(alt_isatty.o)
                0x000000000004cf5c                isatty
 .text          0x000000000004d000       0xec ../CNN_accelerator_bsp/\libhal_bsp.a(alt_load.o)
                0x000000000004d068                alt_load
 .text          0x000000000004d0ec      0x110 ../CNN_accelerator_bsp/\libhal_bsp.a(alt_lseek.o)
                0x000000000004d128                lseek
 .text          0x000000000004d1fc       0x7c ../CNN_accelerator_bsp/\libhal_bsp.a(alt_main.o)
                0x000000000004d1fc                alt_main
 .text          0x000000000004d278       0x48 ../CNN_accelerator_bsp/\libhal_bsp.a(alt_malloc_lock.o)
                0x000000000004d278                __malloc_lock
                0x000000000004d29c                __malloc_unlock
 .text          0x000000000004d2c0      0x138 ../CNN_accelerator_bsp/\libhal_bsp.a(alt_read.o)
                0x000000000004d2fc                read
 .text          0x000000000004d3f8       0x64 ../CNN_accelerator_bsp/\libhal_bsp.a(alt_release_fd.o)
                0x000000000004d3f8                alt_release_fd
 .text          0x000000000004d45c       0xb0 ../CNN_accelerator_bsp/\libhal_bsp.a(alt_sbrk.o)
                0x000000000004d45c                sbrk
 .text          0x000000000004d50c      0x134 ../CNN_accelerator_bsp/\libhal_bsp.a(alt_write.o)
                0x000000000004d548                write
 .text          0x000000000004d640       0xdc ../CNN_accelerator_bsp/\libhal_bsp.a(alt_sys_init.o)
                0x000000000004d674                alt_irq_init
                0x000000000004d6ac                alt_sys_init
 .text          0x000000000004d71c      0x164 ../CNN_accelerator_bsp/\libhal_bsp.a(altera_avalon_jtag_uart_fd.o)
                0x000000000004d71c                altera_avalon_jtag_uart_read_fd
                0x000000000004d77c                altera_avalon_jtag_uart_write_fd
                0x000000000004d7dc                altera_avalon_jtag_uart_close_fd
                0x000000000004d82c                altera_avalon_jtag_uart_ioctl_fd
 .text          0x000000000004d880      0x3d4 ../CNN_accelerator_bsp/\libhal_bsp.a(altera_avalon_jtag_uart_init.o)
                0x000000000004d880                altera_avalon_jtag_uart_init
                0x000000000004dbec                altera_avalon_jtag_uart_close
 .text          0x000000000004dc54       0xf0 ../CNN_accelerator_bsp/\libhal_bsp.a(altera_avalon_jtag_uart_ioctl.o)
                0x000000000004dc54                altera_avalon_jtag_uart_ioctl
 .text          0x000000000004dd44      0x21c ../CNN_accelerator_bsp/\libhal_bsp.a(altera_avalon_jtag_uart_read.o)
                0x000000000004dd44                altera_avalon_jtag_uart_read
 .text          0x000000000004df60      0x224 ../CNN_accelerator_bsp/\libhal_bsp.a(altera_avalon_jtag_uart_write.o)
                0x000000000004df60                altera_avalon_jtag_uart_write
 .text          0x000000000004e184      0x190 ../CNN_accelerator_bsp/\libhal_bsp.a(altera_avalon_performance_counter.o)
                0x000000000004e184                perf_get_section_time
                0x000000000004e240                perf_get_total_time
                0x000000000004e28c                perf_get_num_starts
                0x000000000004e2cc                alt_get_performance_counter_base
                0x000000000004e2f0                alt_get_cpu_freq
 .text          0x000000000004e314       0xf4 ../CNN_accelerator_bsp/\libhal_bsp.a(altera_avalon_timer_sc.o)
                0x000000000004e38c                alt_avalon_timer_sc_init
 .text          0x000000000004e408      0x280 ../CNN_accelerator_bsp/\libhal_bsp.a(perf_print_formatted_report.o)
                0x000000000004e408                perf_print_formatted_report
 .text          0x000000000004e688      0x12c ../CNN_accelerator_bsp/\libhal_bsp.a(alt_alarm_start.o)
                0x000000000004e688                alt_alarm_start
 .text          0x000000000004e7b4       0x48 ../CNN_accelerator_bsp/\libhal_bsp.a(alt_dcache_flush_all.o)
                0x000000000004e7b4                alt_dcache_flush_all
 .text          0x000000000004e7fc       0xe0 ../CNN_accelerator_bsp/\libhal_bsp.a(alt_dev_llist_insert.o)
                0x000000000004e838                alt_dev_llist_insert
 .text          0x000000000004e8dc       0x60 ../CNN_accelerator_bsp/\libhal_bsp.a(alt_do_ctors.o)
                0x000000000004e8dc                _do_ctors
 .text          0x000000000004e93c       0x60 ../CNN_accelerator_bsp/\libhal_bsp.a(alt_do_dtors.o)
                0x000000000004e93c                _do_dtors
 .text          0x000000000004e99c       0x34 ../CNN_accelerator_bsp/\libhal_bsp.a(alt_icache_flush_all.o)
                0x000000000004e99c                alt_icache_flush_all
 .text          0x000000000004e9d0      0x1b0 ../CNN_accelerator_bsp/\libhal_bsp.a(alt_iic.o)
                0x000000000004e9d0                alt_ic_isr_register
                0x000000000004ea20                alt_ic_irq_enable
                0x000000000004eaa8                alt_ic_irq_disable
                0x000000000004eb34                alt_ic_irq_enabled
 .text          0x000000000004eb80       0xf0 ../CNN_accelerator_bsp/\libhal_bsp.a(alt_iic_isr_register.o)
                0x000000000004eb80                alt_iic_isr_register
 .text          0x000000000004ec70      0x140 ../CNN_accelerator_bsp/\libhal_bsp.a(alt_io_redirect.o)
                0x000000000004ed34                alt_io_redirect
 .text          0x000000000004edb0        0x0 ../CNN_accelerator_bsp/\libhal_bsp.a(alt_irq_entry.o)
 .text          0x000000000004edb0        0x0 ../CNN_accelerator_bsp/\libhal_bsp.a(alt_irq_handler.o)
 .text          0x000000000004edb0        0x0 ../CNN_accelerator_bsp/\libhal_bsp.a(alt_irq_vars.o)
 .text          0x000000000004edb0      0x254 ../CNN_accelerator_bsp/\libhal_bsp.a(alt_open.o)
                0x000000000004eeb0                open
 .text          0x000000000004f004      0x1a4 ../CNN_accelerator_bsp/\libhal_bsp.a(alt_tick.o)
                0x000000000004f004                alt_alarm_stop
                0x000000000004f0a0                alt_tick
 .text          0x000000000004f1a8       0x24 ../CNN_accelerator_bsp/\libhal_bsp.a(altera_nios2_gen2_irq.o)
                0x000000000004f1a8                altera_nios2_gen2_irq_init
 .text          0x000000000004f1cc        0x0 ../CNN_accelerator_bsp/\libhal_bsp.a(alt_exception_entry.o)
 .text          0x000000000004f1cc       0x90 ../CNN_accelerator_bsp/\libhal_bsp.a(alt_find_dev.o)
                0x000000000004f1cc                alt_find_dev
 .text          0x000000000004f25c      0x108 ../CNN_accelerator_bsp/\libhal_bsp.a(alt_find_file.o)
                0x000000000004f25c                alt_find_file
 .text          0x000000000004f364       0xa4 ../CNN_accelerator_bsp/\libhal_bsp.a(alt_get_fd.o)
                0x000000000004f364                alt_get_fd
 .text          0x000000000004f408       0x90 ../CNN_accelerator_bsp/\libhal_bsp.a(alt_icache_flush.o)
                0x000000000004f408                alt_icache_flush
 .text          0x000000000004f498       0x9c ../CNN_accelerator_bsp/\libhal_bsp.a(alt_instruction_exception_entry.o)
                0x000000000004f498                alt_exception_cause_generated_bad_addr
 .text          0x000000000004f534        0x0 d:/intel/nios2eds/bin/gnu/h-x86_64-mingw32/bin/../lib/gcc/nios2-elf/5.3.0/../../../../../H-x86_64-mingw32/nios2-elf/lib\libc.a(lib_a-atexit.o)
 .text.atexit   0x000000000004f534       0x14 d:/intel/nios2eds/bin/gnu/h-x86_64-mingw32/bin/../lib/gcc/nios2-elf/5.3.0/../../../../../H-x86_64-mingw32/nios2-elf/lib\libc.a(lib_a-atexit.o)
                0x000000000004f534                atexit
 .text          0x000000000004f548        0x0 d:/intel/nios2eds/bin/gnu/h-x86_64-mingw32/bin/../lib/gcc/nios2-elf/5.3.0/../../../../../H-x86_64-mingw32/nios2-elf/lib\libc.a(lib_a-exit.o)
 .text.exit     0x000000000004f548       0x38 d:/intel/nios2eds/bin/gnu/h-x86_64-mingw32/bin/../lib/gcc/nios2-elf/5.3.0/../../../../../H-x86_64-mingw32/nios2-elf/lib\libc.a(lib_a-exit.o)
                0x000000000004f548                exit
 .text          0x000000000004f580        0x0 d:/intel/nios2eds/bin/gnu/h-x86_64-mingw32/bin/../lib/gcc/nios2-elf/5.3.0/../../../../../H-x86_64-mingw32/nios2-elf/lib\libc.a(lib_a-memcmp.o)
 .text.memcmp   0x000000000004f580       0x7c d:/intel/nios2eds/bin/gnu/h-x86_64-mingw32/bin/../lib/gcc/nios2-elf/5.3.0/../../../../../H-x86_64-mingw32/nios2-elf/lib\libc.a(lib_a-memcmp.o)
                0x000000000004f580                memcmp
 .text          0x000000000004f5fc        0x0 d:/intel/nios2eds/bin/gnu/h-x86_64-mingw32/bin/../lib/gcc/nios2-elf/5.3.0/../../../../../H-x86_64-mingw32/nios2-elf/lib\libc.a(lib_a-__atexit.o)
 .text.__register_exitproc
                0x000000000004f5fc      0x118 d:/intel/nios2eds/bin/gnu/h-x86_64-mingw32/bin/../lib/gcc/nios2-elf/5.3.0/../../../../../H-x86_64-mingw32/nios2-elf/lib\libc.a(lib_a-__atexit.o)
                0x000000000004f5fc                __register_exitproc
 .text          0x000000000004f714        0x0 d:/intel/nios2eds/bin/gnu/h-x86_64-mingw32/bin/../lib/gcc/nios2-elf/5.3.0/../../../../../H-x86_64-mingw32/nios2-elf/lib\libc.a(lib_a-__call_atexit.o)
 .text.__call_exitprocs
                0x000000000004f714      0x180 d:/intel/nios2eds/bin/gnu/h-x86_64-mingw32/bin/../lib/gcc/nios2-elf/5.3.0/../../../../../H-x86_64-mingw32/nios2-elf/lib\libc.a(lib_a-__call_atexit.o)
                0x000000000004f714                __call_exitprocs
 .text          0x000000000004f894       0x70 d:/intel/nios2eds/bin/gnu/h-x86_64-mingw32/bin/../lib/gcc/nios2-elf/5.3.0\libgcc.a(_floatundidf.o)
                0x000000000004f894                __floatundidf
 .text          0x000000000004f904       0x34 ../CNN_accelerator_bsp/\libhal_bsp.a(alt_exit.o)
                0x000000000004f904                _exit
 *(.gnu.warning.*)
 *(.fini)
                [!provide]                        PROVIDE (__etext, ABSOLUTE (.))
                [!provide]                        PROVIDE (_etext, ABSOLUTE (.))
                [!provide]                        PROVIDE (etext, ABSOLUTE (.))
 *(.eh_frame_hdr)
                0x000000000004f938                . = ALIGN (0x4)
                [!provide]                        PROVIDE (__preinit_array_start, ABSOLUTE (.))
 *(.preinit_array)
                [!provide]                        PROVIDE (__preinit_array_end, ABSOLUTE (.))
                [!provide]                        PROVIDE (__init_array_start, ABSOLUTE (.))
 *(.init_array)
                [!provide]                        PROVIDE (__init_array_end, ABSOLUTE (.))
                [!provide]                        PROVIDE (__fini_array_start, ABSOLUTE (.))
 *(.fini_array)
                [!provide]                        PROVIDE (__fini_array_end, ABSOLUTE (.))
 *(.eh_frame)
 *(.gcc_except_table .gcc_except_table.*)
 *(.dynamic)
                0x000000000004f938                PROVIDE (__CTOR_LIST__, ABSOLUTE (.))
 *(.ctors)
 *(SORT(.ctors.*))
                0x000000000004f938                PROVIDE (__CTOR_END__, ABSOLUTE (.))
                0x000000000004f938                PROVIDE (__DTOR_LIST__, ABSOLUTE (.))
 *(.dtors)
 *(SORT(.dtors.*))
                0x000000000004f938                PROVIDE (__DTOR_END__, ABSOLUTE (.))
 *(.jcr)
                0x000000000004f938                . = ALIGN (0x4)

.rodata         0x000000000004f938      0x454
                0x000000000004f938                PROVIDE (__ram_rodata_start, ABSOLUTE (.))
                0x000000000004f938                . = ALIGN (0x4)
 *(.rodata .rodata.* .gnu.linkonce.r.*)
 .rodata        0x000000000004f938       0x56 obj/default/hello_world.o
 *fill*         0x000000000004f98e        0x2 
 .rodata.str1.4
                0x000000000004f990       0x42 d:/intel/nios2eds/bin/gnu/h-x86_64-mingw32/bin/../lib/gcc/nios2-elf/5.3.0/../../../../../H-x86_64-mingw32/nios2-elf/lib\libc.a(lib_a-vfprintf.o)
 .rodata.zeroes.4404
                0x000000000004f9d2       0x10 d:/intel/nios2eds/bin/gnu/h-x86_64-mingw32/bin/../lib/gcc/nios2-elf/5.3.0/../../../../../H-x86_64-mingw32/nios2-elf/lib\libc.a(lib_a-vfprintf.o)
 .rodata.blanks.4403
                0x000000000004f9e2       0x10 d:/intel/nios2eds/bin/gnu/h-x86_64-mingw32/bin/../lib/gcc/nios2-elf/5.3.0/../../../../../H-x86_64-mingw32/nios2-elf/lib\libc.a(lib_a-vfprintf.o)
 *fill*         0x000000000004f9f2        0x2 
 .rodata.str1.4
                0x000000000004f9f4       0x10 d:/intel/nios2eds/bin/gnu/h-x86_64-mingw32/bin/../lib/gcc/nios2-elf/5.3.0/../../../../../H-x86_64-mingw32/nios2-elf/lib\libc.a(lib_a-dtoa.o)
                                         0x12 (size before relaxing)
 .rodata.str1.4
                0x000000000004fa04        0x2 d:/intel/nios2eds/bin/gnu/h-x86_64-mingw32/bin/../lib/gcc/nios2-elf/5.3.0/../../../../../H-x86_64-mingw32/nios2-elf/lib\libc.a(lib_a-impure.o)
 *fill*         0x000000000004fa06        0x2 
 .rodata.str1.4
                0x000000000004fa08        0xc d:/intel/nios2eds/bin/gnu/h-x86_64-mingw32/bin/../lib/gcc/nios2-elf/5.3.0/../../../../../H-x86_64-mingw32/nios2-elf/lib\libc.a(lib_a-locale.o)
                                         0x12 (size before relaxing)
 .rodata.p05.2768
                0x000000000004fa14        0xc d:/intel/nios2eds/bin/gnu/h-x86_64-mingw32/bin/../lib/gcc/nios2-elf/5.3.0/../../../../../H-x86_64-mingw32/nios2-elf/lib\libc.a(lib_a-mprec.o)
 .rodata.__mprec_tinytens
                0x000000000004fa20       0x28 d:/intel/nios2eds/bin/gnu/h-x86_64-mingw32/bin/../lib/gcc/nios2-elf/5.3.0/../../../../../H-x86_64-mingw32/nios2-elf/lib\libc.a(lib_a-mprec.o)
                0x000000000004fa20                __mprec_tinytens
 .rodata.__mprec_bigtens
                0x000000000004fa48       0x28 d:/intel/nios2eds/bin/gnu/h-x86_64-mingw32/bin/../lib/gcc/nios2-elf/5.3.0/../../../../../H-x86_64-mingw32/nios2-elf/lib\libc.a(lib_a-mprec.o)
                0x000000000004fa48                __mprec_bigtens
 .rodata.__mprec_tens
                0x000000000004fa70       0xc8 d:/intel/nios2eds/bin/gnu/h-x86_64-mingw32/bin/../lib/gcc/nios2-elf/5.3.0/../../../../../H-x86_64-mingw32/nios2-elf/lib\libc.a(lib_a-mprec.o)
                0x000000000004fa70                __mprec_tens
 .rodata.str1.4
                0x000000000004fb38       0x2f d:/intel/nios2eds/bin/gnu/h-x86_64-mingw32/bin/../lib/gcc/nios2-elf/5.3.0/../../../../../H-x86_64-mingw32/nios2-elf/lib\libc.a(lib_a-vfiprintf.o)
 .rodata.zeroes.4349
                0x000000000004fb38       0x10 d:/intel/nios2eds/bin/gnu/h-x86_64-mingw32/bin/../lib/gcc/nios2-elf/5.3.0/../../../../../H-x86_64-mingw32/nios2-elf/lib\libc.a(lib_a-vfiprintf.o)
 .rodata.blanks.4348
                0x000000000004fb48       0x10 d:/intel/nios2eds/bin/gnu/h-x86_64-mingw32/bin/../lib/gcc/nios2-elf/5.3.0/../../../../../H-x86_64-mingw32/nios2-elf/lib\libc.a(lib_a-vfiprintf.o)
 .rodata        0x000000000004fb58      0x100 d:/intel/nios2eds/bin/gnu/h-x86_64-mingw32/bin/../lib/gcc/nios2-elf/5.3.0\libgcc.a(_clz.o)
                0x000000000004fb58                __clz_tab
 .rodata        0x000000000004fc58        0xa ../CNN_accelerator_bsp/\libhal_bsp.a(alt_dev.o)
 *fill*         0x000000000004fc62        0x2 
 .rodata        0x000000000004fc64       0x11 ../CNN_accelerator_bsp/\libhal_bsp.a(alt_main.o)
 *fill*         0x000000000004fc75        0x3 
 .rodata        0x000000000004fc78       0x11 ../CNN_accelerator_bsp/\libhal_bsp.a(alt_sys_init.o)
 *fill*         0x000000000004fc89        0x3 
 .rodata        0x000000000004fc8c      0x100 ../CNN_accelerator_bsp/\libhal_bsp.a(perf_print_formatted_report.o)
 *(.rodata1)
                0x000000000004fd8c                . = ALIGN (0x4)
                0x000000000004fd8c                PROVIDE (__ram_rodata_end, ABSOLUTE (.))
                0x000000000004f938                PROVIDE (__flash_rodata_start, LOADADDR (.rodata))

.rwdata         0x000000000004fd8c     0x2170 load address 0x0000000000051efc
                0x000000000004fd8c                PROVIDE (__ram_rwdata_start, ABSOLUTE (.))
                0x000000000004fd8c                . = ALIGN (0x4)
 *(.got.plt)
 *(.got)
 *(.data1)
 *(.data .data.* .gnu.linkonce.d.*)
 .data          0x000000000004fd8c        0x0 ../CNN_accelerator_bsp//obj/HAL/src/crt0.o
 .data          0x000000000004fd8c        0x0 obj/default/hello_world.o
 .data          0x000000000004fd8c       0x60 obj/default/nn_weights.o
                0x000000000004fd8c                nnWeights
 .data          0x000000000004fdec      0x620 obj/default/test_image.o
                0x000000000004fdec                testImage1
 .data          0x000000000005040c        0x0 d:/intel/nios2eds/bin/gnu/h-x86_64-mingw32/bin/../lib/gcc/nios2-elf/5.3.0/../../../../../H-x86_64-mingw32/nios2-elf/lib\libc.a(lib_a-printf.o)
 .data          0x000000000005040c        0x0 d:/intel/nios2eds/bin/gnu/h-x86_64-mingw32/bin/../lib/gcc/nios2-elf/5.3.0/../../../../../H-x86_64-mingw32/nios2-elf/lib\libc.a(lib_a-vfprintf.o)
 .data          0x000000000005040c        0x0 d:/intel/nios2eds/bin/gnu/h-x86_64-mingw32/bin/../lib/gcc/nios2-elf/5.3.0/../../../../../H-x86_64-mingw32/nios2-elf/lib\libc.a(lib_a-wsetup.o)
 .data          0x000000000005040c        0x0 d:/intel/nios2eds/bin/gnu/h-x86_64-mingw32/bin/../lib/gcc/nios2-elf/5.3.0/../../../../../H-x86_64-mingw32/nios2-elf/lib\libc.a(lib_a-dtoa.o)
 .data          0x000000000005040c        0x0 d:/intel/nios2eds/bin/gnu/h-x86_64-mingw32/bin/../lib/gcc/nios2-elf/5.3.0/../../../../../H-x86_64-mingw32/nios2-elf/lib\libc.a(lib_a-fflush.o)
 .data          0x000000000005040c        0x0 d:/intel/nios2eds/bin/gnu/h-x86_64-mingw32/bin/../lib/gcc/nios2-elf/5.3.0/../../../../../H-x86_64-mingw32/nios2-elf/lib\libc.a(lib_a-findfp.o)
 .data          0x000000000005040c        0x0 d:/intel/nios2eds/bin/gnu/h-x86_64-mingw32/bin/../lib/gcc/nios2-elf/5.3.0/../../../../../H-x86_64-mingw32/nios2-elf/lib\libc.a(lib_a-freer.o)
 .data          0x000000000005040c        0x0 d:/intel/nios2eds/bin/gnu/h-x86_64-mingw32/bin/../lib/gcc/nios2-elf/5.3.0/../../../../../H-x86_64-mingw32/nios2-elf/lib\libc.a(lib_a-fwalk.o)
 .data          0x000000000005040c        0x0 d:/intel/nios2eds/bin/gnu/h-x86_64-mingw32/bin/../lib/gcc/nios2-elf/5.3.0/../../../../../H-x86_64-mingw32/nios2-elf/lib\libc.a(lib_a-impure.o)
 .data.impure_data
                0x000000000005040c      0x424 d:/intel/nios2eds/bin/gnu/h-x86_64-mingw32/bin/../lib/gcc/nios2-elf/5.3.0/../../../../../H-x86_64-mingw32/nios2-elf/lib\libc.a(lib_a-impure.o)
 .data          0x0000000000050830        0x0 d:/intel/nios2eds/bin/gnu/h-x86_64-mingw32/bin/../lib/gcc/nios2-elf/5.3.0/../../../../../H-x86_64-mingw32/nios2-elf/lib\libc.a(lib_a-locale.o)
 .data.lc_message_charset
                0x0000000000050830       0x20 d:/intel/nios2eds/bin/gnu/h-x86_64-mingw32/bin/../lib/gcc/nios2-elf/5.3.0/../../../../../H-x86_64-mingw32/nios2-elf/lib\libc.a(lib_a-locale.o)
 .data.lc_ctype_charset
                0x0000000000050850       0x20 d:/intel/nios2eds/bin/gnu/h-x86_64-mingw32/bin/../lib/gcc/nios2-elf/5.3.0/../../../../../H-x86_64-mingw32/nios2-elf/lib\libc.a(lib_a-locale.o)
 .data.lconv    0x0000000000050870       0x38 d:/intel/nios2eds/bin/gnu/h-x86_64-mingw32/bin/../lib/gcc/nios2-elf/5.3.0/../../../../../H-x86_64-mingw32/nios2-elf/lib\libc.a(lib_a-locale.o)
 .data          0x00000000000508a8        0x0 d:/intel/nios2eds/bin/gnu/h-x86_64-mingw32/bin/../lib/gcc/nios2-elf/5.3.0/../../../../../H-x86_64-mingw32/nios2-elf/lib\libc.a(lib_a-makebuf.o)
 .data          0x00000000000508a8        0x0 d:/intel/nios2eds/bin/gnu/h-x86_64-mingw32/bin/../lib/gcc/nios2-elf/5.3.0/../../../../../H-x86_64-mingw32/nios2-elf/lib\libc.a(lib_a-mallocr.o)
 .data.__malloc_av_
                0x00000000000508a8      0x408 d:/intel/nios2eds/bin/gnu/h-x86_64-mingw32/bin/../lib/gcc/nios2-elf/5.3.0/../../../../../H-x86_64-mingw32/nios2-elf/lib\libc.a(lib_a-mallocr.o)
                0x00000000000508a8                __malloc_av_
 .data          0x0000000000050cb0        0x0 d:/intel/nios2eds/bin/gnu/h-x86_64-mingw32/bin/../lib/gcc/nios2-elf/5.3.0/../../../../../H-x86_64-mingw32/nios2-elf/lib\libc.a(lib_a-memchr.o)
 .data          0x0000000000050cb0        0x0 d:/intel/nios2eds/bin/gnu/h-x86_64-mingw32/bin/../lib/gcc/nios2-elf/5.3.0/../../../../../H-x86_64-mingw32/nios2-elf/lib\libc.a(lib_a-memcpy.o)
 .data          0x0000000000050cb0        0x0 d:/intel/nios2eds/bin/gnu/h-x86_64-mingw32/bin/../lib/gcc/nios2-elf/5.3.0/../../../../../H-x86_64-mingw32/nios2-elf/lib\libc.a(lib_a-memset.o)
 .data          0x0000000000050cb0        0x0 d:/intel/nios2eds/bin/gnu/h-x86_64-mingw32/bin/../lib/gcc/nios2-elf/5.3.0/../../../../../H-x86_64-mingw32/nios2-elf/lib\libc.a(lib_a-mprec.o)
 .data          0x0000000000050cb0        0x0 d:/intel/nios2eds/bin/gnu/h-x86_64-mingw32/bin/../lib/gcc/nios2-elf/5.3.0/../../../../../H-x86_64-mingw32/nios2-elf/lib\libc.a(lib_a-s_fpclassify.o)
 .data          0x0000000000050cb0        0x0 d:/intel/nios2eds/bin/gnu/h-x86_64-mingw32/bin/../lib/gcc/nios2-elf/5.3.0/../../../../../H-x86_64-mingw32/nios2-elf/lib\libc.a(lib_a-sbrkr.o)
 .data          0x0000000000050cb0        0x0 d:/intel/nios2eds/bin/gnu/h-x86_64-mingw32/bin/../lib/gcc/nios2-elf/5.3.0/../../../../../H-x86_64-mingw32/nios2-elf/lib\libc.a(lib_a-stdio.o)
 .data          0x0000000000050cb0        0x0 d:/intel/nios2eds/bin/gnu/h-x86_64-mingw32/bin/../lib/gcc/nios2-elf/5.3.0/../../../../../H-x86_64-mingw32/nios2-elf/lib\libc.a(lib_a-strcmp.o)
 .data          0x0000000000050cb0        0x0 d:/intel/nios2eds/bin/gnu/h-x86_64-mingw32/bin/../lib/gcc/nios2-elf/5.3.0/../../../../../H-x86_64-mingw32/nios2-elf/lib\libc.a(lib_a-strlen.o)
 .data          0x0000000000050cb0        0x0 d:/intel/nios2eds/bin/gnu/h-x86_64-mingw32/bin/../lib/gcc/nios2-elf/5.3.0/../../../../../H-x86_64-mingw32/nios2-elf/lib\libc.a(lib_a-vfiprintf.o)
 .data          0x0000000000050cb0        0x0 d:/intel/nios2eds/bin/gnu/h-x86_64-mingw32/bin/../lib/gcc/nios2-elf/5.3.0/../../../../../H-x86_64-mingw32/nios2-elf/lib\libc.a(lib_a-writer.o)
 .data          0x0000000000050cb0        0x0 d:/intel/nios2eds/bin/gnu/h-x86_64-mingw32/bin/../lib/gcc/nios2-elf/5.3.0/../../../../../H-x86_64-mingw32/nios2-elf/lib\libc.a(closer.o)
 .data          0x0000000000050cb0        0x0 d:/intel/nios2eds/bin/gnu/h-x86_64-mingw32/bin/../lib/gcc/nios2-elf/5.3.0/../../../../../H-x86_64-mingw32/nios2-elf/lib\libc.a(lib_a-callocr.o)
 .data          0x0000000000050cb0        0x0 d:/intel/nios2eds/bin/gnu/h-x86_64-mingw32/bin/../lib/gcc/nios2-elf/5.3.0/../../../../../H-x86_64-mingw32/nios2-elf/lib\libc.a(lib_a-fclose.o)
 .data          0x0000000000050cb0        0x0 d:/intel/nios2eds/bin/gnu/h-x86_64-mingw32/bin/../lib/gcc/nios2-elf/5.3.0/../../../../../H-x86_64-mingw32/nios2-elf/lib\libc.a(lib_a-fputwc.o)
 .data          0x0000000000050cb0        0x0 d:/intel/nios2eds/bin/gnu/h-x86_64-mingw32/bin/../lib/gcc/nios2-elf/5.3.0/../../../../../H-x86_64-mingw32/nios2-elf/lib\libc.a(lib_a-fstatr.o)
 .data          0x0000000000050cb0        0x0 d:/intel/nios2eds/bin/gnu/h-x86_64-mingw32/bin/../lib/gcc/nios2-elf/5.3.0/../../../../../H-x86_64-mingw32/nios2-elf/lib\libc.a(lib_a-fvwrite.o)
 .data          0x0000000000050cb0        0x0 d:/intel/nios2eds/bin/gnu/h-x86_64-mingw32/bin/../lib/gcc/nios2-elf/5.3.0/../../../../../H-x86_64-mingw32/nios2-elf/lib\libc.a(lib_a-int_errno.o)
 .data          0x0000000000050cb0        0x0 d:/intel/nios2eds/bin/gnu/h-x86_64-mingw32/bin/../lib/gcc/nios2-elf/5.3.0/../../../../../H-x86_64-mingw32/nios2-elf/lib\libc.a(lib_a-isattyr.o)
 .data          0x0000000000050cb0        0x0 d:/intel/nios2eds/bin/gnu/h-x86_64-mingw32/bin/../lib/gcc/nios2-elf/5.3.0/../../../../../H-x86_64-mingw32/nios2-elf/lib\libc.a(lib_a-lseekr.o)
 .data          0x0000000000050cb0        0x0 d:/intel/nios2eds/bin/gnu/h-x86_64-mingw32/bin/../lib/gcc/nios2-elf/5.3.0/../../../../../H-x86_64-mingw32/nios2-elf/lib\libc.a(lib_a-memmove.o)
 .data          0x0000000000050cb0        0x0 d:/intel/nios2eds/bin/gnu/h-x86_64-mingw32/bin/../lib/gcc/nios2-elf/5.3.0/../../../../../H-x86_64-mingw32/nios2-elf/lib\libc.a(lib_a-readr.o)
 .data          0x0000000000050cb0        0x0 d:/intel/nios2eds/bin/gnu/h-x86_64-mingw32/bin/../lib/gcc/nios2-elf/5.3.0/../../../../../H-x86_64-mingw32/nios2-elf/lib\libc.a(lib_a-reallocr.o)
 .data          0x0000000000050cb0        0x0 d:/intel/nios2eds/bin/gnu/h-x86_64-mingw32/bin/../lib/gcc/nios2-elf/5.3.0/../../../../../H-x86_64-mingw32/nios2-elf/lib\libc.a(lib_a-wbuf.o)
 .data          0x0000000000050cb0        0x0 d:/intel/nios2eds/bin/gnu/h-x86_64-mingw32/bin/../lib/gcc/nios2-elf/5.3.0/../../../../../H-x86_64-mingw32/nios2-elf/lib\libc.a(lib_a-wcrtomb.o)
 .data          0x0000000000050cb0        0x0 d:/intel/nios2eds/bin/gnu/h-x86_64-mingw32/bin/../lib/gcc/nios2-elf/5.3.0/../../../../../H-x86_64-mingw32/nios2-elf/lib\libc.a(lib_a-wctomb_r.o)
 .data          0x0000000000050cb0        0x0 d:/intel/nios2eds/bin/gnu/h-x86_64-mingw32/bin/../lib/gcc/nios2-elf/5.3.0\libgcc.a(_udivdi3.o)
 .data          0x0000000000050cb0        0x0 d:/intel/nios2eds/bin/gnu/h-x86_64-mingw32/bin/../lib/gcc/nios2-elf/5.3.0\libgcc.a(_umoddi3.o)
 .data          0x0000000000050cb0        0x0 d:/intel/nios2eds/bin/gnu/h-x86_64-mingw32/bin/../lib/gcc/nios2-elf/5.3.0\libgcc.a(lib2-divmod.o)
 .data          0x0000000000050cb0        0x0 d:/intel/nios2eds/bin/gnu/h-x86_64-mingw32/bin/../lib/gcc/nios2-elf/5.3.0\libgcc.a(adddf3.o)
 .data          0x0000000000050cb0        0x0 d:/intel/nios2eds/bin/gnu/h-x86_64-mingw32/bin/../lib/gcc/nios2-elf/5.3.0\libgcc.a(divdf3.o)
 .data          0x0000000000050cb0        0x0 d:/intel/nios2eds/bin/gnu/h-x86_64-mingw32/bin/../lib/gcc/nios2-elf/5.3.0\libgcc.a(eqdf2.o)
 .data          0x0000000000050cb0        0x0 d:/intel/nios2eds/bin/gnu/h-x86_64-mingw32/bin/../lib/gcc/nios2-elf/5.3.0\libgcc.a(gedf2.o)
 .data          0x0000000000050cb0        0x0 d:/intel/nios2eds/bin/gnu/h-x86_64-mingw32/bin/../lib/gcc/nios2-elf/5.3.0\libgcc.a(ledf2.o)
 .data          0x0000000000050cb0        0x0 d:/intel/nios2eds/bin/gnu/h-x86_64-mingw32/bin/../lib/gcc/nios2-elf/5.3.0\libgcc.a(muldf3.o)
 .data          0x0000000000050cb0        0x0 d:/intel/nios2eds/bin/gnu/h-x86_64-mingw32/bin/../lib/gcc/nios2-elf/5.3.0\libgcc.a(subdf3.o)
 .data          0x0000000000050cb0        0x0 d:/intel/nios2eds/bin/gnu/h-x86_64-mingw32/bin/../lib/gcc/nios2-elf/5.3.0\libgcc.a(fixdfsi.o)
 .data          0x0000000000050cb0        0x0 d:/intel/nios2eds/bin/gnu/h-x86_64-mingw32/bin/../lib/gcc/nios2-elf/5.3.0\libgcc.a(floatsidf.o)
 .data          0x0000000000050cb0        0x0 d:/intel/nios2eds/bin/gnu/h-x86_64-mingw32/bin/../lib/gcc/nios2-elf/5.3.0\libgcc.a(floatunsidf.o)
 .data          0x0000000000050cb0        0x0 d:/intel/nios2eds/bin/gnu/h-x86_64-mingw32/bin/../lib/gcc/nios2-elf/5.3.0\libgcc.a(_clz.o)
 .data          0x0000000000050cb0        0x0 d:/intel/nios2eds/bin/gnu/h-x86_64-mingw32/bin/../lib/gcc/nios2-elf/5.3.0\libgcc.a(_clzsi2.o)
 .data          0x0000000000050cb0        0x0 ../CNN_accelerator_bsp/\libhal_bsp.a(alt_close.o)
 .data          0x0000000000050cb0      0x1a8 ../CNN_accelerator_bsp/\libhal_bsp.a(alt_dev.o)
                0x0000000000050cb0                alt_dev_null
                0x0000000000050cd8                alt_fd_list
 .data          0x0000000000050e58        0x0 ../CNN_accelerator_bsp/\libhal_bsp.a(alt_errno.o)
 .data          0x0000000000050e58        0x0 ../CNN_accelerator_bsp/\libhal_bsp.a(alt_fstat.o)
 .data          0x0000000000050e58        0x0 ../CNN_accelerator_bsp/\libhal_bsp.a(alt_isatty.o)
 .data          0x0000000000050e58        0x0 ../CNN_accelerator_bsp/\libhal_bsp.a(alt_load.o)
 .data          0x0000000000050e58        0x0 ../CNN_accelerator_bsp/\libhal_bsp.a(alt_lseek.o)
 .data          0x0000000000050e58        0x0 ../CNN_accelerator_bsp/\libhal_bsp.a(alt_main.o)
 .data          0x0000000000050e58        0x0 ../CNN_accelerator_bsp/\libhal_bsp.a(alt_malloc_lock.o)
 .data          0x0000000000050e58        0x0 ../CNN_accelerator_bsp/\libhal_bsp.a(alt_read.o)
 .data          0x0000000000050e58        0x0 ../CNN_accelerator_bsp/\libhal_bsp.a(alt_release_fd.o)
 .data          0x0000000000050e58        0x0 ../CNN_accelerator_bsp/\libhal_bsp.a(alt_sbrk.o)
 .data          0x0000000000050e58        0x0 ../CNN_accelerator_bsp/\libhal_bsp.a(alt_write.o)
 .data          0x0000000000050e58     0x1060 ../CNN_accelerator_bsp/\libhal_bsp.a(alt_sys_init.o)
 .data          0x0000000000051eb8        0x0 ../CNN_accelerator_bsp/\libhal_bsp.a(altera_avalon_jtag_uart_fd.o)
 .data          0x0000000000051eb8        0x0 ../CNN_accelerator_bsp/\libhal_bsp.a(altera_avalon_jtag_uart_init.o)
 .data          0x0000000000051eb8        0x0 ../CNN_accelerator_bsp/\libhal_bsp.a(altera_avalon_jtag_uart_ioctl.o)
 .data          0x0000000000051eb8        0x0 ../CNN_accelerator_bsp/\libhal_bsp.a(altera_avalon_jtag_uart_read.o)
 .data          0x0000000000051eb8        0x0 ../CNN_accelerator_bsp/\libhal_bsp.a(altera_avalon_jtag_uart_write.o)
 .data          0x0000000000051eb8        0x0 ../CNN_accelerator_bsp/\libhal_bsp.a(altera_avalon_performance_counter.o)
 .data          0x0000000000051eb8        0x0 ../CNN_accelerator_bsp/\libhal_bsp.a(altera_avalon_timer_sc.o)
 .data          0x0000000000051eb8        0x0 ../CNN_accelerator_bsp/\libhal_bsp.a(perf_print_formatted_report.o)
 .data          0x0000000000051eb8        0x0 ../CNN_accelerator_bsp/\libhal_bsp.a(alt_alarm_start.o)
 .data          0x0000000000051eb8        0x0 ../CNN_accelerator_bsp/\libhal_bsp.a(alt_dcache_flush_all.o)
 .data          0x0000000000051eb8        0x0 ../CNN_accelerator_bsp/\libhal_bsp.a(alt_dev_llist_insert.o)
 .data          0x0000000000051eb8        0x0 ../CNN_accelerator_bsp/\libhal_bsp.a(alt_do_ctors.o)
 .data          0x0000000000051eb8        0x0 ../CNN_accelerator_bsp/\libhal_bsp.a(alt_do_dtors.o)
 .data          0x0000000000051eb8        0x0 ../CNN_accelerator_bsp/\libhal_bsp.a(alt_icache_flush_all.o)
 .data          0x0000000000051eb8        0x0 ../CNN_accelerator_bsp/\libhal_bsp.a(alt_iic.o)
 .data          0x0000000000051eb8        0x0 ../CNN_accelerator_bsp/\libhal_bsp.a(alt_iic_isr_register.o)
 .data          0x0000000000051eb8        0x0 ../CNN_accelerator_bsp/\libhal_bsp.a(alt_io_redirect.o)
 .data          0x0000000000051eb8        0x0 ../CNN_accelerator_bsp/\libhal_bsp.a(alt_irq_entry.o)
 .data          0x0000000000051eb8        0x0 ../CNN_accelerator_bsp/\libhal_bsp.a(alt_irq_handler.o)
 .data          0x0000000000051eb8        0x0 ../CNN_accelerator_bsp/\libhal_bsp.a(alt_irq_vars.o)
 .data          0x0000000000051eb8        0x0 ../CNN_accelerator_bsp/\libhal_bsp.a(alt_open.o)
 .data          0x0000000000051eb8        0x0 ../CNN_accelerator_bsp/\libhal_bsp.a(alt_tick.o)
 .data          0x0000000000051eb8        0x0 ../CNN_accelerator_bsp/\libhal_bsp.a(altera_nios2_gen2_irq.o)
 .data          0x0000000000051eb8        0x0 ../CNN_accelerator_bsp/\libhal_bsp.a(alt_exception_entry.o)
 .data          0x0000000000051eb8        0x0 ../CNN_accelerator_bsp/\libhal_bsp.a(alt_find_dev.o)
 .data          0x0000000000051eb8        0x0 ../CNN_accelerator_bsp/\libhal_bsp.a(alt_find_file.o)
 .data          0x0000000000051eb8        0x0 ../CNN_accelerator_bsp/\libhal_bsp.a(alt_get_fd.o)
 .data          0x0000000000051eb8        0x0 ../CNN_accelerator_bsp/\libhal_bsp.a(alt_icache_flush.o)
 .data          0x0000000000051eb8        0x0 ../CNN_accelerator_bsp/\libhal_bsp.a(alt_instruction_exception_entry.o)
 .data          0x0000000000051eb8        0x0 d:/intel/nios2eds/bin/gnu/h-x86_64-mingw32/bin/../lib/gcc/nios2-elf/5.3.0/../../../../../H-x86_64-mingw32/nios2-elf/lib\libc.a(lib_a-atexit.o)
 .data          0x0000000000051eb8        0x0 d:/intel/nios2eds/bin/gnu/h-x86_64-mingw32/bin/../lib/gcc/nios2-elf/5.3.0/../../../../../H-x86_64-mingw32/nios2-elf/lib\libc.a(lib_a-exit.o)
 .data          0x0000000000051eb8        0x0 d:/intel/nios2eds/bin/gnu/h-x86_64-mingw32/bin/../lib/gcc/nios2-elf/5.3.0/../../../../../H-x86_64-mingw32/nios2-elf/lib\libc.a(lib_a-memcmp.o)
 .data          0x0000000000051eb8        0x0 d:/intel/nios2eds/bin/gnu/h-x86_64-mingw32/bin/../lib/gcc/nios2-elf/5.3.0/../../../../../H-x86_64-mingw32/nios2-elf/lib\libc.a(lib_a-__atexit.o)
 .data          0x0000000000051eb8        0x0 d:/intel/nios2eds/bin/gnu/h-x86_64-mingw32/bin/../lib/gcc/nios2-elf/5.3.0/../../../../../H-x86_64-mingw32/nios2-elf/lib\libc.a(lib_a-__call_atexit.o)
 .data          0x0000000000051eb8        0x0 d:/intel/nios2eds/bin/gnu/h-x86_64-mingw32/bin/../lib/gcc/nios2-elf/5.3.0\libgcc.a(_floatundidf.o)
 .data          0x0000000000051eb8        0x0 ../CNN_accelerator_bsp/\libhal_bsp.a(alt_exit.o)
                0x0000000000059eb8                _gp = ABSOLUTE ((. + 0x8000))
                [!provide]                        PROVIDE (gp, _gp)
 *(.rwdata .rwdata.*)
 *(.sdata .sdata.* .gnu.linkonce.s.*)
 .sdata         0x0000000000051eb8        0x2 obj/default/test_image.o
                0x0000000000051eb8                testImage1Label
 *fill*         0x0000000000051eba        0x2 
 .sdata._global_impure_ptr
                0x0000000000051ebc        0x4 d:/intel/nios2eds/bin/gnu/h-x86_64-mingw32/bin/../lib/gcc/nios2-elf/5.3.0/../../../../../H-x86_64-mingw32/nios2-elf/lib\libc.a(lib_a-impure.o)
                0x0000000000051ebc                _global_impure_ptr
 .sdata._impure_ptr
                0x0000000000051ec0        0x4 d:/intel/nios2eds/bin/gnu/h-x86_64-mingw32/bin/../lib/gcc/nios2-elf/5.3.0/../../../../../H-x86_64-mingw32/nios2-elf/lib\libc.a(lib_a-impure.o)
                0x0000000000051ec0                _impure_ptr
 .sdata.__mb_cur_max
                0x0000000000051ec4        0x4 d:/intel/nios2eds/bin/gnu/h-x86_64-mingw32/bin/../lib/gcc/nios2-elf/5.3.0/../../../../../H-x86_64-mingw32/nios2-elf/lib\libc.a(lib_a-locale.o)
                0x0000000000051ec4                __mb_cur_max
 .sdata.__malloc_sbrk_base
                0x0000000000051ec8        0x4 d:/intel/nios2eds/bin/gnu/h-x86_64-mingw32/bin/../lib/gcc/nios2-elf/5.3.0/../../../../../H-x86_64-mingw32/nios2-elf/lib\libc.a(lib_a-mallocr.o)
                0x0000000000051ec8                __malloc_sbrk_base
 .sdata.__malloc_trim_threshold
                0x0000000000051ecc        0x4 d:/intel/nios2eds/bin/gnu/h-x86_64-mingw32/bin/../lib/gcc/nios2-elf/5.3.0/../../../../../H-x86_64-mingw32/nios2-elf/lib\libc.a(lib_a-mallocr.o)
                0x0000000000051ecc                __malloc_trim_threshold
 .sdata.__wctomb
                0x0000000000051ed0        0x4 d:/intel/nios2eds/bin/gnu/h-x86_64-mingw32/bin/../lib/gcc/nios2-elf/5.3.0/../../../../../H-x86_64-mingw32/nios2-elf/lib\libc.a(lib_a-wctomb_r.o)
                0x0000000000051ed0                __wctomb
 .sdata         0x0000000000051ed4       0x14 ../CNN_accelerator_bsp/\libhal_bsp.a(alt_dev.o)
                0x0000000000051ed4                alt_fs_list
                0x0000000000051edc                alt_dev_list
                0x0000000000051ee4                alt_max_fd
 .sdata         0x0000000000051ee8        0x4 ../CNN_accelerator_bsp/\libhal_bsp.a(alt_errno.o)
                0x0000000000051ee8                alt_errno
 .sdata         0x0000000000051eec        0x4 ../CNN_accelerator_bsp/\libhal_bsp.a(alt_sbrk.o)
 .sdata         0x0000000000051ef0        0x4 ../CNN_accelerator_bsp/\libhal_bsp.a(alt_irq_vars.o)
                0x0000000000051ef0                alt_priority_mask
 .sdata         0x0000000000051ef4        0x8 ../CNN_accelerator_bsp/\libhal_bsp.a(alt_tick.o)
                0x0000000000051ef4                alt_alarm_list
 *(.sdata2 .sdata2.* .gnu.linkonce.s2.*)
                0x0000000000051efc                . = ALIGN (0x4)
                0x0000000000051efc                _edata = ABSOLUTE (.)
                [!provide]                        PROVIDE (edata, ABSOLUTE (.))
                0x0000000000051efc                PROVIDE (__ram_rwdata_end, ABSOLUTE (.))
                0x0000000000051efc                PROVIDE (__flash_rwdata_start, LOADADDR (.rwdata))

.bss            0x000000000005406c      0x160
                0x000000000005406c                __bss_start = ABSOLUTE (.)
                [!provide]                        PROVIDE (__sbss_start, ABSOLUTE (.))
                [!provide]                        PROVIDE (___sbss_start, ABSOLUTE (.))
 *(.dynsbss)
 *(.sbss .sbss.* .gnu.linkonce.sb.*)
 .sbss._PathLocale
                0x000000000005406c        0x4 d:/intel/nios2eds/bin/gnu/h-x86_64-mingw32/bin/../lib/gcc/nios2-elf/5.3.0/../../../../../H-x86_64-mingw32/nios2-elf/lib\libc.a(lib_a-locale.o)
                0x000000000005406c                _PathLocale
 .sbss.__mlocale_changed
                0x0000000000054070        0x4 d:/intel/nios2eds/bin/gnu/h-x86_64-mingw32/bin/../lib/gcc/nios2-elf/5.3.0/../../../../../H-x86_64-mingw32/nios2-elf/lib\libc.a(lib_a-locale.o)
                0x0000000000054070                __mlocale_changed
 .sbss.__nlocale_changed
                0x0000000000054074        0x4 d:/intel/nios2eds/bin/gnu/h-x86_64-mingw32/bin/../lib/gcc/nios2-elf/5.3.0/../../../../../H-x86_64-mingw32/nios2-elf/lib\libc.a(lib_a-locale.o)
                0x0000000000054074                __nlocale_changed
 .sbss.__malloc_max_total_mem
                0x0000000000054078        0x4 d:/intel/nios2eds/bin/gnu/h-x86_64-mingw32/bin/../lib/gcc/nios2-elf/5.3.0/../../../../../H-x86_64-mingw32/nios2-elf/lib\libc.a(lib_a-mallocr.o)
                0x0000000000054078                __malloc_max_total_mem
 .sbss.__malloc_max_sbrked_mem
                0x000000000005407c        0x4 d:/intel/nios2eds/bin/gnu/h-x86_64-mingw32/bin/../lib/gcc/nios2-elf/5.3.0/../../../../../H-x86_64-mingw32/nios2-elf/lib\libc.a(lib_a-mallocr.o)
                0x000000000005407c                __malloc_max_sbrked_mem
 .sbss.__malloc_top_pad
                0x0000000000054080        0x4 d:/intel/nios2eds/bin/gnu/h-x86_64-mingw32/bin/../lib/gcc/nios2-elf/5.3.0/../../../../../H-x86_64-mingw32/nios2-elf/lib\libc.a(lib_a-mallocr.o)
                0x0000000000054080                __malloc_top_pad
 .sbss          0x0000000000054084        0x4 d:/intel/nios2eds/bin/gnu/h-x86_64-mingw32/bin/../lib/gcc/nios2-elf/5.3.0/../../../../../H-x86_64-mingw32/nios2-elf/lib\libc.a(lib_a-int_errno.o)
                0x0000000000054084                errno
 .sbss          0x0000000000054088        0xc ../CNN_accelerator_bsp/\libhal_bsp.a(alt_main.o)
                0x0000000000054088                alt_argc
                0x000000000005408c                alt_argv
                0x0000000000054090                alt_envp
 .sbss          0x0000000000054094        0x4 ../CNN_accelerator_bsp/\libhal_bsp.a(alt_irq_vars.o)
                0x0000000000054094                alt_irq_active
 .sbss          0x0000000000054098        0x8 ../CNN_accelerator_bsp/\libhal_bsp.a(alt_tick.o)
                0x0000000000054098                _alt_tick_rate
                0x000000000005409c                _alt_nticks
 .sbss          0x00000000000540a0        0x4 ../CNN_accelerator_bsp/\libhal_bsp.a(alt_instruction_exception_entry.o)
                0x00000000000540a0                alt_instruction_exception_handler
 *(.sbss2 .sbss2.* .gnu.linkonce.sb2.*)
 *(.scommon)
                [!provide]                        PROVIDE (__sbss_end, ABSOLUTE (.))
                [!provide]                        PROVIDE (___sbss_end, ABSOLUTE (.))
 *(.dynbss)
 *(.bss .bss.* .gnu.linkonce.b.*)
 .bss           0x00000000000540a4        0x0 ../CNN_accelerator_bsp//obj/HAL/src/crt0.o
 .bss           0x00000000000540a4        0x0 obj/default/hello_world.o
 .bss           0x00000000000540a4        0x0 obj/default/nn_weights.o
 .bss           0x00000000000540a4        0x0 obj/default/test_image.o
 .bss           0x00000000000540a4        0x0 d:/intel/nios2eds/bin/gnu/h-x86_64-mingw32/bin/../lib/gcc/nios2-elf/5.3.0/../../../../../H-x86_64-mingw32/nios2-elf/lib\libc.a(lib_a-printf.o)
 .bss           0x00000000000540a4        0x0 d:/intel/nios2eds/bin/gnu/h-x86_64-mingw32/bin/../lib/gcc/nios2-elf/5.3.0/../../../../../H-x86_64-mingw32/nios2-elf/lib\libc.a(lib_a-vfprintf.o)
 .bss           0x00000000000540a4        0x0 d:/intel/nios2eds/bin/gnu/h-x86_64-mingw32/bin/../lib/gcc/nios2-elf/5.3.0/../../../../../H-x86_64-mingw32/nios2-elf/lib\libc.a(lib_a-wsetup.o)
 .bss           0x00000000000540a4        0x0 d:/intel/nios2eds/bin/gnu/h-x86_64-mingw32/bin/../lib/gcc/nios2-elf/5.3.0/../../../../../H-x86_64-mingw32/nios2-elf/lib\libc.a(lib_a-dtoa.o)
 .bss           0x00000000000540a4        0x0 d:/intel/nios2eds/bin/gnu/h-x86_64-mingw32/bin/../lib/gcc/nios2-elf/5.3.0/../../../../../H-x86_64-mingw32/nios2-elf/lib\libc.a(lib_a-fflush.o)
 .bss           0x00000000000540a4        0x0 d:/intel/nios2eds/bin/gnu/h-x86_64-mingw32/bin/../lib/gcc/nios2-elf/5.3.0/../../../../../H-x86_64-mingw32/nios2-elf/lib\libc.a(lib_a-findfp.o)
 .bss           0x00000000000540a4        0x0 d:/intel/nios2eds/bin/gnu/h-x86_64-mingw32/bin/../lib/gcc/nios2-elf/5.3.0/../../../../../H-x86_64-mingw32/nios2-elf/lib\libc.a(lib_a-freer.o)
 .bss           0x00000000000540a4        0x0 d:/intel/nios2eds/bin/gnu/h-x86_64-mingw32/bin/../lib/gcc/nios2-elf/5.3.0/../../../../../H-x86_64-mingw32/nios2-elf/lib\libc.a(lib_a-fwalk.o)
 .bss           0x00000000000540a4        0x0 d:/intel/nios2eds/bin/gnu/h-x86_64-mingw32/bin/../lib/gcc/nios2-elf/5.3.0/../../../../../H-x86_64-mingw32/nios2-elf/lib\libc.a(lib_a-impure.o)
 .bss           0x00000000000540a4        0x0 d:/intel/nios2eds/bin/gnu/h-x86_64-mingw32/bin/../lib/gcc/nios2-elf/5.3.0/../../../../../H-x86_64-mingw32/nios2-elf/lib\libc.a(lib_a-locale.o)
 .bss           0x00000000000540a4        0x0 d:/intel/nios2eds/bin/gnu/h-x86_64-mingw32/bin/../lib/gcc/nios2-elf/5.3.0/../../../../../H-x86_64-mingw32/nios2-elf/lib\libc.a(lib_a-makebuf.o)
 .bss           0x00000000000540a4        0x0 d:/intel/nios2eds/bin/gnu/h-x86_64-mingw32/bin/../lib/gcc/nios2-elf/5.3.0/../../../../../H-x86_64-mingw32/nios2-elf/lib\libc.a(lib_a-mallocr.o)
 .bss.__malloc_current_mallinfo
                0x00000000000540a4       0x28 d:/intel/nios2eds/bin/gnu/h-x86_64-mingw32/bin/../lib/gcc/nios2-elf/5.3.0/../../../../../H-x86_64-mingw32/nios2-elf/lib\libc.a(lib_a-mallocr.o)
                0x00000000000540a4                __malloc_current_mallinfo
 .bss           0x00000000000540cc        0x0 d:/intel/nios2eds/bin/gnu/h-x86_64-mingw32/bin/../lib/gcc/nios2-elf/5.3.0/../../../../../H-x86_64-mingw32/nios2-elf/lib\libc.a(lib_a-memchr.o)
 .bss           0x00000000000540cc        0x0 d:/intel/nios2eds/bin/gnu/h-x86_64-mingw32/bin/../lib/gcc/nios2-elf/5.3.0/../../../../../H-x86_64-mingw32/nios2-elf/lib\libc.a(lib_a-memcpy.o)
 .bss           0x00000000000540cc        0x0 d:/intel/nios2eds/bin/gnu/h-x86_64-mingw32/bin/../lib/gcc/nios2-elf/5.3.0/../../../../../H-x86_64-mingw32/nios2-elf/lib\libc.a(lib_a-memset.o)
 .bss           0x00000000000540cc        0x0 d:/intel/nios2eds/bin/gnu/h-x86_64-mingw32/bin/../lib/gcc/nios2-elf/5.3.0/../../../../../H-x86_64-mingw32/nios2-elf/lib\libc.a(lib_a-mprec.o)
 .bss           0x00000000000540cc        0x0 d:/intel/nios2eds/bin/gnu/h-x86_64-mingw32/bin/../lib/gcc/nios2-elf/5.3.0/../../../../../H-x86_64-mingw32/nios2-elf/lib\libc.a(lib_a-s_fpclassify.o)
 .bss           0x00000000000540cc        0x0 d:/intel/nios2eds/bin/gnu/h-x86_64-mingw32/bin/../lib/gcc/nios2-elf/5.3.0/../../../../../H-x86_64-mingw32/nios2-elf/lib\libc.a(lib_a-sbrkr.o)
 .bss           0x00000000000540cc        0x0 d:/intel/nios2eds/bin/gnu/h-x86_64-mingw32/bin/../lib/gcc/nios2-elf/5.3.0/../../../../../H-x86_64-mingw32/nios2-elf/lib\libc.a(lib_a-stdio.o)
 .bss           0x00000000000540cc        0x0 d:/intel/nios2eds/bin/gnu/h-x86_64-mingw32/bin/../lib/gcc/nios2-elf/5.3.0/../../../../../H-x86_64-mingw32/nios2-elf/lib\libc.a(lib_a-strcmp.o)
 .bss           0x00000000000540cc        0x0 d:/intel/nios2eds/bin/gnu/h-x86_64-mingw32/bin/../lib/gcc/nios2-elf/5.3.0/../../../../../H-x86_64-mingw32/nios2-elf/lib\libc.a(lib_a-strlen.o)
 .bss           0x00000000000540cc        0x0 d:/intel/nios2eds/bin/gnu/h-x86_64-mingw32/bin/../lib/gcc/nios2-elf/5.3.0/../../../../../H-x86_64-mingw32/nios2-elf/lib\libc.a(lib_a-vfiprintf.o)
 .bss           0x00000000000540cc        0x0 d:/intel/nios2eds/bin/gnu/h-x86_64-mingw32/bin/../lib/gcc/nios2-elf/5.3.0/../../../../../H-x86_64-mingw32/nios2-elf/lib\libc.a(lib_a-writer.o)
 .bss           0x00000000000540cc        0x0 d:/intel/nios2eds/bin/gnu/h-x86_64-mingw32/bin/../lib/gcc/nios2-elf/5.3.0/../../../../../H-x86_64-mingw32/nios2-elf/lib\libc.a(closer.o)
 .bss           0x00000000000540cc        0x0 d:/intel/nios2eds/bin/gnu/h-x86_64-mingw32/bin/../lib/gcc/nios2-elf/5.3.0/../../../../../H-x86_64-mingw32/nios2-elf/lib\libc.a(lib_a-callocr.o)
 .bss           0x00000000000540cc        0x0 d:/intel/nios2eds/bin/gnu/h-x86_64-mingw32/bin/../lib/gcc/nios2-elf/5.3.0/../../../../../H-x86_64-mingw32/nios2-elf/lib\libc.a(lib_a-fclose.o)
 .bss           0x00000000000540cc        0x0 d:/intel/nios2eds/bin/gnu/h-x86_64-mingw32/bin/../lib/gcc/nios2-elf/5.3.0/../../../../../H-x86_64-mingw32/nios2-elf/lib\libc.a(lib_a-fputwc.o)
 .bss           0x00000000000540cc        0x0 d:/intel/nios2eds/bin/gnu/h-x86_64-mingw32/bin/../lib/gcc/nios2-elf/5.3.0/../../../../../H-x86_64-mingw32/nios2-elf/lib\libc.a(lib_a-fstatr.o)
 .bss           0x00000000000540cc        0x0 d:/intel/nios2eds/bin/gnu/h-x86_64-mingw32/bin/../lib/gcc/nios2-elf/5.3.0/../../../../../H-x86_64-mingw32/nios2-elf/lib\libc.a(lib_a-fvwrite.o)
 .bss           0x00000000000540cc        0x0 d:/intel/nios2eds/bin/gnu/h-x86_64-mingw32/bin/../lib/gcc/nios2-elf/5.3.0/../../../../../H-x86_64-mingw32/nios2-elf/lib\libc.a(lib_a-int_errno.o)
 .bss           0x00000000000540cc        0x0 d:/intel/nios2eds/bin/gnu/h-x86_64-mingw32/bin/../lib/gcc/nios2-elf/5.3.0/../../../../../H-x86_64-mingw32/nios2-elf/lib\libc.a(lib_a-isattyr.o)
 .bss           0x00000000000540cc        0x0 d:/intel/nios2eds/bin/gnu/h-x86_64-mingw32/bin/../lib/gcc/nios2-elf/5.3.0/../../../../../H-x86_64-mingw32/nios2-elf/lib\libc.a(lib_a-lseekr.o)
 .bss           0x00000000000540cc        0x0 d:/intel/nios2eds/bin/gnu/h-x86_64-mingw32/bin/../lib/gcc/nios2-elf/5.3.0/../../../../../H-x86_64-mingw32/nios2-elf/lib\libc.a(lib_a-memmove.o)
 .bss           0x00000000000540cc        0x0 d:/intel/nios2eds/bin/gnu/h-x86_64-mingw32/bin/../lib/gcc/nios2-elf/5.3.0/../../../../../H-x86_64-mingw32/nios2-elf/lib\libc.a(lib_a-readr.o)
 .bss           0x00000000000540cc        0x0 d:/intel/nios2eds/bin/gnu/h-x86_64-mingw32/bin/../lib/gcc/nios2-elf/5.3.0/../../../../../H-x86_64-mingw32/nios2-elf/lib\libc.a(lib_a-reallocr.o)
 .bss           0x00000000000540cc        0x0 d:/intel/nios2eds/bin/gnu/h-x86_64-mingw32/bin/../lib/gcc/nios2-elf/5.3.0/../../../../../H-x86_64-mingw32/nios2-elf/lib\libc.a(lib_a-wbuf.o)
 .bss           0x00000000000540cc        0x0 d:/intel/nios2eds/bin/gnu/h-x86_64-mingw32/bin/../lib/gcc/nios2-elf/5.3.0/../../../../../H-x86_64-mingw32/nios2-elf/lib\libc.a(lib_a-wcrtomb.o)
 .bss           0x00000000000540cc        0x0 d:/intel/nios2eds/bin/gnu/h-x86_64-mingw32/bin/../lib/gcc/nios2-elf/5.3.0/../../../../../H-x86_64-mingw32/nios2-elf/lib\libc.a(lib_a-wctomb_r.o)
 .bss           0x00000000000540cc        0x0 d:/intel/nios2eds/bin/gnu/h-x86_64-mingw32/bin/../lib/gcc/nios2-elf/5.3.0\libgcc.a(_udivdi3.o)
 .bss           0x00000000000540cc        0x0 d:/intel/nios2eds/bin/gnu/h-x86_64-mingw32/bin/../lib/gcc/nios2-elf/5.3.0\libgcc.a(_umoddi3.o)
 .bss           0x00000000000540cc        0x0 d:/intel/nios2eds/bin/gnu/h-x86_64-mingw32/bin/../lib/gcc/nios2-elf/5.3.0\libgcc.a(lib2-divmod.o)
 .bss           0x00000000000540cc        0x0 d:/intel/nios2eds/bin/gnu/h-x86_64-mingw32/bin/../lib/gcc/nios2-elf/5.3.0\libgcc.a(adddf3.o)
 .bss           0x00000000000540cc        0x0 d:/intel/nios2eds/bin/gnu/h-x86_64-mingw32/bin/../lib/gcc/nios2-elf/5.3.0\libgcc.a(divdf3.o)
 .bss           0x00000000000540cc        0x0 d:/intel/nios2eds/bin/gnu/h-x86_64-mingw32/bin/../lib/gcc/nios2-elf/5.3.0\libgcc.a(eqdf2.o)
 .bss           0x00000000000540cc        0x0 d:/intel/nios2eds/bin/gnu/h-x86_64-mingw32/bin/../lib/gcc/nios2-elf/5.3.0\libgcc.a(gedf2.o)
 .bss           0x00000000000540cc        0x0 d:/intel/nios2eds/bin/gnu/h-x86_64-mingw32/bin/../lib/gcc/nios2-elf/5.3.0\libgcc.a(ledf2.o)
 .bss           0x00000000000540cc        0x0 d:/intel/nios2eds/bin/gnu/h-x86_64-mingw32/bin/../lib/gcc/nios2-elf/5.3.0\libgcc.a(muldf3.o)
 .bss           0x00000000000540cc        0x0 d:/intel/nios2eds/bin/gnu/h-x86_64-mingw32/bin/../lib/gcc/nios2-elf/5.3.0\libgcc.a(subdf3.o)
 .bss           0x00000000000540cc        0x0 d:/intel/nios2eds/bin/gnu/h-x86_64-mingw32/bin/../lib/gcc/nios2-elf/5.3.0\libgcc.a(fixdfsi.o)
 .bss           0x00000000000540cc        0x0 d:/intel/nios2eds/bin/gnu/h-x86_64-mingw32/bin/../lib/gcc/nios2-elf/5.3.0\libgcc.a(floatsidf.o)
 .bss           0x00000000000540cc        0x0 d:/intel/nios2eds/bin/gnu/h-x86_64-mingw32/bin/../lib/gcc/nios2-elf/5.3.0\libgcc.a(floatunsidf.o)
 .bss           0x00000000000540cc        0x0 d:/intel/nios2eds/bin/gnu/h-x86_64-mingw32/bin/../lib/gcc/nios2-elf/5.3.0\libgcc.a(_clz.o)
 .bss           0x00000000000540cc        0x0 d:/intel/nios2eds/bin/gnu/h-x86_64-mingw32/bin/../lib/gcc/nios2-elf/5.3.0\libgcc.a(_clzsi2.o)
 .bss           0x00000000000540cc        0x0 ../CNN_accelerator_bsp/\libhal_bsp.a(alt_close.o)
 .bss           0x00000000000540cc        0x0 ../CNN_accelerator_bsp/\libhal_bsp.a(alt_dev.o)
 .bss           0x00000000000540cc        0x0 ../CNN_accelerator_bsp/\libhal_bsp.a(alt_errno.o)
 .bss           0x00000000000540cc        0x0 ../CNN_accelerator_bsp/\libhal_bsp.a(alt_fstat.o)
 .bss           0x00000000000540cc        0x0 ../CNN_accelerator_bsp/\libhal_bsp.a(alt_isatty.o)
 .bss           0x00000000000540cc        0x0 ../CNN_accelerator_bsp/\libhal_bsp.a(alt_load.o)
 .bss           0x00000000000540cc        0x0 ../CNN_accelerator_bsp/\libhal_bsp.a(alt_lseek.o)
 .bss           0x00000000000540cc        0x0 ../CNN_accelerator_bsp/\libhal_bsp.a(alt_main.o)
 .bss           0x00000000000540cc        0x0 ../CNN_accelerator_bsp/\libhal_bsp.a(alt_malloc_lock.o)
 .bss           0x00000000000540cc        0x0 ../CNN_accelerator_bsp/\libhal_bsp.a(alt_read.o)
 .bss           0x00000000000540cc        0x0 ../CNN_accelerator_bsp/\libhal_bsp.a(alt_release_fd.o)
 .bss           0x00000000000540cc        0x0 ../CNN_accelerator_bsp/\libhal_bsp.a(alt_sbrk.o)
 .bss           0x00000000000540cc        0x0 ../CNN_accelerator_bsp/\libhal_bsp.a(alt_write.o)
 .bss           0x00000000000540cc        0x0 ../CNN_accelerator_bsp/\libhal_bsp.a(alt_sys_init.o)
 .bss           0x00000000000540cc        0x0 ../CNN_accelerator_bsp/\libhal_bsp.a(altera_avalon_jtag_uart_fd.o)
 .bss           0x00000000000540cc        0x0 ../CNN_accelerator_bsp/\libhal_bsp.a(altera_avalon_jtag_uart_init.o)
 .bss           0x00000000000540cc        0x0 ../CNN_accelerator_bsp/\libhal_bsp.a(altera_avalon_jtag_uart_ioctl.o)
 .bss           0x00000000000540cc        0x0 ../CNN_accelerator_bsp/\libhal_bsp.a(altera_avalon_jtag_uart_read.o)
 .bss           0x00000000000540cc        0x0 ../CNN_accelerator_bsp/\libhal_bsp.a(altera_avalon_jtag_uart_write.o)
 .bss           0x00000000000540cc        0x0 ../CNN_accelerator_bsp/\libhal_bsp.a(altera_avalon_performance_counter.o)
 .bss           0x00000000000540cc        0x0 ../CNN_accelerator_bsp/\libhal_bsp.a(altera_avalon_timer_sc.o)
 .bss           0x00000000000540cc        0x0 ../CNN_accelerator_bsp/\libhal_bsp.a(perf_print_formatted_report.o)
 .bss           0x00000000000540cc        0x0 ../CNN_accelerator_bsp/\libhal_bsp.a(alt_alarm_start.o)
 .bss           0x00000000000540cc        0x0 ../CNN_accelerator_bsp/\libhal_bsp.a(alt_dcache_flush_all.o)
 .bss           0x00000000000540cc        0x0 ../CNN_accelerator_bsp/\libhal_bsp.a(alt_dev_llist_insert.o)
 .bss           0x00000000000540cc        0x0 ../CNN_accelerator_bsp/\libhal_bsp.a(alt_do_ctors.o)
 .bss           0x00000000000540cc        0x0 ../CNN_accelerator_bsp/\libhal_bsp.a(alt_do_dtors.o)
 .bss           0x00000000000540cc        0x0 ../CNN_accelerator_bsp/\libhal_bsp.a(alt_icache_flush_all.o)